{
  _type: 'deployment',
  tags: null,
  links: null,
  _stage: 'layouted',
  sourcePath: 'docs/architecture/diagram/infrastructure/views.c4',
  description: {
    md: 'Физическое развёртывание ИС мониторинга теплиц: периметр **HTTPS 443** (SPA+API, Identity, go2rtc) и отдельный **периметр MQTT** к RabbitMQ; **реплики** веб/API, Identity, SavingService, go2rtc (live/history), MinIO distributed, Vault Raft — см. узлы и сводку в `production-deployment.c4`; HA RabbitMQ, PostgreSQL primary/replica, **ClickHouse (2 ноды) + Keeper**, **Redis + Sentinel**.\r\n\r\nОбоснование нагрузки и числа узлов: **docs/architecture/calc_architecture.md**.',
  },
  title: 'Развёртывание: production',
  id: 'production_deployment',
  autoLayout: {
    direction: 'LR',
  },
  notation: {
    nodes: [
      {
        title: 'Kubernetes Deployment (ReplicaSet → Pods)',
        shape: 'rectangle',
        color: 'indigo',
        kinds: [
          'deployment',
        ],
      },
      {
        title: 'Балансировщик нагрузки / reverse proxy',
        shape: 'rectangle',
        color: 'primary',
        kinds: [
          'load_balancer',
        ],
      },
      {
        title: 'Виртуальная машина / узел данных',
        shape: 'rectangle',
        color: 'primary',
        kinds: [
          'vm',
        ],
      },
    ],
  },
  hash: 'x--WZhD8yoBQZowIPeKAEw5ifQtZcgwyn4I2rLvrHr0',
  bounds: {
    x: -228,
    y: 1890,
    width: 4191,
    height: 2962,
  },
  nodes: [
    {
      id: 'production.private',
      parent: null,
      level: 0,
      children: [
        'production.private.k8s',
        'production.private.relational',
        'production.private.clickhouse',
        'production.private.identity_db',
      ],
      inEdges: [
        'ons4h8',
        '1gh15lt',
        '1gh48ep',
        'dwpgqt',
        '4z6wu7',
      ],
      outEdges: [],
      deploymentRef: 'production.private',
      title: 'Приватная сеть (VPC / data center)',
      kind: 'zone',
      color: 'gray',
      shape: 'rectangle',
      tags: [],
      style: {
        opacity: 15,
        size: 'md',
      },
      depth: 4,
      x: 551,
      y: 2200,
      width: 3392,
      height: 2632,
      labelBBox: {
        x: 6,
        y: 0,
        width: 208,
        height: 15,
      },
      navigateTo: null,
      links: null,
    },
    {
      id: 'production.private.k8s',
      parent: 'production.private',
      level: 1,
      children: [
        'production.private.k8s.app',
        'production.private.k8s.messaging',
        'production.private.k8s.redis_ha',
      ],
      inEdges: [
        'ons4h8',
        '1gh15lt',
        '1gh48ep',
        'dwpgqt',
        '4z6wu7',
      ],
      outEdges: [
        '12zyxb4',
        '5jcmvg',
        '1kslg7l',
        'f4tstu',
        'bk9hqu',
        '1an70dx',
        '4tlt2',
      ],
      deploymentRef: 'production.private.k8s',
      title: 'Kubernetes cluster',
      kind: 'kubernetes',
      color: 'primary',
      shape: 'rectangle',
      icon: 'tech:kubernetes',
      description: {
        txt: 'Прикладные поды, MinIO, Vault, Redis и RabbitMQ (MQTT/AMQP) — в одном кластере (изоляция по namespace при необходимости).',
      },
      tags: [],
      style: {
        opacity: 15,
        size: 'md',
      },
      depth: 3,
      x: 593,
      y: 2260,
      width: 2721,
      height: 2212,
      labelBBox: {
        x: 6,
        y: 0,
        width: 135,
        height: 15,
      },
      navigateTo: null,
      links: null,
    },
    {
      id: 'production.private.k8s.app',
      parent: 'production.private.k8s',
      level: 2,
      children: [
        'production.private.k8s.app.saving',
        'production.private.k8s.app.webapp',
        'production.private.k8s.app.webrtc_live',
        'production.private.k8s.app.webrtc_hist',
        'production.private.k8s.app.identity_webapp',
        'production.private.k8s.app.minio',
        'production.private.k8s.app.vault_secrets',
      ],
      inEdges: [
        'ons4h8',
        '1gh15lt',
        '1gh48ep',
        'dwpgqt',
      ],
      outEdges: [
        '174ze2a',
        'pz1qhq',
        '4gw842',
        '1biulht',
        'ebsfp1',
        '1cw134p',
        '12zyxb4',
        '5jcmvg',
        '1kslg7l',
        'f4tstu',
        'bk9hqu',
        '1an70dx',
        '4tlt2',
      ],
      deploymentRef: 'production.private.k8s.app',
      title: 'Сервисы приложения и in-cluster зависимости',
      kind: 'zone',
      color: 'gray',
      shape: 'rectangle',
      tags: [],
      style: {
        opacity: 15,
        size: 'md',
      },
      depth: 2,
      x: 635,
      y: 2817,
      width: 1999,
      height: 1613,
      labelBBox: {
        x: 6,
        y: 0,
        width: 260,
        height: 15,
      },
      navigateTo: null,
      links: null,
    },
    {
      id: 'production.private.k8s.app.saving',
      parent: 'production.private.k8s.app',
      level: 3,
      children: [
        'production.private.k8s.app.saving.cnt_gm_savingservice',
      ],
      inEdges: [],
      outEdges: [
        '4gw842',
        '1biulht',
        'ebsfp1',
        '1cw134p',
        'bk9hqu',
        '1an70dx',
      ],
      deploymentRef: 'production.private.k8s.app.saving',
      title: 'SavingService',
      kind: 'deployment',
      notation: 'Kubernetes Deployment (ReplicaSet → Pods)',
      color: 'indigo',
      shape: 'rectangle',
      modelRef: 'greenhouse_system.cnt_gm_savingservice',
      tags: [],
      style: {
        opacity: 15,
        size: 'md',
      },
      depth: 1,
      x: 2109,
      y: 2877,
      width: 483,
      height: 282,
      labelBBox: {
        x: 6,
        y: 0,
        width: 94,
        height: 15,
      },
      navigateTo: null,
      links: null,
      description: {
        md: 'Потребитель **AMQP**; горизонтально масштабируемый stateless-воркер.\r\n\r\n**Реплики:** `replicas: 2` (минимум для переживаемости сбоев узла/пода и rolling update без простоя обработки очереди; при росте нагрузки — увеличение `replicas` и/или HPA).',
      },
      technology: 'Kubernetes Deployment',
    },
    {
      id: 'production.edge',
      parent: null,
      level: 0,
      children: [],
      inEdges: [],
      outEdges: [
        'ons4h8',
        '1gh15lt',
        '1gh48ep',
        'dwpgqt',
      ],
      deploymentRef: 'production.edge',
      title: 'Периметр (reverse proxy / L7)',
      kind: 'load_balancer',
      technology: 'Nginx, Traefik, Envoy или облачный ALB/NLB',
      notation: 'Балансировщик нагрузки / reverse proxy',
      color: 'primary',
      shape: 'rectangle',
      icon: 'tech:nginx',
      description: {
        md: 'TLS termination, маршрутизация по **Host/Path** на upstream: **CNT_GM_Web**+**CNT_GM_WebAPI**, **Identity**, **go2rtc** (live/history); WebSocket (GraphQL, сигналинг WebRTC). Health checks upstream (см. calc_architecture.md, «Балансировка нагрузки»).\r\n\r\nОдин периметрный объект на схеме; фактически — правила Ingress/маршрутов к разным Service в кластере.',
      },
      tags: [],
      style: {
        opacity: 15,
        size: 'md',
      },
      x: -208,
      y: 3590,
      width: 422,
      height: 180,
      labelBBox: {
        x: 46,
        y: 19,
        width: 361,
        height: 139,
      },
      navigateTo: null,
      links: null,
    },
    {
      id: 'production.edge_mqtt',
      parent: null,
      level: 0,
      children: [],
      inEdges: [],
      outEdges: [
        '4z6wu7',
      ],
      deploymentRef: 'production.edge_mqtt',
      title: 'Периметр MQTT (контроллеры)',
      kind: 'load_balancer',
      technology: 'NLB / Ingress TCP / reverse proxy stream',
      notation: 'Балансировщик нагрузки / reverse proxy',
      color: 'primary',
      shape: 'rectangle',
      icon: 'tech:nginx',
      description: {
        txt: 'Терминация **TLS** и проксирование **MQTT** к кластеру RabbitMQ (плагин MQTT). Типичный порт **8883/TCP** (или политика сети/фаервола — в ТП); контроллеры — см. CNT_Digital_Controller.',
      },
      tags: [],
      style: {
        opacity: 15,
        size: 'md',
      },
      x: 2770,
      y: 1910,
      width: 416,
      height: 180,
      labelBBox: {
        x: 45,
        y: 19,
        width: 355,
        height: 139,
      },
      navigateTo: null,
      links: null,
    },
    {
      id: 'production.private.k8s.app.saving.cnt_gm_savingservice',
      parent: 'production.private.k8s.app.saving',
      level: 4,
      children: [],
      inEdges: [],
      outEdges: [
        '4gw842',
        '1biulht',
        'ebsfp1',
        '1cw134p',
        'bk9hqu',
        '1an70dx',
      ],
      kind: 'instance',
      title: 'CNT_GM_SavingService',
      description: {
        txt: 'Сервис получения данных по датчикам и сохранения их в ClickHouse',
      },
      technology: 'ASP.NET Core, .NET 10',
      tags: [],
      icon: 'tech:dotnet',
      color: 'primary',
      shape: 'rectangle',
      style: {
        opacity: 15,
        size: 'md',
      },
      deploymentRef: 'production.private.k8s.app.saving.cnt_gm_savingservice',
      modelRef: 'greenhouse_system.cnt_gm_savingservice',
      x: 2151,
      y: 2937,
      width: 399,
      height: 180,
      labelBBox: {
        x: 46,
        y: 46,
        width: 337,
        height: 85,
      },
      navigateTo: null,
      links: null,
    },
    {
      id: 'production.private.k8s.app.webapp',
      parent: 'production.private.k8s.app',
      level: 3,
      children: [
        'production.private.k8s.app.webapp.web',
        'production.private.k8s.app.webapp.api',
      ],
      inEdges: [
        'ons4h8',
      ],
      outEdges: [
        '87y0en',
        'b1dbpj',
        'jecrfn',
        '174ze2a',
        'pz1qhq',
        '12zyxb4',
        '5jcmvg',
        '1kslg7l',
        'f4tstu',
      ],
      deploymentRef: 'production.private.k8s.app.webapp',
      title: 'Веб + API (основное приложение)',
      kind: 'deployment',
      technology: 'Kubernetes Deployment / ReplicaSet',
      notation: 'Kubernetes Deployment (ReplicaSet → Pods)',
      color: 'indigo',
      shape: 'rectangle',
      description: {
        md: '**2 инстанса** (два пода с одинаковым образом, `replicas: 2`) за периметром (L7); каждый под — один контейнер/процесс **Kestrel**: статика SPA и **CNT_GM_WebAPI**.\r\n\r\nЛогически на схеме контейнеров два контейнера; здесь два `instanceOf` на одном узле деплоя.',
      },
      tags: [],
      style: {
        opacity: 15,
        size: 'md',
      },
      depth: 1,
      x: 696,
      y: 3608,
      width: 1322,
      height: 291,
      labelBBox: {
        x: 6,
        y: 0,
        width: 177,
        height: 15,
      },
      navigateTo: null,
      links: null,
    },
    {
      id: 'production.private.k8s.app.webrtc_live',
      parent: 'production.private.k8s.app',
      level: 3,
      children: [
        'production.private.k8s.app.webrtc_live.cnt_gm_webrtcserver_only',
      ],
      inEdges: [
        '1gh15lt',
      ],
      outEdges: [
        '1l7v0ce',
      ],
      deploymentRef: 'production.private.k8s.app.webrtc_live',
      title: 'WebRTC (live)',
      kind: 'deployment',
      technology: 'Kubernetes Deployment',
      notation: 'Kubernetes Deployment (ReplicaSet → Pods)',
      color: 'indigo',
      shape: 'rectangle',
      modelRef: 'greenhouse_system.cnt_gm_webrtcserver_only',
      description: {
        md: '**go2rtc** (live). За периметром — тот же **443/TLS**, маршрут на Service (WSS/HTTPS).\r\n\r\n**Реплики:** `replicas: 2` (NFR-03: отказоустойчивость медиа-слоя; sticky session при необходимости — на L7). RTSP/UDP к камерам — из подсети кластера/медиа-VLAN, не через браузерный периметр.',
      },
      tags: [],
      style: {
        opacity: 15,
        size: 'md',
      },
      depth: 1,
      x: 677,
      y: 2897,
      width: 497,
      height: 282,
      labelBBox: {
        x: 6,
        y: 0,
        width: 87,
        height: 15,
      },
      navigateTo: null,
      links: null,
    },
    {
      id: 'production.private.k8s.messaging',
      parent: 'production.private.k8s',
      level: 2,
      children: [
        'production.private.k8s.messaging.rmq1',
        'production.private.k8s.messaging.rmq2',
      ],
      inEdges: [
        '4gw842',
        '1biulht',
        '4z6wu7',
      ],
      outEdges: [],
      deploymentRef: 'production.private.k8s.messaging',
      title: 'RabbitMQ (HA)',
      kind: 'zone',
      color: 'gray',
      shape: 'rectangle',
      description: {
        txt: 'Кластер из **2** узлов в Kubernetes (StatefulSet; MQTT-плагин для контроллеров, AMQP для сервисов). Внутри кластера: **5672** (AMQP), **1883/8883** (MQTT — политика TLS на периметре).',
      },
      tags: [],
      style: {
        opacity: 15,
        size: 'md',
      },
      depth: 2,
      x: 2693,
      y: 2320,
      width: 579,
      height: 706,
      labelBBox: {
        x: 6,
        y: 0,
        width: 90,
        height: 15,
      },
      navigateTo: null,
      links: null,
    },
    {
      id: 'production.private.k8s.messaging.rmq1',
      parent: 'production.private.k8s.messaging',
      level: 3,
      children: [
        'production.private.k8s.messaging.rmq1.cnt_gm_broker',
      ],
      inEdges: [
        '4gw842',
      ],
      outEdges: [],
      deploymentRef: 'production.private.k8s.messaging.rmq1',
      title: 'RabbitMQ узел 1',
      kind: 'deployment',
      technology: 'StatefulSet в Kubernetes',
      notation: 'Kubernetes Deployment (ReplicaSet → Pods)',
      color: 'indigo',
      shape: 'rectangle',
      modelRef: 'greenhouse_system.cnt_gm_broker',
      description: {
        txt: 'Узел 1 кластера (**quorum**/политика зеркалирования — в ТП).',
      },
      tags: [],
      style: {
        opacity: 15,
        size: 'md',
      },
      depth: 1,
      x: 2738,
      y: 2702,
      width: 492,
      height: 282,
      labelBBox: {
        x: 6,
        y: 0,
        width: 100,
        height: 15,
      },
      navigateTo: null,
      links: null,
    },
    {
      id: 'production.private.k8s.messaging.rmq2',
      parent: 'production.private.k8s.messaging',
      level: 3,
      children: [
        'production.private.k8s.messaging.rmq2.cnt_gm_broker',
      ],
      inEdges: [
        '1biulht',
      ],
      outEdges: [],
      deploymentRef: 'production.private.k8s.messaging.rmq2',
      title: 'RabbitMQ узел 2',
      kind: 'deployment',
      technology: 'StatefulSet в Kubernetes',
      notation: 'Kubernetes Deployment (ReplicaSet → Pods)',
      color: 'indigo',
      shape: 'rectangle',
      modelRef: 'greenhouse_system.cnt_gm_broker',
      description: {
        txt: 'Узел 2 кластера.',
      },
      tags: [],
      style: {
        opacity: 15,
        size: 'md',
      },
      depth: 1,
      x: 2735,
      y: 2380,
      width: 492,
      height: 282,
      labelBBox: {
        x: 6,
        y: 0,
        width: 100,
        height: 15,
      },
      navigateTo: null,
      links: null,
    },
    {
      id: 'production.private.k8s.app.webapp.web',
      parent: 'production.private.k8s.app.webapp',
      level: 4,
      children: [],
      inEdges: [],
      outEdges: [
        'kawdkk',
        '87y0en',
      ],
      kind: 'instance',
      title: 'CNT_GM_Web',
      description: {
        md: 'Web-приложение ИС. Клиентский трафик приходит на reverse proxy / балансировщик (TLS на периметре);\r\nстатика и SPA — за одним или несколькими origin-инстансами или из object storage + CDN (по среде).',
      },
      technology: 'React, TypeScript',
      tags: [],
      icon: 'tech:react',
      color: 'primary',
      shape: 'browser',
      style: {
        opacity: 15,
        size: 'md',
      },
      deploymentRef: 'production.private.k8s.app.webapp.web',
      modelRef: 'greenhouse_system.cnt_gm_web',
      navigateTo: 'view_h5evhe',
      x: 738,
      y: 3668,
      width: 378,
      height: 189,
      labelBBox: {
        x: 46,
        y: 24,
        width: 316,
        height: 139,
      },
      links: null,
    },
    {
      id: 'production.private.k8s.app.webrtc_live.cnt_gm_webrtcserver_only',
      parent: 'production.private.k8s.app.webrtc_live',
      level: 4,
      children: [],
      inEdges: [],
      outEdges: [
        '1l7v0ce',
      ],
      kind: 'instance',
      title: 'CNT_GM_WebRTCServer_Only',
      description: {
        txt: 'WebRTC сервер для передачи видеопотока с камер в реальном времени',
      },
      technology: 'go2rtc',
      tags: [],
      icon: 'tech:webrtc',
      color: 'primary',
      shape: 'rectangle',
      style: {
        opacity: 15,
        size: 'md',
      },
      deploymentRef: 'production.private.k8s.app.webrtc_live.cnt_gm_webrtcserver_only',
      modelRef: 'greenhouse_system.cnt_gm_webrtcserver_only',
      x: 719,
      y: 2957,
      width: 413,
      height: 180,
      labelBBox: {
        x: 46,
        y: 37,
        width: 351,
        height: 103,
      },
      navigateTo: null,
      links: null,
    },
    {
      id: 'production.private.k8s.messaging.rmq1.cnt_gm_broker',
      parent: 'production.private.k8s.messaging.rmq1',
      level: 4,
      children: [],
      inEdges: [
        '4gw842',
      ],
      outEdges: [],
      kind: 'instance',
      title: 'CNT_GM_Broker',
      description: {
        md: 'Брокер сообщений: контроллеры теплиц публикуют телеметрию по MQTT (требования, calc_architecture).\r\nRabbitMQ с включённым MQTT-плагином: внешний MQTT для устройств, внутренние сервисы — подписчики AMQP.',
      },
      technology: 'RabbitMQ (MQTT plugin)',
      tags: [],
      icon: 'tech:rabbitmq',
      color: 'primary',
      shape: 'rectangle',
      style: {
        opacity: 15,
        size: 'md',
      },
      deploymentRef: 'production.private.k8s.messaging.rmq1.cnt_gm_broker',
      modelRef: 'greenhouse_system.cnt_gm_broker',
      x: 2780,
      y: 2762,
      width: 408,
      height: 180,
      labelBBox: {
        x: 46,
        y: 19,
        width: 346,
        height: 139,
      },
      navigateTo: null,
      links: null,
    },
    {
      id: 'production.private.k8s.messaging.rmq2.cnt_gm_broker',
      parent: 'production.private.k8s.messaging.rmq2',
      level: 4,
      children: [],
      inEdges: [
        '1biulht',
      ],
      outEdges: [],
      kind: 'instance',
      title: 'CNT_GM_Broker',
      description: {
        md: 'Брокер сообщений: контроллеры теплиц публикуют телеметрию по MQTT (требования, calc_architecture).\r\nRabbitMQ с включённым MQTT-плагином: внешний MQTT для устройств, внутренние сервисы — подписчики AMQP.',
      },
      technology: 'RabbitMQ (MQTT plugin)',
      tags: [],
      icon: 'tech:rabbitmq',
      color: 'primary',
      shape: 'rectangle',
      style: {
        opacity: 15,
        size: 'md',
      },
      deploymentRef: 'production.private.k8s.messaging.rmq2.cnt_gm_broker',
      modelRef: 'greenhouse_system.cnt_gm_broker',
      x: 2777,
      y: 2440,
      width: 408,
      height: 180,
      labelBBox: {
        x: 46,
        y: 19,
        width: 346,
        height: 139,
      },
      navigateTo: null,
      links: null,
    },
    {
      id: 'production.private.k8s.app.webapp.api',
      parent: 'production.private.k8s.app.webapp',
      level: 4,
      children: [],
      inEdges: [
        'kawdkk',
      ],
      outEdges: [
        'b1dbpj',
        'jecrfn',
        '174ze2a',
        'pz1qhq',
        '12zyxb4',
        '5jcmvg',
        '1kslg7l',
        'f4tstu',
      ],
      kind: 'instance',
      title: 'CNT_GM_WebAPI',
      description: {
        md: 'Сервис Web API. Не менее двух инстансов за балансировщиком (NFR-03); узлы stateless, сессии и кэш датчиков — в Redis.\r\nHealth checks исключают нездоровые инстансы из пула; при появлении sticky — только при необходимости для долгих WS (иначе не требуется).',
      },
      technology: 'ASP.NET Core, .NET 10',
      tags: [],
      icon: 'tech:dotnet',
      color: 'primary',
      shape: 'rectangle',
      style: {
        opacity: 15,
        size: 'md',
      },
      deploymentRef: 'production.private.k8s.app.webapp.api',
      modelRef: 'greenhouse_system.cnt_gm_webapi',
      navigateTo: 'view_qmghuq',
      x: 1591,
      y: 3668,
      width: 385,
      height: 180,
      labelBBox: {
        x: 46,
        y: 19,
        width: 323,
        height: 139,
      },
      links: null,
    },
    {
      id: 'production.private.k8s.app.webrtc_hist',
      parent: 'production.private.k8s.app',
      level: 3,
      children: [
        'production.private.k8s.app.webrtc_hist.cnt_gm_webrtcserver_history',
      ],
      inEdges: [
        '87y0en',
        '1gh48ep',
      ],
      outEdges: [
        'xelngx',
        '1ptsgd4',
      ],
      deploymentRef: 'production.private.k8s.app.webrtc_hist',
      title: 'WebRTC (архив)',
      kind: 'deployment',
      technology: 'Kubernetes Deployment',
      notation: 'Kubernetes Deployment (ReplicaSet → Pods)',
      color: 'indigo',
      shape: 'rectangle',
      modelRef: 'greenhouse_system.cnt_gm_webrtcserver_history',
      description: {
        md: '**go2rtc** (архив), чтение сегментов из **MinIO**.\r\n\r\n**Реплики:** `replicas: 2` (аналогично live: HA воспроизведения архива).',
      },
      tags: [],
      style: {
        opacity: 15,
        size: 'md',
      },
      depth: 1,
      x: 994,
      y: 3252,
      width: 518,
      height: 282,
      labelBBox: {
        x: 6,
        y: 0,
        width: 93,
        height: 15,
      },
      navigateTo: null,
      links: null,
    },
    {
      id: 'production.private.k8s.app.identity_webapp',
      parent: 'production.private.k8s.app',
      level: 3,
      children: [
        'production.private.k8s.app.identity_webapp.id_web',
        'production.private.k8s.app.identity_webapp.id_api',
      ],
      inEdges: [
        'b1dbpj',
        'dwpgqt',
      ],
      outEdges: [
        '4tlt2',
      ],
      deploymentRef: 'production.private.k8s.app.identity_webapp',
      title: 'Инстанс Identity (SPA + API)',
      kind: 'deployment',
      technology: 'Kubernetes Deployment',
      notation: 'Kubernetes Deployment (ReplicaSet → Pods)',
      color: 'indigo',
      shape: 'rectangle',
      description: {
        md: 'Один контейнер/процесс **Kestrel** на под: статика Identity UI и **CNT_GM_Identity_WebAPI** (два `instanceOf` на схеме).\r\n\r\n**Реплики:** `replicas: 2` (stateless за L7; состояние сессий/клиентов — в **Identity DB** и политиках OpenIddict; без обязательного sticky при корректной конфигурации OIDC).',
      },
      tags: [],
      style: {
        opacity: 15,
        size: 'md',
      },
      depth: 1,
      x: 733,
      y: 4102,
      width: 1277,
      height: 286,
      labelBBox: {
        x: 6,
        y: 0,
        width: 164,
        height: 15,
      },
      navigateTo: null,
      links: null,
    },
    {
      id: 'production.private.k8s.redis_ha',
      parent: 'production.private.k8s',
      level: 2,
      children: [
        'production.private.k8s.redis_ha.redis_primary',
        'production.private.k8s.redis_ha.redis_replica',
      ],
      inEdges: [
        '174ze2a',
        'pz1qhq',
        'ebsfp1',
        '1cw134p',
      ],
      outEdges: [],
      deploymentRef: 'production.private.k8s.redis_ha',
      title: 'Redis + Sentinel',
      kind: 'zone',
      color: 'gray',
      shape: 'rectangle',
      description: {
        txt: 'Redis и Sentinel как поды в кластере (StatefulSet/Deployment, headless Service при необходимости). **Реплики данных:** 1 primary + 1 replica; **Sentinel:** `replicas: 3` (кворум failover).',
      },
      tags: [],
      style: {
        opacity: 15,
        size: 'md',
      },
      depth: 2,
      x: 1536,
      y: 2330,
      width: 1054,
      height: 391,
      labelBBox: {
        x: 6,
        y: 0,
        width: 105,
        height: 15,
      },
      navigateTo: null,
      links: null,
    },
    {
      id: 'production.private.k8s.redis_ha.redis_primary',
      parent: 'production.private.k8s.redis_ha',
      level: 3,
      children: [
        'production.private.k8s.redis_ha.redis_primary.cnt_gm_redis_db',
      ],
      inEdges: [
        '174ze2a',
        'ebsfp1',
      ],
      outEdges: [],
      deploymentRef: 'production.private.k8s.redis_ha.redis_primary',
      title: 'Redis (primary)',
      kind: 'deployment',
      technology: 'StatefulSet в Kubernetes',
      notation: 'Kubernetes Deployment (ReplicaSet → Pods)',
      color: 'indigo',
      shape: 'rectangle',
      modelRef: 'greenhouse_system.cnt_gm_redis_db',
      description: {
        txt: 'Один под primary в составе репликации.',
      },
      tags: [],
      style: {
        opacity: 15,
        size: 'md',
      },
      depth: 1,
      x: 2086,
      y: 2397,
      width: 462,
      height: 282,
      labelBBox: {
        x: 6,
        y: 0,
        width: 99,
        height: 15,
      },
      navigateTo: null,
      links: null,
    },
    {
      id: 'production.private.k8s.redis_ha.redis_replica',
      parent: 'production.private.k8s.redis_ha',
      level: 3,
      children: [
        'production.private.k8s.redis_ha.redis_replica.cnt_gm_redis_db',
      ],
      inEdges: [
        'pz1qhq',
        '1cw134p',
      ],
      outEdges: [],
      deploymentRef: 'production.private.k8s.redis_ha.redis_replica',
      title: 'Redis (replica)',
      kind: 'deployment',
      technology: 'StatefulSet в Kubernetes',
      notation: 'Kubernetes Deployment (ReplicaSet → Pods)',
      color: 'indigo',
      shape: 'rectangle',
      modelRef: 'greenhouse_system.cnt_gm_redis_db',
      description: {
        txt: 'Один под replica (чтение/фейловер через Sentinel).',
      },
      tags: [],
      style: {
        opacity: 15,
        size: 'md',
      },
      depth: 1,
      x: 1578,
      y: 2390,
      width: 462,
      height: 282,
      labelBBox: {
        x: 6,
        y: 0,
        width: 96,
        height: 15,
      },
      navigateTo: null,
      links: null,
    },
    {
      id: 'production.private.relational',
      parent: 'production.private',
      level: 1,
      children: [
        'production.private.relational.pg_primary',
        'production.private.relational.pg_replica',
      ],
      inEdges: [
        '12zyxb4',
        '5jcmvg',
      ],
      outEdges: [],
      deploymentRef: 'production.private.relational',
      title: 'PostgreSQL (метаданные)',
      kind: 'zone',
      color: 'gray',
      shape: 'rectangle',
      tags: [],
      style: {
        opacity: 15,
        size: 'md',
      },
      depth: 2,
      x: 3374,
      y: 3104,
      width: 492,
      height: 699,
      labelBBox: {
        x: 6,
        y: 0,
        width: 152,
        height: 15,
      },
      navigateTo: null,
      links: null,
    },
    {
      id: 'production.private.relational.pg_primary',
      parent: 'production.private.relational',
      level: 2,
      children: [
        'production.private.relational.pg_primary.cnt_gm_db',
      ],
      inEdges: [
        '12zyxb4',
      ],
      outEdges: [],
      deploymentRef: 'production.private.relational.pg_primary',
      title: 'PostgreSQL primary',
      kind: 'vm',
      notation: 'Виртуальная машина / узел данных',
      color: 'primary',
      shape: 'rectangle',
      modelRef: 'greenhouse_system.cnt_gm_db',
      tags: [],
      style: {
        opacity: 15,
        size: 'md',
      },
      depth: 1,
      x: 3416,
      y: 3479,
      width: 408,
      height: 282,
      labelBBox: {
        x: 6,
        y: 0,
        width: 134,
        height: 15,
      },
      navigateTo: null,
      links: null,
    },
    {
      id: 'production.private.relational.pg_replica',
      parent: 'production.private.relational',
      level: 2,
      children: [
        'production.private.relational.pg_replica.cnt_gm_db',
      ],
      inEdges: [
        '5jcmvg',
      ],
      outEdges: [],
      deploymentRef: 'production.private.relational.pg_replica',
      title: 'PostgreSQL replica',
      kind: 'vm',
      notation: 'Виртуальная машина / узел данных',
      color: 'primary',
      shape: 'rectangle',
      modelRef: 'greenhouse_system.cnt_gm_db',
      tags: [],
      style: {
        opacity: 15,
        size: 'md',
      },
      depth: 1,
      x: 3416,
      y: 3164,
      width: 408,
      height: 282,
      labelBBox: {
        x: 6,
        y: 0,
        width: 132,
        height: 15,
      },
      navigateTo: null,
      links: null,
    },
    {
      id: 'production.private.clickhouse',
      parent: 'production.private',
      level: 1,
      children: [
        'production.private.clickhouse.ch_node1',
        'production.private.clickhouse.ch_node2',
      ],
      inEdges: [
        '1kslg7l',
        'f4tstu',
        'bk9hqu',
        '1an70dx',
      ],
      outEdges: [],
      deploymentRef: 'production.private.clickhouse',
      title: 'ClickHouse + Keeper',
      kind: 'zone',
      color: 'gray',
      shape: 'rectangle',
      tags: [],
      style: {
        opacity: 15,
        size: 'md',
      },
      depth: 2,
      x: 3364,
      y: 3860,
      width: 537,
      height: 699,
      labelBBox: {
        x: 6,
        y: 0,
        width: 135,
        height: 15,
      },
      navigateTo: null,
      links: null,
    },
    {
      id: 'production.private.clickhouse.ch_node1',
      parent: 'production.private.clickhouse',
      level: 2,
      children: [
        'production.private.clickhouse.ch_node1.cnt_gm_timeseries_db',
      ],
      inEdges: [
        '1kslg7l',
        'bk9hqu',
      ],
      outEdges: [],
      deploymentRef: 'production.private.clickhouse.ch_node1',
      title: 'ClickHouse сервер 1',
      kind: 'vm',
      notation: 'Виртуальная машина / узел данных',
      color: 'primary',
      shape: 'rectangle',
      modelRef: 'greenhouse_system.cnt_gm_timeseries_db',
      tags: [],
      style: {
        opacity: 15,
        size: 'md',
      },
      depth: 1,
      x: 3406,
      y: 4235,
      width: 453,
      height: 282,
      labelBBox: {
        x: 6,
        y: 0,
        width: 126,
        height: 15,
      },
      navigateTo: null,
      links: null,
    },
    {
      id: 'production.private.clickhouse.ch_node2',
      parent: 'production.private.clickhouse',
      level: 2,
      children: [
        'production.private.clickhouse.ch_node2.cnt_gm_timeseries_db',
      ],
      inEdges: [
        'f4tstu',
        '1an70dx',
      ],
      outEdges: [],
      deploymentRef: 'production.private.clickhouse.ch_node2',
      title: 'ClickHouse сервер 2',
      kind: 'vm',
      notation: 'Виртуальная машина / узел данных',
      color: 'primary',
      shape: 'rectangle',
      modelRef: 'greenhouse_system.cnt_gm_timeseries_db',
      tags: [],
      style: {
        opacity: 15,
        size: 'md',
      },
      depth: 1,
      x: 3406,
      y: 3920,
      width: 453,
      height: 282,
      labelBBox: {
        x: 6,
        y: 0,
        width: 126,
        height: 15,
      },
      navigateTo: null,
      links: null,
    },
    {
      id: 'production.private.k8s.app.webrtc_hist.cnt_gm_webrtcserver_history',
      parent: 'production.private.k8s.app.webrtc_hist',
      level: 4,
      children: [],
      inEdges: [
        '87y0en',
      ],
      outEdges: [
        'xelngx',
        '1ptsgd4',
      ],
      kind: 'instance',
      title: 'CNT_GM_WebRTCServer_History',
      description: {
        txt: 'WebRTC сервер для передачи видеопотока с камер для истории',
      },
      technology: 'go2rtc',
      tags: [],
      icon: 'tech:webrtc',
      color: 'primary',
      shape: 'rectangle',
      style: {
        opacity: 15,
        size: 'md',
      },
      deploymentRef: 'production.private.k8s.app.webrtc_hist.cnt_gm_webrtcserver_history',
      modelRef: 'greenhouse_system.cnt_gm_webrtcserver_history',
      x: 1036,
      y: 3312,
      width: 434,
      height: 180,
      labelBBox: {
        x: 45,
        y: 46,
        width: 373,
        height: 85,
      },
      navigateTo: null,
      links: null,
    },
    {
      id: 'production.private.k8s.app.identity_webapp.id_web',
      parent: 'production.private.k8s.app.identity_webapp',
      level: 4,
      children: [],
      inEdges: [],
      outEdges: [
        '1heptis',
      ],
      kind: 'instance',
      title: 'CNT_GM_Identity_Web',
      description: {
        txt: 'Web приложение Identity',
      },
      technology: 'React, TypeScript',
      tags: [],
      icon: 'tech:react',
      color: 'primary',
      shape: 'browser',
      style: {
        opacity: 15,
        size: 'md',
      },
      deploymentRef: 'production.private.k8s.app.identity_webapp.id_web',
      modelRef: 'greenhouse_system.cnt_gm_identity_web',
      x: 775,
      y: 4162,
      width: 336,
      height: 180,
      labelBBox: {
        x: 45,
        y: 55,
        width: 275,
        height: 67,
      },
      navigateTo: null,
      links: null,
    },
    {
      id: 'production.private.k8s.redis_ha.redis_primary.cnt_gm_redis_db',
      parent: 'production.private.k8s.redis_ha.redis_primary',
      level: 4,
      children: [],
      inEdges: [
        '174ze2a',
        'ebsfp1',
      ],
      outEdges: [],
      kind: 'instance',
      title: 'CNT_GM_Redis_DB',
      description: {
        txt: 'Кэш последних показаний датчиков (пишет SavingService по потоку с брокера); сессии; читает WebAPI',
      },
      technology: 'Redis',
      tags: [],
      icon: 'tech:redis',
      color: 'primary',
      shape: 'storage',
      style: {
        opacity: 15,
        size: 'md',
      },
      deploymentRef: 'production.private.k8s.redis_ha.redis_primary.cnt_gm_redis_db',
      modelRef: 'greenhouse_system.cnt_gm_redis_db',
      x: 2128,
      y: 2457,
      width: 378,
      height: 180,
      labelBBox: {
        x: 46,
        y: 37,
        width: 316,
        height: 103,
      },
      navigateTo: null,
      links: null,
    },
    {
      id: 'production.private.k8s.redis_ha.redis_replica.cnt_gm_redis_db',
      parent: 'production.private.k8s.redis_ha.redis_replica',
      level: 4,
      children: [],
      inEdges: [
        'pz1qhq',
        '1cw134p',
      ],
      outEdges: [],
      kind: 'instance',
      title: 'CNT_GM_Redis_DB',
      description: {
        txt: 'Кэш последних показаний датчиков (пишет SavingService по потоку с брокера); сессии; читает WebAPI',
      },
      technology: 'Redis',
      tags: [],
      icon: 'tech:redis',
      color: 'primary',
      shape: 'storage',
      style: {
        opacity: 15,
        size: 'md',
      },
      deploymentRef: 'production.private.k8s.redis_ha.redis_replica.cnt_gm_redis_db',
      modelRef: 'greenhouse_system.cnt_gm_redis_db',
      x: 1620,
      y: 2450,
      width: 378,
      height: 180,
      labelBBox: {
        x: 46,
        y: 37,
        width: 316,
        height: 103,
      },
      navigateTo: null,
      links: null,
    },
    {
      id: 'production.private.relational.pg_primary.cnt_gm_db',
      parent: 'production.private.relational.pg_primary',
      level: 3,
      children: [],
      inEdges: [
        '12zyxb4',
      ],
      outEdges: [],
      kind: 'instance',
      title: 'CNT_GM_DB',
      description: {
        txt: 'База данных для хранения справочников и метаданных',
      },
      technology: 'PostgreSQL',
      tags: [],
      icon: 'tech:postgresql',
      color: 'primary',
      shape: 'storage',
      style: {
        opacity: 15,
        size: 'md',
      },
      deploymentRef: 'production.private.relational.pg_primary.cnt_gm_db',
      modelRef: 'greenhouse_system.cnt_gm_db',
      x: 3458,
      y: 3539,
      width: 324,
      height: 180,
      labelBBox: {
        x: 46,
        y: 46,
        width: 262,
        height: 85,
      },
      navigateTo: null,
      links: null,
    },
    {
      id: 'production.private.relational.pg_replica.cnt_gm_db',
      parent: 'production.private.relational.pg_replica',
      level: 3,
      children: [],
      inEdges: [
        '5jcmvg',
      ],
      outEdges: [],
      kind: 'instance',
      title: 'CNT_GM_DB',
      description: {
        txt: 'База данных для хранения справочников и метаданных',
      },
      technology: 'PostgreSQL',
      tags: [],
      icon: 'tech:postgresql',
      color: 'primary',
      shape: 'storage',
      style: {
        opacity: 15,
        size: 'md',
      },
      deploymentRef: 'production.private.relational.pg_replica.cnt_gm_db',
      modelRef: 'greenhouse_system.cnt_gm_db',
      x: 3458,
      y: 3224,
      width: 324,
      height: 180,
      labelBBox: {
        x: 46,
        y: 46,
        width: 262,
        height: 85,
      },
      navigateTo: null,
      links: null,
    },
    {
      id: 'production.private.clickhouse.ch_node1.cnt_gm_timeseries_db',
      parent: 'production.private.clickhouse.ch_node1',
      level: 3,
      children: [],
      inEdges: [
        '1kslg7l',
        'bk9hqu',
      ],
      outEdges: [],
      kind: 'instance',
      title: 'CNT_GM_Timeseries_DB',
      description: {
        txt: 'БД для хранения и анализа данных с датчиков температуры, влажности и кислотности почвы',
      },
      technology: 'ClickHouse',
      tags: [],
      color: 'primary',
      shape: 'storage',
      style: {
        opacity: 15,
        size: 'md',
      },
      deploymentRef: 'production.private.clickhouse.ch_node1.cnt_gm_timeseries_db',
      modelRef: 'greenhouse_system.cnt_gm_timeseries_db',
      x: 3448,
      y: 4295,
      width: 369,
      height: 180,
      labelBBox: {
        x: 19,
        y: 46,
        width: 333,
        height: 85,
      },
      navigateTo: null,
      links: null,
    },
    {
      id: 'production.private.clickhouse.ch_node2.cnt_gm_timeseries_db',
      parent: 'production.private.clickhouse.ch_node2',
      level: 3,
      children: [],
      inEdges: [
        'f4tstu',
        '1an70dx',
      ],
      outEdges: [],
      kind: 'instance',
      title: 'CNT_GM_Timeseries_DB',
      description: {
        txt: 'БД для хранения и анализа данных с датчиков температуры, влажности и кислотности почвы',
      },
      technology: 'ClickHouse',
      tags: [],
      color: 'primary',
      shape: 'storage',
      style: {
        opacity: 15,
        size: 'md',
      },
      deploymentRef: 'production.private.clickhouse.ch_node2.cnt_gm_timeseries_db',
      modelRef: 'greenhouse_system.cnt_gm_timeseries_db',
      x: 3448,
      y: 3980,
      width: 369,
      height: 180,
      labelBBox: {
        x: 19,
        y: 46,
        width: 333,
        height: 85,
      },
      navigateTo: null,
      links: null,
    },
    {
      id: 'production.private.k8s.app.minio',
      parent: 'production.private.k8s.app',
      level: 3,
      children: [
        'production.private.k8s.app.minio.cnt_gm_s3',
      ],
      inEdges: [
        'xelngx',
      ],
      outEdges: [],
      deploymentRef: 'production.private.k8s.app.minio',
      title: 'MinIO (S3)',
      kind: 'deployment',
      technology: 'StatefulSet / MinIO Operator (distributed)',
      notation: 'Kubernetes Deployment (ReplicaSet → Pods)',
      color: 'indigo',
      shape: 'rectangle',
      modelRef: 'greenhouse_system.cnt_gm_s3',
      description: {
        md: 'S3-совместимое хранилище архива видео.\r\n\r\n**Реплики / топология:** режим **distributed** (типично **4** StatefulSet-пода с erasure coding) — снижает SPOF по сравнению с single-node. Упрощённый вариант (1 под) допустим только как промежуточный, с явным риском и планом backup/DR в ТП.',
      },
      tags: [],
      style: {
        opacity: 15,
        size: 'md',
      },
      depth: 1,
      x: 2113,
      y: 3246,
      width: 447,
      height: 282,
      labelBBox: {
        x: 6,
        y: 0,
        width: 60,
        height: 15,
      },
      navigateTo: null,
      links: null,
    },
    {
      id: 'production.private.k8s.app.vault_secrets',
      parent: 'production.private.k8s.app',
      level: 3,
      children: [
        'production.private.k8s.app.vault_secrets.cnt_gm_secrets',
      ],
      inEdges: [
        'jecrfn',
        '1l7v0ce',
        '1ptsgd4',
      ],
      outEdges: [],
      deploymentRef: 'production.private.k8s.app.vault_secrets',
      title: 'Vault (секреты)',
      kind: 'deployment',
      technology: 'StatefulSet / Helm, integrated storage',
      notation: 'Kubernetes Deployment (ReplicaSet → Pods)',
      color: 'indigo',
      shape: 'rectangle',
      modelRef: 'greenhouse_system.cnt_gm_secrets',
      description: {
        md: 'HashiCorp Vault в режиме **HA** (**Raft**): типично **`replicas: 3`** серверов Vault в кластере (кворум, без единой точки отказа для control plane секретов). Клиенты приложений — по внутреннему DNS/Service (**HTTPS**, порт из политики среды, напр. **8200** внутрикластерно).',
      },
      tags: [],
      style: {
        opacity: 15,
        size: 'md',
      },
      depth: 1,
      x: 1494,
      y: 2891,
      width: 454,
      height: 282,
      labelBBox: {
        x: 6,
        y: 0,
        width: 94,
        height: 15,
      },
      navigateTo: null,
      links: null,
    },
    {
      id: 'production.private.k8s.app.identity_webapp.id_api',
      parent: 'production.private.k8s.app.identity_webapp',
      level: 4,
      children: [],
      inEdges: [
        '1heptis',
        'b1dbpj',
      ],
      outEdges: [
        '4tlt2',
      ],
      kind: 'instance',
      title: 'CNT_GM_Identity_WebAPI',
      description: {
        txt: 'Сервис Identity WebApi',
      },
      technology: 'OpenIddict, ASP.NET Core, .NET 10',
      tags: [],
      icon: 'tech:dotnet',
      color: 'primary',
      shape: 'rectangle',
      style: {
        opacity: 15,
        size: 'md',
      },
      deploymentRef: 'production.private.k8s.app.identity_webapp.id_api',
      modelRef: 'greenhouse_system.cnt_gm_identity_webapi',
      x: 1600,
      y: 4166,
      width: 368,
      height: 180,
      labelBBox: {
        x: 46,
        y: 55,
        width: 307,
        height: 67,
      },
      navigateTo: null,
      links: null,
    },
    {
      id: 'production.private.k8s.app.minio.cnt_gm_s3',
      parent: 'production.private.k8s.app.minio',
      level: 4,
      children: [],
      inEdges: [
        'xelngx',
      ],
      outEdges: [],
      kind: 'instance',
      title: 'CNT_GM_S3',
      description: {
        txt: 'S3 хранилище для архива видео с камер',
      },
      technology: 'MinIO',
      tags: [],
      icon: 'tech:aws-s3',
      color: 'primary',
      shape: 'rectangle',
      style: {
        opacity: 15,
        size: 'md',
      },
      deploymentRef: 'production.private.k8s.app.minio.cnt_gm_s3',
      modelRef: 'greenhouse_system.cnt_gm_s3',
      x: 2155,
      y: 3306,
      width: 363,
      height: 180,
      labelBBox: {
        x: 47,
        y: 46,
        width: 301,
        height: 85,
      },
      navigateTo: null,
      links: null,
    },
    {
      id: 'production.private.k8s.app.vault_secrets.cnt_gm_secrets',
      parent: 'production.private.k8s.app.vault_secrets',
      level: 4,
      children: [],
      inEdges: [
        'jecrfn',
        '1l7v0ce',
        '1ptsgd4',
      ],
      outEdges: [],
      kind: 'instance',
      title: 'CNT_GM_Secrets',
      description: {
        txt: 'Контейнер для хранения секретов',
      },
      technology: 'HashiCorp Vault',
      tags: [],
      icon: 'tech:hashicorp-vault',
      color: 'primary',
      shape: 'rectangle',
      style: {
        opacity: 15,
        size: 'md',
      },
      deploymentRef: 'production.private.k8s.app.vault_secrets.cnt_gm_secrets',
      modelRef: 'greenhouse_system.cnt_gm_secrets',
      x: 1536,
      y: 2951,
      width: 370,
      height: 180,
      labelBBox: {
        x: 46,
        y: 55,
        width: 308,
        height: 67,
      },
      navigateTo: null,
      links: null,
    },
    {
      id: 'production.private.identity_db',
      parent: 'production.private',
      level: 1,
      children: [
        'production.private.identity_db.id_db.cnt_gm_identity_db',
      ],
      inEdges: [
        '4tlt2',
      ],
      outEdges: [],
      deploymentRef: 'production.private.identity_db',
      title: 'Identity DB',
      kind: 'zone',
      color: 'gray',
      shape: 'rectangle',
      modelRef: 'greenhouse_system.cnt_gm_identity_db',
      tags: [],
      style: {
        opacity: 15,
        size: 'md',
      },
      depth: 1,
      x: 1588,
      y: 4508,
      width: 433,
      height: 282,
      labelBBox: {
        x: 6,
        y: 0,
        width: 73,
        height: 15,
      },
      navigateTo: null,
      links: null,
    },
    {
      id: 'production.private.identity_db.id_db.cnt_gm_identity_db',
      parent: 'production.private.identity_db',
      level: 2,
      children: [],
      inEdges: [
        '4tlt2',
      ],
      outEdges: [],
      kind: 'instance',
      title: 'CNT_GM_Identity_DB',
      description: {
        txt: 'БД для хранения данных аутентификации и авторизации',
      },
      technology: 'PostgreSQL',
      tags: [],
      icon: 'tech:postgresql',
      color: 'primary',
      shape: 'storage',
      style: {
        opacity: 15,
        size: 'md',
      },
      deploymentRef: 'production.private.identity_db.id_db.cnt_gm_identity_db',
      modelRef: 'greenhouse_system.cnt_gm_identity_db',
      x: 1630,
      y: 4568,
      width: 349,
      height: 180,
      labelBBox: {
        x: 47,
        y: 46,
        width: 287,
        height: 85,
      },
      navigateTo: null,
      links: null,
    },
  ],
  edges: [
    {
      id: 'kawdkk',
      parent: 'production.private.k8s.app.webapp',
      source: 'production.private.k8s.app.webapp.web',
      target: 'production.private.k8s.app.webapp.api',
      label: 'Read, Write Data',
      relations: [
        '1jx3uun',
      ],
      color: 'gray',
      line: 'dashed',
      head: 'normal',
      technology: 'HTTPS, WebSocket, GraphQL; Bearer access token',
      kind: 'https',
      points: [
        [
          1116,
          3762,
        ],
        [
          1240,
          3761,
        ],
        [
          1401,
          3760,
        ],
        [
          1528,
          3759,
        ],
      ],
      labelBBox: {
        x: 1306,
        y: 3761,
        width: 217,
        height: 39,
      },
      controlPoints: [
        {
          x: 1306,
          y: 3761,
        },
        {
          x: 1401,
          y: 3760,
        },
      ],
      navigateTo: null,
      tags: null,
    },
    {
      id: '1heptis',
      parent: 'production.private.k8s.app.identity_webapp',
      source: 'production.private.k8s.app.identity_webapp.id_web',
      target: 'production.private.k8s.app.identity_webapp.id_api',
      label: 'Read, Write Data',
      relations: [
        '1lvfhn0',
      ],
      color: 'gray',
      line: 'dashed',
      head: 'normal',
      technology: 'HTTPS',
      kind: 'https',
      points: [
        [
          1539,
          4257,
        ],
        [
          1685,
          4257,
        ],
        [
          1898,
          4257,
        ],
        [
          2051,
          4257,
        ],
      ],
      labelBBox: {
        x: 1307,
        y: 4254,
        width: 111,
        height: 39,
      },
      controlPoints: [
        {
          x: 1307,
          y: 4254,
        },
        {
          x: 1404,
          y: 4254,
        },
      ],
      navigateTo: null,
      tags: null,
    },
    {
      id: '87y0en',
      parent: 'production.private.k8s.app',
      source: 'production.private.k8s.app.webapp.web',
      target: 'production.private.k8s.app.webrtc_hist.cnt_gm_webrtcserver_history',
      label: 'Получение видеоконтента для истории',
      relations: [
        'sjzsp8',
      ],
      color: 'gray',
      line: 'dashed',
      head: 'normal',
      technology: 'WebSocket, MSE',
      points: [
        [
          1230,
          3477,
        ],
        [
          1298,
          3480,
        ],
      ],
      labelBBox: {
        x: 1076,
        y: 3598,
        width: 265,
        height: 39,
      },
      controlPoints: [
        {
          x: 1076,
          y: 3598,
        },
        {
          x: 1108,
          y: 3563,
        },
      ],
      navigateTo: null,
      tags: null,
    },
    {
      id: 'b1dbpj',
      parent: 'production.private.k8s.app',
      source: 'production.private.k8s.app.webapp.api',
      target: 'production.private.k8s.app.identity_webapp.id_api',
      label: 'Проверка access token',
      relations: [
        'rygxgc',
      ],
      color: 'gray',
      line: 'dashed',
      head: 'normal',
      technology: 'HTTPS, OIDC metadata, JWKS',
      kind: 'https',
      points: [
        [
          2238,
          4133,
        ],
        [
          2469,
          4426,
        ],
      ],
      labelBBox: {
        x: 1784,
        y: 3975,
        width: 187,
        height: 39,
      },
      controlPoints: [
        {
          x: 1784,
          y: 3975,
        },
        {
          x: 1784,
          y: 4039,
        },
      ],
      navigateTo: null,
      tags: null,
    },
    {
      id: 'jecrfn',
      parent: 'production.private.k8s.app',
      source: 'production.private.k8s.app.webapp.api',
      target: 'production.private.k8s.app.vault_secrets.cnt_gm_secrets',
      label: 'Получение секретов сервиса',
      relations: [
        'nfnk2l',
      ],
      color: 'gray',
      line: 'dashed',
      head: 'normal',
      technology: 'HTTPS, Vault API',
      points: [
        [
          2347,
          3255,
        ],
        [
          2571,
          3184,
        ],
      ],
      labelBBox: {
        x: 1757,
        y: 3453,
        width: 198,
        height: 39,
      },
      controlPoints: [
        {
          x: 1757,
          y: 3453,
        },
        {
          x: 1748,
          y: 3346,
        },
      ],
      navigateTo: null,
      tags: null,
    },
    {
      id: '1l7v0ce',
      parent: 'production.private.k8s.app',
      source: 'production.private.k8s.app.webrtc_live.cnt_gm_webrtcserver_only',
      target: 'production.private.k8s.app.vault_secrets.cnt_gm_secrets',
      label: 'Получение секретов',
      relations: [
        '1w7cn4b',
      ],
      color: 'gray',
      line: 'dashed',
      head: 'normal',
      technology: 'HTTPS, Bearer access token',
      points: [
        [
          1895,
          4814,
        ],
        [
          2022,
          4825,
        ],
        [
          2177,
          4814,
        ],
        [
          2270,
          4714,
        ],
        [
          2281,
          4702,
        ],
        [
          2272,
          4429,
        ],
        [
          2278,
          4413,
        ],
        [
          2315,
          4306,
        ],
        [
          2396,
          4205,
        ],
        [
          2461,
          4134,
        ],
      ],
      labelBBox: {
        x: 1294,
        y: 3044,
        width: 173,
        height: 39,
      },
      controlPoints: [
        {
          x: 1294,
          y: 3044,
        },
        {
          x: 1375,
          y: 3044,
        },
      ],
      navigateTo: null,
      tags: null,
    },
    {
      id: 'xelngx',
      parent: 'production.private.k8s.app',
      source: 'production.private.k8s.app.webrtc_hist.cnt_gm_webrtcserver_history',
      target: 'production.private.k8s.app.minio.cnt_gm_s3',
      label: 'Запись сегментов архива и чтение при \nвоспроизведении',
      relations: [
        '107l7fd',
      ],
      color: 'gray',
      line: 'dashed',
      head: 'normal',
      technology: 'HTTPS, S3 API',
      points: [
        [
          1848,
          4549,
        ],
        [
          1908,
          4582,
        ],
        [
          1963,
          4613,
        ],
        [
          1971,
          4615,
        ],
        [
          2102,
          4649,
        ],
        [
          2255,
          4641,
        ],
        [
          2372,
          4625,
        ],
      ],
      labelBBox: {
        x: 1744,
        y: 3399,
        width: 265,
        height: 55,
      },
      controlPoints: [
        {
          x: 1744,
          y: 3399,
        },
        {
          x: 1881,
          y: 3399,
        },
      ],
      navigateTo: null,
      tags: null,
    },
    {
      id: '1ptsgd4',
      parent: 'production.private.k8s.app',
      source: 'production.private.k8s.app.webrtc_hist.cnt_gm_webrtcserver_history',
      target: 'production.private.k8s.app.vault_secrets.cnt_gm_secrets',
      label: 'Получение секретов',
      relations: [
        '1hqc1we',
      ],
      color: 'gray',
      line: 'dashed',
      head: 'normal',
      technology: 'HTTPS, Bearer access token',
      points: [
        [
          1906,
          4486,
        ],
        [
          2020,
          4490,
        ],
        [
          2160,
          4479,
        ],
        [
          2270,
          4420,
        ],
        [
          2285,
          4412,
        ],
        [
          2409,
          4246,
        ],
        [
          2491,
          4135,
        ],
      ],
      labelBBox: {
        x: 1464,
        y: 3240,
        width: 173,
        height: 39,
      },
      controlPoints: [
        {
          x: 1464,
          y: 3240,
        },
        {
          x: 1510,
          y: 3203,
        },
      ],
      navigateTo: null,
      tags: null,
    },
    {
      id: '174ze2a',
      parent: 'production.private.k8s',
      source: 'production.private.k8s.app.webapp.api',
      target: 'production.private.k8s.redis_ha.redis_primary.cnt_gm_redis_db',
      label: 'Чтение онлайн-показаний датчиков, сессии',
      relations: [
        'v61xho',
      ],
      color: 'gray',
      line: 'dashed',
      head: 'normal',
      technology: '6379/TCP/RESP via TLS',
      kind: 'https',
      points: [
        [
          1839,
          2996,
        ],
        [
          1909,
          2846,
        ],
      ],
      labelBBox: {
        x: 2005,
        y: 3256,
        width: 297,
        height: 39,
      },
      controlPoints: [
        {
          x: 2005,
          y: 3256,
        },
        {
          x: 2096,
          y: 3049,
        },
      ],
      navigateTo: null,
      tags: null,
    },
    {
      id: 'pz1qhq',
      parent: 'production.private.k8s',
      source: 'production.private.k8s.app.webapp.api',
      target: 'production.private.k8s.redis_ha.redis_replica.cnt_gm_redis_db',
      label: 'Чтение онлайн-показаний датчиков, сессии',
      relations: [
        'v61xho',
      ],
      color: 'gray',
      line: 'dashed',
      head: 'normal',
      technology: '6379/TCP/RESP via TLS',
      kind: 'https',
      points: [
        [
          1626,
          2993,
        ],
        [
          1614,
          2842,
        ],
      ],
      labelBBox: {
        x: 1794,
        y: 3253,
        width: 297,
        height: 39,
      },
      controlPoints: [
        {
          x: 1794,
          y: 3253,
        },
        {
          x: 1799,
          y: 3045,
        },
      ],
      navigateTo: null,
      tags: null,
    },
    {
      id: '4gw842',
      parent: 'production.private.k8s',
      source: 'production.private.k8s.app.saving.cnt_gm_savingservice',
      target: 'production.private.k8s.messaging.rmq1.cnt_gm_broker',
      label: 'Read data from sensor',
      relations: [
        '1elunji',
      ],
      color: 'gray',
      line: 'dashed',
      head: 'normal',
      technology: '5672/AMQP via TLS',
      points: [
        [
          2011,
          3598,
        ],
        [
          2161,
          3406,
        ],
      ],
      labelBBox: {
        x: 2642,
        y: 2946,
        width: 146,
        height: 38,
      },
      controlPoints: [
        {
          x: 2642,
          y: 2946,
        },
        {
          x: 2688,
          y: 2934,
        },
      ],
      navigateTo: null,
      tags: null,
    },
    {
      id: '1biulht',
      parent: 'production.private.k8s',
      source: 'production.private.k8s.app.saving.cnt_gm_savingservice',
      target: 'production.private.k8s.messaging.rmq2.cnt_gm_broker',
      label: 'Read data from sensor',
      relations: [
        '1elunji',
      ],
      color: 'gray',
      line: 'dashed',
      head: 'normal',
      technology: '5672/AMQP via TLS',
      points: [
        [
          2007,
          3472,
        ],
        [
          2164,
          3217,
        ],
      ],
      labelBBox: {
        x: 2626,
        y: 2810,
        width: 146,
        height: 39,
      },
      controlPoints: [
        {
          x: 2626,
          y: 2810,
        },
        {
          x: 2706,
          y: 2747,
        },
      ],
      navigateTo: null,
      tags: null,
    },
    {
      id: 'ebsfp1',
      parent: 'production.private.k8s',
      source: 'production.private.k8s.app.saving.cnt_gm_savingservice',
      target: 'production.private.k8s.redis_ha.redis_primary.cnt_gm_redis_db',
      label: 'Обновление кэша последних показаний \nдатчиков (онлайн)',
      relations: [
        '1i22kfz',
      ],
      color: 'gray',
      line: 'dashed',
      head: 'normal',
      technology: '6379/TCP/RESP via TLS',
      points: [
        [
          2005,
          3297,
        ],
        [
          2167,
          2955,
        ],
      ],
      labelBBox: {
        x: 2336,
        y: 2817,
        width: 265,
        height: 56,
      },
      controlPoints: [
        {
          x: 2336,
          y: 2817,
        },
        {
          x: 2332,
          y: 2757,
        },
      ],
      navigateTo: null,
      tags: null,
    },
    {
      id: '1cw134p',
      parent: 'production.private.k8s',
      source: 'production.private.k8s.app.saving.cnt_gm_savingservice',
      target: 'production.private.k8s.redis_ha.redis_replica.cnt_gm_redis_db',
      label: 'Обновление кэша последних показаний \nдатчиков (онлайн)',
      relations: [
        '1i22kfz',
      ],
      color: 'gray',
      line: 'dashed',
      head: 'normal',
      technology: '6379/TCP/RESP via TLS',
      points: [
        [
          2004,
          3171,
        ],
        [
          2168,
          2766,
        ],
      ],
      labelBBox: {
        x: 2114,
        y: 2814,
        width: 265,
        height: 56,
      },
      controlPoints: [
        {
          x: 2114,
          y: 2814,
        },
        {
          x: 2046,
          y: 2753,
        },
      ],
      navigateTo: null,
      tags: null,
    },
    {
      id: '12zyxb4',
      parent: 'production.private',
      source: 'production.private.k8s.app.webapp.api',
      target: 'production.private.relational.pg_primary.cnt_gm_db',
      label: 'Метаданные и справочники (CRUD)',
      relations: [
        '1lxqufs',
      ],
      color: 'gray',
      line: 'dashed',
      head: 'normal',
      technology: '5432/TCP via TLS',
      points: [
        [
          2617,
          3322,
        ],
        [
          3000,
          3297,
        ],
      ],
      labelBBox: {
        x: 2569,
        y: 3703,
        width: 237,
        height: 38,
      },
      controlPoints: [
        {
          x: 2569,
          y: 3703,
        },
        {
          x: 2865,
          y: 3682,
        },
      ],
      navigateTo: null,
      tags: null,
    },
    {
      id: '5jcmvg',
      parent: 'production.private',
      source: 'production.private.k8s.app.webapp.api',
      target: 'production.private.relational.pg_replica.cnt_gm_db',
      label: 'Метаданные и справочники (CRUD)',
      relations: [
        '1lxqufs',
      ],
      color: 'gray',
      line: 'dashed',
      head: 'normal',
      technology: '5432/TCP via TLS',
      points: [
        [
          2617,
          3189,
        ],
        [
          3000,
          3111,
        ],
      ],
      labelBBox: {
        x: 2569,
        y: 3568,
        width: 237,
        height: 38,
      },
      controlPoints: [
        {
          x: 2569,
          y: 3568,
        },
        {
          x: 2865,
          y: 3496,
        },
      ],
      navigateTo: null,
      tags: null,
    },
    {
      id: '1kslg7l',
      parent: 'production.private',
      source: 'production.private.k8s.app.webapp.api',
      target: 'production.private.clickhouse.ch_node1.cnt_gm_timeseries_db',
      label: 'Поиск событий и архив телеметрии \n(GraphQL)',
      relations: [
        'ba35vs',
      ],
      color: 'gray',
      line: 'dashed',
      head: 'normal',
      technology: '8443/TCP via TLS',
      points: [
        [
          2608,
          3680,
        ],
        [
          2988,
          3797,
        ],
      ],
      labelBBox: {
        x: 2565,
        y: 4023,
        width: 237,
        height: 56,
      },
      controlPoints: [
        {
          x: 2565,
          y: 4023,
        },
        {
          x: 2860,
          y: 4123,
        },
      ],
      navigateTo: null,
      tags: null,
    },
    {
      id: 'f4tstu',
      parent: 'production.private',
      source: 'production.private.k8s.app.webapp.api',
      target: 'production.private.clickhouse.ch_node2.cnt_gm_timeseries_db',
      label: 'Поиск событий и архив телеметрии \n(GraphQL)',
      relations: [
        'ba35vs',
      ],
      color: 'gray',
      line: 'dashed',
      head: 'normal',
      technology: '8443/TCP via TLS',
      points: [
        [
          2608,
          3548,
        ],
        [
          2988,
          3613,
        ],
      ],
      labelBBox: {
        x: 2565,
        y: 3890,
        width: 237,
        height: 56,
      },
      controlPoints: [
        {
          x: 2565,
          y: 3890,
        },
        {
          x: 2860,
          y: 3940,
        },
      ],
      navigateTo: null,
      tags: null,
    },
    {
      id: 'bk9hqu',
      parent: 'production.private',
      source: 'production.private.k8s.app.saving.cnt_gm_savingservice',
      target: 'production.private.clickhouse.ch_node1.cnt_gm_timeseries_db',
      label: 'Сохранение телеметрии в архив',
      relations: [
        '1rg26t7',
      ],
      color: 'gray',
      line: 'dashed',
      head: 'normal',
      technology: '8123/TCP via TLS',
      points: [
        [
          2604,
          4539,
        ],
        [
          2993,
          4728,
        ],
      ],
      labelBBox: {
        x: 2881,
        y: 3588,
        width: 218,
        height: 39,
      },
      controlPoints: [
        {
          x: 2881,
          y: 3588,
        },
        {
          x: 3103,
          y: 3824,
        },
      ],
      navigateTo: null,
      tags: null,
    },
    {
      id: '1an70dx',
      parent: 'production.private',
      source: 'production.private.k8s.app.saving.cnt_gm_savingservice',
      target: 'production.private.clickhouse.ch_node2.cnt_gm_timeseries_db',
      label: 'Сохранение телеметрии в архив',
      relations: [
        '1rg26t7',
      ],
      color: 'gray',
      line: 'dashed',
      head: 'normal',
      technology: '8123/TCP via TLS',
      points: [
        [
          2612,
          4411,
        ],
        [
          2999,
          4546,
        ],
      ],
      labelBBox: {
        x: 2886,
        y: 3462,
        width: 218,
        height: 39,
      },
      controlPoints: [
        {
          x: 2886,
          y: 3462,
        },
        {
          x: 3098,
          y: 3635,
        },
      ],
      navigateTo: null,
      tags: null,
    },
    {
      id: '4tlt2',
      parent: 'production.private',
      source: 'production.private.k8s.app.identity_webapp.id_api',
      target: 'production.private.identity_db.id_db.cnt_gm_identity_db',
      label: 'Read, Write Data',
      relations: [
        'qwhu9m',
      ],
      color: 'gray',
      line: 'dashed',
      head: 'normal',
      technology: '5432/TCP via TLS',
      points: [
        [
          2617,
          5203,
        ],
        [
          2641,
          5243,
        ],
      ],
      labelBBox: {
        x: 1793,
        y: 4435,
        width: 115,
        height: 39,
      },
      controlPoints: [
        {
          x: 1793,
          y: 4435,
        },
        {
          x: 1796,
          y: 4479,
        },
      ],
      navigateTo: null,
      tags: null,
    },
    {
      id: 'ons4h8',
      parent: null,
      source: 'production.edge',
      target: 'production.private.k8s.app.webapp',
      label: 'HTTPS / WS',
      relations: [
        '1vzmtun',
      ],
      color: 'gray',
      line: 'dashed',
      head: 'normal',
      technology: '443/TLS',
      points: [
        [
          756,
          3743,
        ],
        [
          856,
          3671,
        ],
      ],
      labelBBox: {
        x: 407,
        y: 3702,
        width: 84,
        height: 39,
      },
      controlPoints: [
        {
          x: 407,
          y: 3702,
        },
        {
          x: 503,
          y: 3707,
        },
      ],
      navigateTo: null,
      tags: null,
    },
    {
      id: '1gh15lt',
      parent: null,
      source: 'production.edge',
      target: 'production.private.k8s.app.webrtc_live',
      label: 'HTTPS / WSS (сигналинг, MSE)',
      relations: [
        '1tos790',
      ],
      color: 'gray',
      line: 'dashed',
      head: 'normal',
      technology: '443/TLS',
      points: [
        [
          359,
          3636,
        ],
        [
          503,
          3484,
        ],
      ],
      labelBBox: {
        x: 369,
        y: 3426,
        width: 215,
        height: 39,
      },
      controlPoints: [
        {
          x: 369,
          y: 3426,
        },
        {
          x: 487,
          y: 3343,
        },
      ],
      navigateTo: null,
      tags: null,
    },
    {
      id: '1gh48ep',
      parent: null,
      source: 'production.edge',
      target: 'production.private.k8s.app.webrtc_hist',
      label: 'HTTPS / WSS (архив)',
      relations: [
        'ujhbs7',
      ],
      color: 'gray',
      line: 'dashed',
      head: 'normal',
      technology: '443/TLS',
      points: [
        [
          517,
          3774,
        ],
        [
          689,
          3690,
        ],
      ],
      labelBBox: {
        x: 526,
        y: 3560,
        width: 146,
        height: 39,
      },
      controlPoints: [
        {
          x: 526,
          y: 3560,
        },
        {
          x: 682,
          y: 3524,
        },
      ],
      navigateTo: null,
      tags: null,
    },
    {
      id: 'dwpgqt',
      parent: null,
      source: 'production.edge',
      target: 'production.private.k8s.app.identity_webapp',
      label: 'HTTPS (OIDC)',
      relations: [
        'rvfa9d',
      ],
      color: 'gray',
      line: 'dashed',
      head: 'normal',
      technology: '443/TLS',
      points: [
        [
          1394,
          4591,
        ],
        [
          1549,
          4689,
        ],
      ],
      labelBBox: {
        x: 539,
        y: 3901,
        width: 98,
        height: 39,
      },
      controlPoints: [
        {
          x: 539,
          y: 3901,
        },
        {
          x: 701,
          y: 3968,
        },
      ],
      navigateTo: null,
      tags: null,
    },
    {
      id: '4z6wu7',
      parent: null,
      source: 'production.edge_mqtt',
      target: 'production.private.k8s.messaging',
      label: 'TLS/MQTT → брокер',
      relations: [
        '1p4kgjs',
      ],
      color: 'gray',
      line: 'dashed',
      head: 'normal',
      technology: '8883/TCP (типично) или политика сети',
      points: [
        [
          2160,
          4229,
        ],
        [
          2372,
          3828,
        ],
      ],
      labelBBox: {
        x: 2979,
        y: 2182,
        width: 239,
        height: 39,
      },
      controlPoints: [
        {
          x: 2979,
          y: 2182,
        },
        {
          x: 2980,
          y: 2228,
        },
      ],
      navigateTo: null,
      tags: null,
    },
  ],
  _layout: 'manual',
}
