{
  _type: 'deployment',
  tags: null,
  links: null,
  _stage: 'layouted',
  sourcePath: 'docs/architecture/diagram/infrastructure/views.c4',
  description: {
    txt: 'Физическое развёртывание ИС мониторинга теплиц',
  },
  title: 'Развёртывание: production',
  id: 'production_deployment',
  autoLayout: {
    direction: 'LR',
  },
  notation: {
    nodes: [
      {
        title: 'Kubernetes Deployment (ReplicaSet → Pods)',
        shape: 'rectangle',
        color: 'indigo',
        kinds: [
          'deployment',
        ],
      },
      {
        title: 'Балансировщик нагрузки / reverse proxy',
        shape: 'rectangle',
        color: 'primary',
        kinds: [
          'load_balancer',
        ],
      },
      {
        title: 'Виртуальная машина / узел данных',
        shape: 'rectangle',
        color: 'primary',
        kinds: [
          'vm',
        ],
      },
    ],
  },
  hash: 'WGpi58gylMiOHtijxyK-I4cMOg0khZZVg1IDmuJxwgw',
  bounds: {
    x: 749,
    y: 1858,
    width: 4368,
    height: 2937,
  },
  nodes: [
    {
      id: 'production.private',
      parent: null,
      level: 0,
      children: [
        'production.private.k8s',
        'production.private.relational',
        'production.private.clickhouse',
        'production.private.identity_db',
      ],
      inEdges: [
        'ons4h8',
        '1gh15lt',
        '1gh48ep',
        'dwpgqt',
        '4z6wu7',
      ],
      outEdges: [],
      deploymentRef: 'production.private',
      title: 'Приватная сеть (VPC / data center)',
      kind: 'zone',
      color: 'gray',
      shape: 'rectangle',
      tags: [],
      style: {
        opacity: 15,
        size: 'md',
      },
      depth: 4,
      x: 1286,
      y: 2143,
      width: 3811,
      height: 2632,
      labelBBox: {
        x: 6,
        y: 0,
        width: 208,
        height: 15,
      },
      navigateTo: null,
      links: null,
    },
    {
      id: 'production.private.k8s',
      parent: 'production.private',
      level: 1,
      children: [
        'production.private.k8s.app',
        'production.private.k8s.messaging',
        'production.private.k8s.redis_ha',
      ],
      inEdges: [
        'ons4h8',
        '1gh15lt',
        '1gh48ep',
        'dwpgqt',
        '4z6wu7',
      ],
      outEdges: [
        '12zyxb4',
        '5jcmvg',
        '1kslg7l',
        'f4tstu',
        'bk9hqu',
        '1an70dx',
        '4tlt2',
      ],
      deploymentRef: 'production.private.k8s',
      title: 'Kubernetes кластер',
      kind: 'kubernetes',
      color: 'primary',
      shape: 'rectangle',
      icon: 'tech:kubernetes',
      description: {
        txt: 'Прикладные поды — в одном кластере',
      },
      tags: [],
      style: {
        opacity: 15,
        size: 'md',
      },
      depth: 3,
      x: 1328,
      y: 2203,
      width: 2721,
      height: 2212,
      labelBBox: {
        x: 6,
        y: 0,
        width: 126,
        height: 15,
      },
      navigateTo: null,
      links: null,
    },
    {
      id: 'production.private.k8s.app',
      parent: 'production.private.k8s',
      level: 2,
      children: [
        'production.private.k8s.app.saving',
        'production.private.k8s.app.webapp',
        'production.private.k8s.app.webrtc_live',
        'production.private.k8s.app.webrtc_hist',
        'production.private.k8s.app.identity_webapp',
        'production.private.k8s.app.minio',
        'production.private.k8s.app.vault_secrets',
      ],
      inEdges: [
        'ons4h8',
        '1gh15lt',
        '1gh48ep',
        'dwpgqt',
      ],
      outEdges: [
        '174ze2a',
        'pz1qhq',
        '4gw842',
        '1biulht',
        'ebsfp1',
        '1cw134p',
        '12zyxb4',
        '5jcmvg',
        '1kslg7l',
        'f4tstu',
        'bk9hqu',
        '1an70dx',
        '4tlt2',
      ],
      deploymentRef: 'production.private.k8s.app',
      title: 'Сервисы приложения',
      kind: 'zone',
      color: 'gray',
      shape: 'rectangle',
      tags: [],
      style: {
        opacity: 15,
        size: 'md',
      },
      depth: 2,
      x: 1370,
      y: 2760,
      width: 1999,
      height: 1613,
      labelBBox: {
        x: 6,
        y: 0,
        width: 111,
        height: 15,
      },
      navigateTo: null,
      links: null,
    },
    {
      id: 'production.private.k8s.app.saving',
      parent: 'production.private.k8s.app',
      level: 3,
      children: [
        'production.private.k8s.app.saving.cnt_gm_savingservice',
      ],
      inEdges: [],
      outEdges: [
        '4gw842',
        '1biulht',
        'ebsfp1',
        '1cw134p',
        'bk9hqu',
        '1an70dx',
      ],
      deploymentRef: 'production.private.k8s.app.saving',
      title: 'SavingService, replicas: 2',
      kind: 'deployment',
      technology: 'Kubernetes Deployment',
      notation: 'Kubernetes Deployment (ReplicaSet → Pods)',
      color: 'indigo',
      shape: 'rectangle',
      modelRef: 'greenhouse_system.cnt_gm_savingservice',
      description: {
        txt: 'Потребитель AMQP; горизонтально масштабируемый stateless-воркер',
      },
      tags: [],
      style: {
        opacity: 15,
        size: 'md',
      },
      depth: 1,
      x: 2844,
      y: 2820,
      width: 483,
      height: 282,
      labelBBox: {
        x: 5,
        y: 0,
        width: 169,
        height: 15,
      },
      navigateTo: null,
      links: null,
    },
    {
      id: 'production.edge',
      parent: null,
      level: 0,
      children: [],
      inEdges: [],
      outEdges: [
        'ons4h8',
        '1gh15lt',
        '1gh48ep',
        'dwpgqt',
      ],
      deploymentRef: 'production.edge',
      title: 'Периметр (reverse proxy / L7)',
      kind: 'load_balancer',
      technology: 'Nginx',
      notation: 'Балансировщик нагрузки / reverse proxy',
      color: 'primary',
      shape: 'rectangle',
      icon: 'tech:nginx',
      description: {
        txt: 'TLS termination, маршрутизация по Host/Path на upstream: CNT_GM_Web, Identity, go2rtc (live/history); WebSocket (GraphQL, сигналинг WebRTC)',
      },
      tags: [],
      style: {
        opacity: 15,
        size: 'md',
      },
      x: 769,
      y: 3605,
      width: 392,
      height: 180,
      labelBBox: {
        x: 46,
        y: 19,
        width: 331,
        height: 139,
      },
      navigateTo: null,
      links: null,
    },
    {
      id: 'production.edge_mqtt',
      parent: null,
      level: 0,
      children: [],
      inEdges: [],
      outEdges: [
        '4z6wu7',
      ],
      deploymentRef: 'production.edge_mqtt',
      title: 'Периметр MQTT (контроллеры)',
      kind: 'load_balancer',
      technology: 'Ingress TCP',
      notation: 'Балансировщик нагрузки / reverse proxy',
      color: 'primary',
      shape: 'rectangle',
      icon: 'tech:nginx',
      description: {
        txt: 'Терминация TLS и проксирование MQTT к кластеру RabbitMQ (плагин MQTT). Типичный порт 8883/TCP',
      },
      tags: [],
      style: {
        opacity: 15,
        size: 'md',
      },
      x: 3502,
      y: 1878,
      width: 416,
      height: 180,
      labelBBox: {
        x: 46,
        y: 37,
        width: 354,
        height: 103,
      },
      navigateTo: null,
      links: null,
    },
    {
      id: 'production.private.k8s.app.saving.cnt_gm_savingservice',
      parent: 'production.private.k8s.app.saving',
      level: 4,
      children: [],
      inEdges: [],
      outEdges: [
        '4gw842',
        '1biulht',
        'ebsfp1',
        '1cw134p',
        'bk9hqu',
        '1an70dx',
      ],
      kind: 'instance',
      title: 'CNT_GM_SavingService',
      description: {
        txt: 'Сервис получения данных по датчикам и сохранения их в ClickHouse',
      },
      technology: 'ASP.NET Core, .NET 10',
      tags: [],
      icon: 'tech:dotnet',
      color: 'primary',
      shape: 'rectangle',
      style: {
        opacity: 15,
        size: 'md',
      },
      deploymentRef: 'production.private.k8s.app.saving.cnt_gm_savingservice',
      modelRef: 'greenhouse_system.cnt_gm_savingservice',
      x: 2886,
      y: 2880,
      width: 399,
      height: 180,
      labelBBox: {
        x: 47,
        y: 46,
        width: 337,
        height: 85,
      },
      navigateTo: null,
      links: null,
    },
    {
      id: 'production.private.k8s.app.webapp',
      parent: 'production.private.k8s.app',
      level: 3,
      children: [
        'production.private.k8s.app.webapp.web',
        'production.private.k8s.app.webapp.api',
      ],
      inEdges: [
        'ons4h8',
      ],
      outEdges: [
        '87y0en',
        'b1dbpj',
        'jecrfn',
        '174ze2a',
        'pz1qhq',
        '12zyxb4',
        '5jcmvg',
        '1kslg7l',
        'f4tstu',
      ],
      deploymentRef: 'production.private.k8s.app.webapp',
      title: 'Веб + API (основное приложение), replicas: 2',
      kind: 'deployment',
      technology: 'Kubernetes Deployment / ReplicaSet',
      notation: 'Kubernetes Deployment (ReplicaSet → Pods)',
      color: 'indigo',
      shape: 'rectangle',
      description: {
        txt: 'Каждый под — один контейнер/процесс Kestrel: статика SPA и CNT_GM_WebAPI',
      },
      tags: [],
      style: {
        opacity: 15,
        size: 'md',
        border: 'none',
      },
      depth: 1,
      x: 1431,
      y: 3551,
      width: 1322,
      height: 291,
      labelBBox: {
        x: 6,
        y: 0,
        width: 251,
        height: 15,
      },
      navigateTo: null,
      links: null,
    },
    {
      id: 'production.private.k8s.app.webrtc_live',
      parent: 'production.private.k8s.app',
      level: 3,
      children: [
        'production.private.k8s.app.webrtc_live.cnt_gm_webrtcserver_only',
      ],
      inEdges: [
        '1gh15lt',
      ],
      outEdges: [
        '1l7v0ce',
      ],
      deploymentRef: 'production.private.k8s.app.webrtc_live',
      title: 'WebRTC (live), replicas: 2',
      kind: 'deployment',
      technology: 'Kubernetes Deployment',
      notation: 'Kubernetes Deployment (ReplicaSet → Pods)',
      color: 'indigo',
      shape: 'rectangle',
      modelRef: 'greenhouse_system.cnt_gm_webrtcserver_only',
      description: {
        txt: 'go2rtc (live). За периметром — тот же 443/TLS, маршрут на Service (WSS/HTTPS)',
      },
      tags: [],
      style: {
        opacity: 15,
        size: 'md',
      },
      depth: 1,
      x: 1412,
      y: 2840,
      width: 497,
      height: 282,
      labelBBox: {
        x: 6,
        y: 0,
        width: 162,
        height: 15,
      },
      navigateTo: null,
      links: null,
    },
    {
      id: 'production.private.k8s.messaging',
      parent: 'production.private.k8s',
      level: 2,
      children: [
        'production.private.k8s.messaging.rmq1',
        'production.private.k8s.messaging.rmq2',
      ],
      inEdges: [
        '4gw842',
        '1biulht',
        '4z6wu7',
      ],
      outEdges: [],
      deploymentRef: 'production.private.k8s.messaging',
      title: 'RabbitMQ, replicas: 2',
      kind: 'zone',
      color: 'gray',
      shape: 'rectangle',
      description: {
        txt: 'Кластер из 2 узлов в Kubernetes (StatefulSet; MQTT-плагин для контроллеров, AMQP для сервисов). Внутри кластера: 5672 (AMQP), 1883/8883 (MQTT — политика TLS на периметре).',
      },
      tags: [],
      style: {
        opacity: 15,
        size: 'md',
      },
      depth: 2,
      x: 3428,
      y: 2263,
      width: 579,
      height: 706,
      labelBBox: {
        x: 6,
        y: 0,
        width: 138,
        height: 15,
      },
      navigateTo: null,
      links: null,
    },
    {
      id: 'production.private.k8s.messaging.rmq1',
      parent: 'production.private.k8s.messaging',
      level: 3,
      children: [
        'production.private.k8s.messaging.rmq1.cnt_gm_broker',
      ],
      inEdges: [
        '4gw842',
      ],
      outEdges: [],
      deploymentRef: 'production.private.k8s.messaging.rmq1',
      title: 'RabbitMQ узел 1',
      kind: 'deployment',
      technology: 'StatefulSet в Kubernetes',
      notation: 'Kubernetes Deployment (ReplicaSet → Pods)',
      color: 'indigo',
      shape: 'rectangle',
      modelRef: 'greenhouse_system.cnt_gm_broker',
      description: {
        txt: 'Узел 1 кластера (quorum/политика зеркалирования — в ТП).',
      },
      tags: [],
      style: {
        opacity: 15,
        size: 'md',
      },
      depth: 1,
      x: 3473,
      y: 2645,
      width: 492,
      height: 282,
      labelBBox: {
        x: 6,
        y: 0,
        width: 100,
        height: 15,
      },
      navigateTo: null,
      links: null,
    },
    {
      id: 'production.private.k8s.messaging.rmq2',
      parent: 'production.private.k8s.messaging',
      level: 3,
      children: [
        'production.private.k8s.messaging.rmq2.cnt_gm_broker',
      ],
      inEdges: [
        '1biulht',
      ],
      outEdges: [],
      deploymentRef: 'production.private.k8s.messaging.rmq2',
      title: 'RabbitMQ узел 2',
      kind: 'deployment',
      technology: 'StatefulSet в Kubernetes',
      notation: 'Kubernetes Deployment (ReplicaSet → Pods)',
      color: 'indigo',
      shape: 'rectangle',
      modelRef: 'greenhouse_system.cnt_gm_broker',
      description: {
        txt: 'Узел 2 кластера.',
      },
      tags: [],
      style: {
        opacity: 15,
        size: 'md',
      },
      depth: 1,
      x: 3470,
      y: 2323,
      width: 492,
      height: 282,
      labelBBox: {
        x: 6,
        y: 0,
        width: 100,
        height: 15,
      },
      navigateTo: null,
      links: null,
    },
    {
      id: 'production.private.k8s.app.webapp.web',
      parent: 'production.private.k8s.app.webapp',
      level: 4,
      children: [],
      inEdges: [],
      outEdges: [
        'kawdkk',
        '87y0en',
      ],
      kind: 'instance',
      title: 'CNT_GM_Web',
      description: {
        md: 'Web-приложение ИС. Клиентский трафик приходит на reverse proxy / балансировщик (TLS на периметре);\r\nстатика и SPA — за одним или несколькими origin-инстансами или из object storage + CDN (по среде).',
      },
      technology: 'React, TypeScript',
      tags: [],
      icon: 'tech:react',
      color: 'primary',
      shape: 'browser',
      style: {
        opacity: 15,
        size: 'md',
      },
      deploymentRef: 'production.private.k8s.app.webapp.web',
      modelRef: 'greenhouse_system.cnt_gm_web',
      navigateTo: 'view_h5evhe',
      x: 1473,
      y: 3611,
      width: 378,
      height: 189,
      labelBBox: {
        x: 46,
        y: 24,
        width: 316,
        height: 139,
      },
      links: null,
    },
    {
      id: 'production.private.k8s.app.webrtc_live.cnt_gm_webrtcserver_only',
      parent: 'production.private.k8s.app.webrtc_live',
      level: 4,
      children: [],
      inEdges: [],
      outEdges: [
        '1l7v0ce',
      ],
      kind: 'instance',
      title: 'CNT_GM_WebRTCServer_Only',
      description: {
        txt: 'WebRTC сервер для передачи видеопотока с камер в реальном времени',
      },
      technology: 'go2rtc',
      tags: [],
      icon: 'tech:webrtc',
      color: 'primary',
      shape: 'rectangle',
      style: {
        opacity: 15,
        size: 'md',
      },
      deploymentRef: 'production.private.k8s.app.webrtc_live.cnt_gm_webrtcserver_only',
      modelRef: 'greenhouse_system.cnt_gm_webrtcserver_only',
      x: 1454,
      y: 2900,
      width: 413,
      height: 180,
      labelBBox: {
        x: 47,
        y: 37,
        width: 351,
        height: 103,
      },
      navigateTo: null,
      links: null,
    },
    {
      id: 'production.private.k8s.messaging.rmq1.cnt_gm_broker',
      parent: 'production.private.k8s.messaging.rmq1',
      level: 4,
      children: [],
      inEdges: [
        '4gw842',
      ],
      outEdges: [],
      kind: 'instance',
      title: 'CNT_GM_Broker',
      description: {
        md: 'Брокер сообщений: контроллеры теплиц публикуют телеметрию по MQTT (требования, calc_architecture).\r\nRabbitMQ с включённым MQTT-плагином: внешний MQTT для устройств, внутренние сервисы — подписчики AMQP.',
      },
      technology: 'RabbitMQ (MQTT plugin)',
      tags: [],
      icon: 'tech:rabbitmq',
      color: 'primary',
      shape: 'rectangle',
      style: {
        opacity: 15,
        size: 'md',
      },
      deploymentRef: 'production.private.k8s.messaging.rmq1.cnt_gm_broker',
      modelRef: 'greenhouse_system.cnt_gm_broker',
      x: 3515,
      y: 2705,
      width: 408,
      height: 180,
      labelBBox: {
        x: 46,
        y: 19,
        width: 346,
        height: 139,
      },
      navigateTo: null,
      links: null,
    },
    {
      id: 'production.private.k8s.messaging.rmq2.cnt_gm_broker',
      parent: 'production.private.k8s.messaging.rmq2',
      level: 4,
      children: [],
      inEdges: [
        '1biulht',
      ],
      outEdges: [],
      kind: 'instance',
      title: 'CNT_GM_Broker',
      description: {
        md: 'Брокер сообщений: контроллеры теплиц публикуют телеметрию по MQTT (требования, calc_architecture).\r\nRabbitMQ с включённым MQTT-плагином: внешний MQTT для устройств, внутренние сервисы — подписчики AMQP.',
      },
      technology: 'RabbitMQ (MQTT plugin)',
      tags: [],
      icon: 'tech:rabbitmq',
      color: 'primary',
      shape: 'rectangle',
      style: {
        opacity: 15,
        size: 'md',
      },
      deploymentRef: 'production.private.k8s.messaging.rmq2.cnt_gm_broker',
      modelRef: 'greenhouse_system.cnt_gm_broker',
      x: 3512,
      y: 2383,
      width: 408,
      height: 180,
      labelBBox: {
        x: 46,
        y: 19,
        width: 346,
        height: 139,
      },
      navigateTo: null,
      links: null,
    },
    {
      id: 'production.private.k8s.app.webapp.api',
      parent: 'production.private.k8s.app.webapp',
      level: 4,
      children: [],
      inEdges: [
        'kawdkk',
      ],
      outEdges: [
        'b1dbpj',
        'jecrfn',
        '174ze2a',
        'pz1qhq',
        '12zyxb4',
        '5jcmvg',
        '1kslg7l',
        'f4tstu',
      ],
      kind: 'instance',
      title: 'CNT_GM_WebAPI',
      description: {
        md: 'Сервис Web API. Не менее двух инстансов за балансировщиком (NFR-03); узлы stateless, сессии и кэш датчиков — в Redis.\r\nHealth checks исключают нездоровые инстансы из пула; при появлении sticky — только при необходимости для долгих WS (иначе не требуется).',
      },
      technology: 'ASP.NET Core, .NET 10',
      tags: [],
      icon: 'tech:dotnet',
      color: 'primary',
      shape: 'rectangle',
      style: {
        opacity: 15,
        size: 'md',
      },
      deploymentRef: 'production.private.k8s.app.webapp.api',
      modelRef: 'greenhouse_system.cnt_gm_webapi',
      navigateTo: 'view_qmghuq',
      x: 2326,
      y: 3611,
      width: 385,
      height: 180,
      labelBBox: {
        x: 47,
        y: 19,
        width: 323,
        height: 139,
      },
      links: null,
    },
    {
      id: 'production.private.k8s.app.webrtc_hist',
      parent: 'production.private.k8s.app',
      level: 3,
      children: [
        'production.private.k8s.app.webrtc_hist.cnt_gm_webrtcserver_history',
      ],
      inEdges: [
        '87y0en',
        '1gh48ep',
      ],
      outEdges: [
        'xelngx',
        '1ptsgd4',
      ],
      deploymentRef: 'production.private.k8s.app.webrtc_hist',
      title: 'WebRTC (архив), replicas: 2',
      kind: 'deployment',
      technology: 'Kubernetes Deployment',
      notation: 'Kubernetes Deployment (ReplicaSet → Pods)',
      color: 'indigo',
      shape: 'rectangle',
      modelRef: 'greenhouse_system.cnt_gm_webrtcserver_history',
      description: {
        txt: 'go2rtc (архив), чтение сегментов из MinIO',
      },
      tags: [],
      style: {
        opacity: 15,
        size: 'md',
      },
      depth: 1,
      x: 1729,
      y: 3195,
      width: 518,
      height: 282,
      labelBBox: {
        x: 6,
        y: 0,
        width: 168,
        height: 15,
      },
      navigateTo: null,
      links: null,
    },
    {
      id: 'production.private.k8s.app.identity_webapp',
      parent: 'production.private.k8s.app',
      level: 3,
      children: [
        'production.private.k8s.app.identity_webapp.id_web',
        'production.private.k8s.app.identity_webapp.id_api',
      ],
      inEdges: [
        'b1dbpj',
        'dwpgqt',
      ],
      outEdges: [
        '4tlt2',
      ],
      deploymentRef: 'production.private.k8s.app.identity_webapp',
      title: 'Инстанс Identity (SPA + API), replicas: 2',
      kind: 'deployment',
      technology: 'Kubernetes Deployment',
      notation: 'Kubernetes Deployment (ReplicaSet → Pods)',
      color: 'indigo',
      shape: 'rectangle',
      description: {
        txt: 'Один контейнер/процесс Kestrel на под: статика Identity UI и CNT_GM_Identity_WebAPI',
      },
      tags: [],
      style: {
        opacity: 15,
        size: 'md',
      },
      depth: 1,
      x: 1468,
      y: 4045,
      width: 1277,
      height: 286,
      labelBBox: {
        x: 6,
        y: 0,
        width: 238,
        height: 15,
      },
      navigateTo: null,
      links: null,
    },
    {
      id: 'production.private.k8s.redis_ha',
      parent: 'production.private.k8s',
      level: 2,
      children: [
        'production.private.k8s.redis_ha.redis_primary',
        'production.private.k8s.redis_ha.redis_replica',
      ],
      inEdges: [
        '174ze2a',
        'pz1qhq',
        'ebsfp1',
        '1cw134p',
      ],
      outEdges: [],
      deploymentRef: 'production.private.k8s.redis_ha',
      title: 'Redis + Sentinel',
      kind: 'zone',
      color: 'gray',
      shape: 'rectangle',
      description: {
        txt: 'Redis и Sentinel как поды в кластере (StatefulSet/Deployment, headless Service при необходимости). Реплики данных: 1 primary + 1 replica; Sentinel: replicas: 3 (кворум failover).',
      },
      tags: [],
      style: {
        opacity: 15,
        size: 'md',
      },
      depth: 2,
      x: 2271,
      y: 2271,
      width: 1056,
      height: 386,
      labelBBox: {
        x: 6,
        y: 0,
        width: 105,
        height: 15,
      },
      navigateTo: null,
      links: null,
    },
    {
      id: 'production.private.k8s.redis_ha.redis_primary',
      parent: 'production.private.k8s.redis_ha',
      level: 3,
      children: [
        'production.private.k8s.redis_ha.redis_primary.cnt_gm_redis_db',
      ],
      inEdges: [
        '174ze2a',
        'ebsfp1',
      ],
      outEdges: [],
      deploymentRef: 'production.private.k8s.redis_ha.redis_primary',
      title: 'Redis (primary)',
      kind: 'deployment',
      technology: 'StatefulSet в Kubernetes',
      notation: 'Kubernetes Deployment (ReplicaSet → Pods)',
      color: 'indigo',
      shape: 'rectangle',
      modelRef: 'greenhouse_system.cnt_gm_redis_db',
      description: {
        txt: 'Один под primary в составе репликации.',
      },
      tags: [],
      style: {
        opacity: 15,
        size: 'md',
      },
      depth: 1,
      x: 2823,
      y: 2331,
      width: 462,
      height: 282,
      labelBBox: {
        x: 6,
        y: 0,
        width: 99,
        height: 15,
      },
      navigateTo: null,
      links: null,
    },
    {
      id: 'production.private.k8s.redis_ha.redis_replica',
      parent: 'production.private.k8s.redis_ha',
      level: 3,
      children: [
        'production.private.k8s.redis_ha.redis_replica.cnt_gm_redis_db',
      ],
      inEdges: [
        'pz1qhq',
        '1cw134p',
      ],
      outEdges: [],
      deploymentRef: 'production.private.k8s.redis_ha.redis_replica',
      title: 'Redis (replica)',
      kind: 'deployment',
      technology: 'StatefulSet в Kubernetes',
      notation: 'Kubernetes Deployment (ReplicaSet → Pods)',
      color: 'indigo',
      shape: 'rectangle',
      modelRef: 'greenhouse_system.cnt_gm_redis_db',
      description: {
        txt: 'Один под replica (чтение/фейловер через Sentinel).',
      },
      tags: [],
      style: {
        opacity: 15,
        size: 'md',
      },
      depth: 1,
      x: 2313,
      y: 2333,
      width: 462,
      height: 282,
      labelBBox: {
        x: 6,
        y: 0,
        width: 96,
        height: 15,
      },
      navigateTo: null,
      links: null,
    },
    {
      id: 'production.private.relational',
      parent: 'production.private',
      level: 1,
      children: [
        'production.private.relational.pg_primary',
        'production.private.relational.pg_replica',
      ],
      inEdges: [
        '12zyxb4',
        '5jcmvg',
      ],
      outEdges: [],
      deploymentRef: 'production.private.relational',
      title: 'PostgreSQL (метаданные)',
      kind: 'zone',
      color: 'gray',
      shape: 'rectangle',
      tags: [],
      style: {
        opacity: 15,
        size: 'md',
      },
      depth: 2,
      x: 4109,
      y: 2968,
      width: 501,
      height: 778,
      labelBBox: {
        x: 6,
        y: 0,
        width: 152,
        height: 15,
      },
      navigateTo: null,
      links: null,
    },
    {
      id: 'production.private.relational.pg_primary',
      parent: 'production.private.relational',
      level: 2,
      children: [
        'production.private.relational.pg_primary.cnt_gm_db',
      ],
      inEdges: [
        '12zyxb4',
      ],
      outEdges: [
        'nx2900',
      ],
      deploymentRef: 'production.private.relational.pg_primary',
      title: 'PostgreSQL primary',
      kind: 'vm',
      technology: 'Rocky Linux 9',
      notation: 'Виртуальная машина / узел данных',
      color: 'primary',
      shape: 'rectangle',
      modelRef: 'greenhouse_system.cnt_gm_db',
      tags: [],
      style: {
        opacity: 15,
        size: 'md',
      },
      depth: 1,
      x: 4151,
      y: 3422,
      width: 408,
      height: 282,
      labelBBox: {
        x: 6,
        y: 0,
        width: 134,
        height: 15,
      },
      navigateTo: null,
      links: null,
    },
    {
      id: 'production.private.clickhouse',
      parent: 'production.private',
      level: 1,
      children: [
        'production.private.clickhouse.ch_node1',
        'production.private.clickhouse.ch_node2',
        'production.private.clickhouse.keeper1',
      ],
      inEdges: [
        '1kslg7l',
        'f4tstu',
        'bk9hqu',
        '1an70dx',
      ],
      outEdges: [],
      deploymentRef: 'production.private.clickhouse',
      title: 'ClickHouse + Keeper',
      kind: 'zone',
      color: 'gray',
      shape: 'rectangle',
      tags: [],
      style: {
        opacity: 15,
        size: 'md',
      },
      depth: 2,
      x: 4099,
      y: 3803,
      width: 956,
      height: 699,
      labelBBox: {
        x: 6,
        y: 0,
        width: 135,
        height: 15,
      },
      navigateTo: null,
      links: null,
    },
    {
      id: 'production.private.clickhouse.ch_node1',
      parent: 'production.private.clickhouse',
      level: 2,
      children: [
        'production.private.clickhouse.ch_node1.cnt_gm_timeseries_db',
      ],
      inEdges: [
        '1kslg7l',
        'bk9hqu',
      ],
      outEdges: [
        'bsx4ys',
      ],
      deploymentRef: 'production.private.clickhouse.ch_node1',
      title: 'ClickHouse сервер 1',
      kind: 'vm',
      technology: 'Rocky Linux 9',
      notation: 'Виртуальная машина / узел данных',
      color: 'primary',
      shape: 'rectangle',
      modelRef: 'greenhouse_system.cnt_gm_timeseries_db',
      tags: [],
      style: {
        opacity: 15,
        size: 'md',
      },
      depth: 1,
      x: 4141,
      y: 4178,
      width: 453,
      height: 282,
      labelBBox: {
        x: 6,
        y: 0,
        width: 126,
        height: 15,
      },
      navigateTo: null,
      links: null,
    },
    {
      id: 'production.private.clickhouse.ch_node2',
      parent: 'production.private.clickhouse',
      level: 2,
      children: [
        'production.private.clickhouse.ch_node2.cnt_gm_timeseries_db',
      ],
      inEdges: [
        'f4tstu',
        '1an70dx',
      ],
      outEdges: [
        'gd4ecn',
      ],
      deploymentRef: 'production.private.clickhouse.ch_node2',
      title: 'ClickHouse сервер 2',
      kind: 'vm',
      technology: 'Rocky Linux 9',
      notation: 'Виртуальная машина / узел данных',
      color: 'primary',
      shape: 'rectangle',
      modelRef: 'greenhouse_system.cnt_gm_timeseries_db',
      tags: [],
      style: {
        opacity: 15,
        size: 'md',
      },
      depth: 1,
      x: 4141,
      y: 3863,
      width: 453,
      height: 282,
      labelBBox: {
        x: 6,
        y: 0,
        width: 126,
        height: 15,
      },
      navigateTo: null,
      links: null,
    },
    {
      id: 'production.private.k8s.app.webrtc_hist.cnt_gm_webrtcserver_history',
      parent: 'production.private.k8s.app.webrtc_hist',
      level: 4,
      children: [],
      inEdges: [
        '87y0en',
      ],
      outEdges: [
        'xelngx',
        '1ptsgd4',
      ],
      kind: 'instance',
      title: 'CNT_GM_WebRTCServer_History',
      description: {
        txt: 'WebRTC сервер для передачи видеопотока с камер для истории',
      },
      technology: 'go2rtc',
      tags: [],
      icon: 'tech:webrtc',
      color: 'primary',
      shape: 'rectangle',
      style: {
        opacity: 15,
        size: 'md',
      },
      deploymentRef: 'production.private.k8s.app.webrtc_hist.cnt_gm_webrtcserver_history',
      modelRef: 'greenhouse_system.cnt_gm_webrtcserver_history',
      x: 1771,
      y: 3255,
      width: 434,
      height: 180,
      labelBBox: {
        x: 46,
        y: 46,
        width: 372,
        height: 85,
      },
      navigateTo: null,
      links: null,
    },
    {
      id: 'production.private.k8s.app.identity_webapp.id_web',
      parent: 'production.private.k8s.app.identity_webapp',
      level: 4,
      children: [],
      inEdges: [],
      outEdges: [
        '1heptis',
      ],
      kind: 'instance',
      title: 'CNT_GM_Identity_Web',
      description: {
        txt: 'Web приложение Identity',
      },
      technology: 'React, TypeScript',
      tags: [],
      icon: 'tech:react',
      color: 'primary',
      shape: 'browser',
      style: {
        opacity: 15,
        size: 'md',
      },
      deploymentRef: 'production.private.k8s.app.identity_webapp.id_web',
      modelRef: 'greenhouse_system.cnt_gm_identity_web',
      x: 1510,
      y: 4105,
      width: 336,
      height: 180,
      labelBBox: {
        x: 46,
        y: 55,
        width: 274,
        height: 67,
      },
      navigateTo: null,
      links: null,
    },
    {
      id: 'production.private.k8s.redis_ha.redis_primary.cnt_gm_redis_db',
      parent: 'production.private.k8s.redis_ha.redis_primary',
      level: 4,
      children: [],
      inEdges: [
        '174ze2a',
        'ebsfp1',
      ],
      outEdges: [],
      kind: 'instance',
      title: 'CNT_GM_Redis_DB',
      description: {
        txt: 'Кэш последних показаний датчиков (пишет SavingService по потоку с брокера); сессии; читает WebAPI',
      },
      technology: 'Redis',
      tags: [],
      icon: 'tech:redis',
      color: 'primary',
      shape: 'storage',
      style: {
        opacity: 15,
        size: 'md',
      },
      deploymentRef: 'production.private.k8s.redis_ha.redis_primary.cnt_gm_redis_db',
      modelRef: 'greenhouse_system.cnt_gm_redis_db',
      x: 2865,
      y: 2391,
      width: 378,
      height: 180,
      labelBBox: {
        x: 46,
        y: 37,
        width: 316,
        height: 103,
      },
      navigateTo: null,
      links: null,
    },
    {
      id: 'production.private.k8s.redis_ha.redis_replica.cnt_gm_redis_db',
      parent: 'production.private.k8s.redis_ha.redis_replica',
      level: 4,
      children: [],
      inEdges: [
        'pz1qhq',
        '1cw134p',
      ],
      outEdges: [],
      kind: 'instance',
      title: 'CNT_GM_Redis_DB',
      description: {
        txt: 'Кэш последних показаний датчиков (пишет SavingService по потоку с брокера); сессии; читает WebAPI',
      },
      technology: 'Redis',
      tags: [],
      icon: 'tech:redis',
      color: 'primary',
      shape: 'storage',
      style: {
        opacity: 15,
        size: 'md',
      },
      deploymentRef: 'production.private.k8s.redis_ha.redis_replica.cnt_gm_redis_db',
      modelRef: 'greenhouse_system.cnt_gm_redis_db',
      x: 2355,
      y: 2393,
      width: 378,
      height: 180,
      labelBBox: {
        x: 46,
        y: 37,
        width: 316,
        height: 103,
      },
      navigateTo: null,
      links: null,
    },
    {
      id: 'production.private.relational.pg_replica',
      parent: 'production.private.relational',
      level: 2,
      children: [
        'production.private.relational.pg_replica.cnt_gm_db',
      ],
      inEdges: [
        'nx2900',
        '5jcmvg',
      ],
      outEdges: [],
      deploymentRef: 'production.private.relational.pg_replica',
      title: 'PostgreSQL replica',
      kind: 'vm',
      technology: 'Rocky Linux 9',
      notation: 'Виртуальная машина / узел данных',
      color: 'primary',
      shape: 'rectangle',
      modelRef: 'greenhouse_system.cnt_gm_db',
      tags: [],
      style: {
        opacity: 15,
        size: 'md',
      },
      depth: 1,
      x: 4160,
      y: 3028,
      width: 408,
      height: 282,
      labelBBox: {
        x: 6,
        y: 0,
        width: 132,
        height: 15,
      },
      navigateTo: null,
      links: null,
    },
    {
      id: 'production.private.relational.pg_primary.cnt_gm_db',
      parent: 'production.private.relational.pg_primary',
      level: 3,
      children: [],
      inEdges: [
        '12zyxb4',
      ],
      outEdges: [],
      kind: 'instance',
      title: 'CNT_GM_DB',
      description: {
        txt: 'База данных для хранения справочников и метаданных',
      },
      technology: 'PostgreSQL',
      tags: [],
      icon: 'tech:postgresql',
      color: 'primary',
      shape: 'storage',
      style: {
        opacity: 15,
        size: 'md',
      },
      deploymentRef: 'production.private.relational.pg_primary.cnt_gm_db',
      modelRef: 'greenhouse_system.cnt_gm_db',
      x: 4193,
      y: 3482,
      width: 324,
      height: 180,
      labelBBox: {
        x: 46,
        y: 46,
        width: 262,
        height: 85,
      },
      navigateTo: null,
      links: null,
    },
    {
      id: 'production.private.clickhouse.ch_node1.cnt_gm_timeseries_db',
      parent: 'production.private.clickhouse.ch_node1',
      level: 3,
      children: [],
      inEdges: [
        '1kslg7l',
        'bk9hqu',
      ],
      outEdges: [],
      kind: 'instance',
      title: 'CNT_GM_Timeseries_DB',
      description: {
        txt: 'БД для хранения и анализа данных с датчиков температуры, влажности и кислотности почвы',
      },
      technology: 'ClickHouse',
      tags: [],
      color: 'primary',
      shape: 'storage',
      style: {
        opacity: 15,
        size: 'md',
      },
      deploymentRef: 'production.private.clickhouse.ch_node1.cnt_gm_timeseries_db',
      modelRef: 'greenhouse_system.cnt_gm_timeseries_db',
      x: 4183,
      y: 4238,
      width: 369,
      height: 180,
      labelBBox: {
        x: 18,
        y: 46,
        width: 333,
        height: 85,
      },
      navigateTo: null,
      links: null,
    },
    {
      id: 'production.private.clickhouse.ch_node2.cnt_gm_timeseries_db',
      parent: 'production.private.clickhouse.ch_node2',
      level: 3,
      children: [],
      inEdges: [
        'f4tstu',
        '1an70dx',
      ],
      outEdges: [],
      kind: 'instance',
      title: 'CNT_GM_Timeseries_DB',
      description: {
        txt: 'БД для хранения и анализа данных с датчиков температуры, влажности и кислотности почвы',
      },
      technology: 'ClickHouse',
      tags: [],
      color: 'primary',
      shape: 'storage',
      style: {
        opacity: 15,
        size: 'md',
      },
      deploymentRef: 'production.private.clickhouse.ch_node2.cnt_gm_timeseries_db',
      modelRef: 'greenhouse_system.cnt_gm_timeseries_db',
      x: 4183,
      y: 3923,
      width: 369,
      height: 180,
      labelBBox: {
        x: 18,
        y: 46,
        width: 333,
        height: 85,
      },
      navigateTo: null,
      links: null,
    },
    {
      id: 'production.private.clickhouse.keeper1',
      parent: 'production.private.clickhouse',
      level: 2,
      children: [],
      inEdges: [
        'bsx4ys',
        'gd4ecn',
      ],
      outEdges: [],
      deploymentRef: 'production.private.clickhouse.keeper1',
      title: 'ClickHouse Keeper 1',
      kind: 'vm',
      technology: 'clickhouse-keeper',
      notation: 'Виртуальная машина / узел данных',
      color: 'primary',
      shape: 'rectangle',
      description: {
        txt: 'Узел 1 ансамбля Keeper (кворум **3** ноды; не на одной ВМ).',
      },
      tags: [],
      style: {
        opacity: 15,
        size: 'md',
      },
      x: 4647,
      y: 4055,
      width: 366,
      height: 180,
      labelBBox: {
        x: 17,
        y: 46,
        width: 331,
        height: 85,
      },
      navigateTo: null,
      links: null,
    },
    {
      id: 'production.private.k8s.app.minio',
      parent: 'production.private.k8s.app',
      level: 3,
      children: [
        'production.private.k8s.app.minio.cnt_gm_s3',
      ],
      inEdges: [
        'xelngx',
      ],
      outEdges: [],
      deploymentRef: 'production.private.k8s.app.minio',
      title: 'MinIO (S3), replicas: 4',
      kind: 'deployment',
      technology: 'StatefulSet / MinIO Operator (distributed)',
      notation: 'Kubernetes Deployment (ReplicaSet → Pods)',
      color: 'indigo',
      shape: 'rectangle',
      modelRef: 'greenhouse_system.cnt_gm_s3',
      description: {
        md: 'S3-совместимое хранилище архива видео.\r\n\r\nРеплики / топология: режим distributed (типично 4 StatefulSet-пода с erasure coding) — снижает SPOF по сравнению с single-node. Упрощённый вариант (1 под) допустим только как промежуточный, с явным риском и планом backup/DR в ТП.',
      },
      tags: [],
      style: {
        opacity: 15,
        size: 'md',
      },
      depth: 1,
      x: 2848,
      y: 3189,
      width: 447,
      height: 282,
      labelBBox: {
        x: 6,
        y: 0,
        width: 134,
        height: 15,
      },
      navigateTo: null,
      links: null,
    },
    {
      id: 'production.private.k8s.app.vault_secrets',
      parent: 'production.private.k8s.app',
      level: 3,
      children: [
        'production.private.k8s.app.vault_secrets.cnt_gm_secrets',
      ],
      inEdges: [
        'jecrfn',
        '1l7v0ce',
        '1ptsgd4',
      ],
      outEdges: [],
      deploymentRef: 'production.private.k8s.app.vault_secrets',
      title: 'Vault (секреты), replicas: 3',
      kind: 'deployment',
      technology: 'StatefulSet / Helm, integrated storage',
      notation: 'Kubernetes Deployment (ReplicaSet → Pods)',
      color: 'indigo',
      shape: 'rectangle',
      modelRef: 'greenhouse_system.cnt_gm_secrets',
      description: {
        md: 'HashiCorp Vault в режиме HA (Raft): типично 3 серверов Vault в кластере (кворум, без единой точки отказа для control plane секретов). Клиенты приложений — по внутреннему DNS/Service (HTTPS, порт из политики среды, напр. 8200 внутрикластерно).',
      },
      tags: [],
      style: {
        opacity: 15,
        size: 'md',
      },
      depth: 1,
      x: 2229,
      y: 2834,
      width: 454,
      height: 282,
      labelBBox: {
        x: 6,
        y: 0,
        width: 168,
        height: 15,
      },
      navigateTo: null,
      links: null,
    },
    {
      id: 'production.private.k8s.app.identity_webapp.id_api',
      parent: 'production.private.k8s.app.identity_webapp',
      level: 4,
      children: [],
      inEdges: [
        '1heptis',
        'b1dbpj',
      ],
      outEdges: [
        '4tlt2',
      ],
      kind: 'instance',
      title: 'CNT_GM_Identity_WebAPI',
      description: {
        txt: 'Сервис Identity WebApi',
      },
      technology: 'OpenIddict, ASP.NET Core, .NET 10',
      tags: [],
      icon: 'tech:dotnet',
      color: 'primary',
      shape: 'rectangle',
      style: {
        opacity: 15,
        size: 'md',
      },
      deploymentRef: 'production.private.k8s.app.identity_webapp.id_api',
      modelRef: 'greenhouse_system.cnt_gm_identity_webapi',
      x: 2335,
      y: 4109,
      width: 368,
      height: 180,
      labelBBox: {
        x: 46,
        y: 55,
        width: 306,
        height: 67,
      },
      navigateTo: null,
      links: null,
    },
    {
      id: 'production.private.relational.pg_replica.cnt_gm_db',
      parent: 'production.private.relational.pg_replica',
      level: 3,
      children: [],
      inEdges: [
        '5jcmvg',
      ],
      outEdges: [],
      kind: 'instance',
      title: 'CNT_GM_DB',
      description: {
        txt: 'База данных для хранения справочников и метаданных',
      },
      technology: 'PostgreSQL',
      tags: [],
      icon: 'tech:postgresql',
      color: 'muted',
      shape: 'storage',
      style: {
        opacity: 15,
        size: 'md',
      },
      deploymentRef: 'production.private.relational.pg_replica.cnt_gm_db',
      modelRef: 'greenhouse_system.cnt_gm_db',
      x: 4202,
      y: 3088,
      width: 324,
      height: 180,
      labelBBox: {
        x: 46,
        y: 46,
        width: 262,
        height: 85,
      },
      navigateTo: null,
      links: null,
    },
    {
      id: 'production.private.k8s.app.minio.cnt_gm_s3',
      parent: 'production.private.k8s.app.minio',
      level: 4,
      children: [],
      inEdges: [
        'xelngx',
      ],
      outEdges: [],
      kind: 'instance',
      title: 'CNT_GM_S3',
      description: {
        txt: 'S3 хранилище для архива видео с камер',
      },
      technology: 'MinIO',
      tags: [],
      icon: 'tech:aws-s3',
      color: 'primary',
      shape: 'rectangle',
      style: {
        opacity: 15,
        size: 'md',
      },
      deploymentRef: 'production.private.k8s.app.minio.cnt_gm_s3',
      modelRef: 'greenhouse_system.cnt_gm_s3',
      x: 2890,
      y: 3249,
      width: 363,
      height: 180,
      labelBBox: {
        x: 46,
        y: 46,
        width: 301,
        height: 85,
      },
      navigateTo: null,
      links: null,
    },
    {
      id: 'production.private.k8s.app.vault_secrets.cnt_gm_secrets',
      parent: 'production.private.k8s.app.vault_secrets',
      level: 4,
      children: [],
      inEdges: [
        'jecrfn',
        '1l7v0ce',
        '1ptsgd4',
      ],
      outEdges: [],
      kind: 'instance',
      title: 'CNT_GM_Secrets',
      description: {
        txt: 'Контейнер для хранения секретов',
      },
      technology: 'HashiCorp Vault',
      tags: [],
      icon: 'tech:hashicorp-vault',
      color: 'primary',
      shape: 'rectangle',
      style: {
        opacity: 15,
        size: 'md',
      },
      deploymentRef: 'production.private.k8s.app.vault_secrets.cnt_gm_secrets',
      modelRef: 'greenhouse_system.cnt_gm_secrets',
      x: 2271,
      y: 2894,
      width: 370,
      height: 180,
      labelBBox: {
        x: 46,
        y: 55,
        width: 308,
        height: 67,
      },
      navigateTo: null,
      links: null,
    },
    {
      id: 'production.private.identity_db',
      parent: 'production.private',
      level: 1,
      children: [
        'production.private.identity_db.id_db.cnt_gm_identity_db',
      ],
      inEdges: [
        '4tlt2',
      ],
      outEdges: [],
      deploymentRef: 'production.private.identity_db',
      title: 'Identity DB',
      kind: 'zone',
      color: 'gray',
      shape: 'rectangle',
      modelRef: 'greenhouse_system.cnt_gm_identity_db',
      tags: [],
      style: {
        opacity: 15,
        size: 'md',
      },
      depth: 1,
      x: 2307,
      y: 4451,
      width: 433,
      height: 282,
      labelBBox: {
        x: 6,
        y: 0,
        width: 73,
        height: 15,
      },
      navigateTo: null,
      links: null,
    },
    {
      id: 'production.private.identity_db.id_db.cnt_gm_identity_db',
      parent: 'production.private.identity_db',
      level: 2,
      children: [],
      inEdges: [
        '4tlt2',
      ],
      outEdges: [],
      kind: 'instance',
      title: 'CNT_GM_Identity_DB',
      description: {
        txt: 'БД для хранения данных аутентификации и авторизации',
      },
      technology: 'PostgreSQL',
      tags: [],
      icon: 'tech:postgresql',
      color: 'primary',
      shape: 'storage',
      style: {
        opacity: 15,
        size: 'md',
      },
      deploymentRef: 'production.private.identity_db.id_db.cnt_gm_identity_db',
      modelRef: 'greenhouse_system.cnt_gm_identity_db',
      x: 2349,
      y: 4511,
      width: 349,
      height: 180,
      labelBBox: {
        x: 46,
        y: 46,
        width: 287,
        height: 85,
      },
      navigateTo: null,
      links: null,
    },
  ],
  edges: [
    {
      id: 'kawdkk',
      parent: 'production.private.k8s.app.webapp',
      source: 'production.private.k8s.app.webapp.web',
      target: 'production.private.k8s.app.webapp.api',
      label: 'Read, Write Data',
      relations: [
        '1jx3uun',
      ],
      color: 'gray',
      line: 'dashed',
      head: 'normal',
      technology: 'HTTPS, WebSocket, GraphQL; Bearer access token',
      kind: 'https',
      points: [
        [
          1851,
          3705,
        ],
        [
          1975,
          3704,
        ],
        [
          2136,
          3703,
        ],
        [
          2263,
          3702,
        ],
      ],
      labelBBox: {
        x: 2041,
        y: 3704,
        width: 217,
        height: 39,
      },
      controlPoints: [
        {
          x: 2041,
          y: 3704,
        },
        {
          x: 2136,
          y: 3703,
        },
      ],
      navigateTo: null,
      tags: null,
    },
    {
      id: '1heptis',
      parent: 'production.private.k8s.app.identity_webapp',
      source: 'production.private.k8s.app.identity_webapp.id_web',
      target: 'production.private.k8s.app.identity_webapp.id_api',
      label: 'Read, Write Data',
      relations: [
        '1lvfhn0',
      ],
      color: 'gray',
      line: 'dashed',
      head: 'normal',
      technology: 'HTTPS',
      kind: 'https',
      points: [
        [
          2274,
          4200,
        ],
        [
          2420,
          4200,
        ],
        [
          2633,
          4200,
        ],
        [
          2786,
          4200,
        ],
      ],
      labelBBox: {
        x: 2042,
        y: 4197,
        width: 111,
        height: 39,
      },
      controlPoints: [
        {
          x: 2042,
          y: 4197,
        },
        {
          x: 2139,
          y: 4197,
        },
      ],
      navigateTo: null,
      tags: null,
    },
    {
      id: '87y0en',
      parent: 'production.private.k8s.app',
      source: 'production.private.k8s.app.webapp.web',
      target: 'production.private.k8s.app.webrtc_hist.cnt_gm_webrtcserver_history',
      label: 'Получение видеоконтента для истории',
      relations: [
        'sjzsp8',
      ],
      color: 'gray',
      line: 'dashed',
      head: 'normal',
      technology: 'WebSocket, MSE',
      points: [
        [
          1965,
          3420,
        ],
        [
          2033,
          3423,
        ],
      ],
      labelBBox: {
        x: 1811,
        y: 3541,
        width: 265,
        height: 39,
      },
      controlPoints: [
        {
          x: 1811,
          y: 3541,
        },
        {
          x: 1843,
          y: 3506,
        },
      ],
      navigateTo: null,
      tags: null,
    },
    {
      id: 'b1dbpj',
      parent: 'production.private.k8s.app',
      source: 'production.private.k8s.app.webapp.api',
      target: 'production.private.k8s.app.identity_webapp.id_api',
      label: 'Проверка access token',
      relations: [
        'rygxgc',
      ],
      color: 'gray',
      line: 'dashed',
      head: 'normal',
      technology: 'HTTPS, OIDC metadata, JWKS',
      kind: 'https',
      points: [
        [
          2973,
          4076,
        ],
        [
          3204,
          4369,
        ],
      ],
      labelBBox: {
        x: 2519,
        y: 3918,
        width: 187,
        height: 39,
      },
      controlPoints: [
        {
          x: 2519,
          y: 3918,
        },
        {
          x: 2519,
          y: 3982,
        },
      ],
      navigateTo: null,
      tags: null,
    },
    {
      id: 'jecrfn',
      parent: 'production.private.k8s.app',
      source: 'production.private.k8s.app.webapp.api',
      target: 'production.private.k8s.app.vault_secrets.cnt_gm_secrets',
      label: 'Получение секретов сервиса',
      relations: [
        'nfnk2l',
      ],
      color: 'gray',
      line: 'dashed',
      head: 'normal',
      technology: 'HTTPS, Vault API',
      points: [
        [
          3082,
          3198,
        ],
        [
          3306,
          3127,
        ],
      ],
      labelBBox: {
        x: 2492,
        y: 3396,
        width: 198,
        height: 39,
      },
      controlPoints: [
        {
          x: 2492,
          y: 3396,
        },
        {
          x: 2483,
          y: 3289,
        },
      ],
      navigateTo: null,
      tags: null,
    },
    {
      id: '1l7v0ce',
      parent: 'production.private.k8s.app',
      source: 'production.private.k8s.app.webrtc_live.cnt_gm_webrtcserver_only',
      target: 'production.private.k8s.app.vault_secrets.cnt_gm_secrets',
      label: 'Получение секретов',
      relations: [
        '1w7cn4b',
      ],
      color: 'gray',
      line: 'dashed',
      head: 'normal',
      technology: 'HTTPS, Bearer access token',
      points: [
        [
          2630,
          4757,
        ],
        [
          2757,
          4768,
        ],
        [
          2912,
          4757,
        ],
        [
          3005,
          4657,
        ],
        [
          3016,
          4645,
        ],
        [
          3007,
          4372,
        ],
        [
          3013,
          4356,
        ],
        [
          3050,
          4249,
        ],
        [
          3131,
          4148,
        ],
        [
          3196,
          4077,
        ],
      ],
      labelBBox: {
        x: 2029,
        y: 2987,
        width: 173,
        height: 39,
      },
      controlPoints: [
        {
          x: 2029,
          y: 2987,
        },
        {
          x: 2110,
          y: 2987,
        },
      ],
      navigateTo: null,
      tags: null,
    },
    {
      id: 'xelngx',
      parent: 'production.private.k8s.app',
      source: 'production.private.k8s.app.webrtc_hist.cnt_gm_webrtcserver_history',
      target: 'production.private.k8s.app.minio.cnt_gm_s3',
      label: 'Запись сегментов архива и чтение при \nвоспроизведении',
      relations: [
        '107l7fd',
      ],
      color: 'gray',
      line: 'dashed',
      head: 'normal',
      technology: 'HTTPS, S3 API',
      points: [
        [
          2583,
          4492,
        ],
        [
          2643,
          4525,
        ],
        [
          2698,
          4556,
        ],
        [
          2706,
          4558,
        ],
        [
          2837,
          4592,
        ],
        [
          2990,
          4584,
        ],
        [
          3107,
          4568,
        ],
      ],
      labelBBox: {
        x: 2479,
        y: 3342,
        width: 265,
        height: 55,
      },
      controlPoints: [
        {
          x: 2479,
          y: 3342,
        },
        {
          x: 2616,
          y: 3342,
        },
      ],
      navigateTo: null,
      tags: null,
    },
    {
      id: '1ptsgd4',
      parent: 'production.private.k8s.app',
      source: 'production.private.k8s.app.webrtc_hist.cnt_gm_webrtcserver_history',
      target: 'production.private.k8s.app.vault_secrets.cnt_gm_secrets',
      label: 'Получение секретов',
      relations: [
        '1hqc1we',
      ],
      color: 'gray',
      line: 'dashed',
      head: 'normal',
      technology: 'HTTPS, Bearer access token',
      points: [
        [
          2641,
          4429,
        ],
        [
          2755,
          4433,
        ],
        [
          2895,
          4422,
        ],
        [
          3005,
          4363,
        ],
        [
          3020,
          4355,
        ],
        [
          3144,
          4189,
        ],
        [
          3226,
          4078,
        ],
      ],
      labelBBox: {
        x: 2199,
        y: 3183,
        width: 173,
        height: 39,
      },
      controlPoints: [
        {
          x: 2199,
          y: 3183,
        },
        {
          x: 2245,
          y: 3146,
        },
      ],
      navigateTo: null,
      tags: null,
    },
    {
      id: '174ze2a',
      parent: 'production.private.k8s',
      source: 'production.private.k8s.app.webapp.api',
      target: 'production.private.k8s.redis_ha.redis_primary.cnt_gm_redis_db',
      label: 'Чтение онлайн-показаний датчиков, сессии',
      relations: [
        'v61xho',
      ],
      color: 'gray',
      line: 'dashed',
      head: 'normal',
      technology: '6379/TCP/RESP via TLS',
      kind: 'https',
      points: [
        [
          2740,
          3195,
        ],
        [
          2831,
          2987,
        ],
      ],
      labelBBox: {
        x: 2740,
        y: 3195,
        width: 297,
        height: 39,
      },
      controlPoints: [
        {
          x: 2740,
          y: 3195,
        },
        {
          x: 2831,
          y: 2987,
        },
      ],
      navigateTo: null,
      tags: null,
    },
    {
      id: 'pz1qhq',
      parent: 'production.private.k8s',
      source: 'production.private.k8s.app.webapp.api',
      target: 'production.private.k8s.redis_ha.redis_replica.cnt_gm_redis_db',
      label: 'Чтение онлайн-показаний датчиков, сессии',
      relations: [
        'v61xho',
      ],
      color: 'gray',
      line: 'dashed',
      head: 'normal',
      technology: '6379/TCP/RESP via TLS',
      kind: 'https',
      points: [
        [
          2529,
          3195,
        ],
        [
          2533,
          2988,
        ],
      ],
      labelBBox: {
        x: 2529,
        y: 3195,
        width: 297,
        height: 39,
      },
      controlPoints: [
        {
          x: 2529,
          y: 3195,
        },
        {
          x: 2533,
          y: 2988,
        },
      ],
      navigateTo: null,
      tags: null,
    },
    {
      id: '4gw842',
      parent: 'production.private.k8s',
      source: 'production.private.k8s.app.saving.cnt_gm_savingservice',
      target: 'production.private.k8s.messaging.rmq1.cnt_gm_broker',
      label: 'Read data from sensor',
      relations: [
        '1elunji',
      ],
      color: 'gray',
      line: 'dashed',
      head: 'normal',
      technology: '5672/AMQP via TLS',
      points: [
        [
          2746,
          3541,
        ],
        [
          2896,
          3349,
        ],
      ],
      labelBBox: {
        x: 3377,
        y: 2889,
        width: 146,
        height: 38,
      },
      controlPoints: [
        {
          x: 3377,
          y: 2889,
        },
        {
          x: 3423,
          y: 2877,
        },
      ],
      navigateTo: null,
      tags: null,
    },
    {
      id: '1biulht',
      parent: 'production.private.k8s',
      source: 'production.private.k8s.app.saving.cnt_gm_savingservice',
      target: 'production.private.k8s.messaging.rmq2.cnt_gm_broker',
      label: 'Read data from sensor',
      relations: [
        '1elunji',
      ],
      color: 'gray',
      line: 'dashed',
      head: 'normal',
      technology: '5672/AMQP via TLS',
      points: [
        [
          2742,
          3415,
        ],
        [
          2899,
          3160,
        ],
      ],
      labelBBox: {
        x: 3361,
        y: 2753,
        width: 146,
        height: 39,
      },
      controlPoints: [
        {
          x: 3361,
          y: 2753,
        },
        {
          x: 3441,
          y: 2690,
        },
      ],
      navigateTo: null,
      tags: null,
    },
    {
      id: 'ebsfp1',
      parent: 'production.private.k8s',
      source: 'production.private.k8s.app.saving.cnt_gm_savingservice',
      target: 'production.private.k8s.redis_ha.redis_primary.cnt_gm_redis_db',
      label: 'Обновление кэша последних показаний \nдатчиков (онлайн)',
      relations: [
        '1i22kfz',
      ],
      color: 'gray',
      line: 'dashed',
      head: 'normal',
      technology: '6379/TCP/RESP via TLS',
      points: [
        [
          2740,
          3240,
        ],
        [
          2902,
          2898,
        ],
      ],
      labelBBox: {
        x: 3071,
        y: 2756,
        width: 265,
        height: 56,
      },
      controlPoints: [
        {
          x: 3071,
          y: 2756,
        },
        {
          x: 3068,
          y: 2694,
        },
      ],
      navigateTo: null,
      tags: null,
    },
    {
      id: '1cw134p',
      parent: 'production.private.k8s',
      source: 'production.private.k8s.app.saving.cnt_gm_savingservice',
      target: 'production.private.k8s.redis_ha.redis_replica.cnt_gm_redis_db',
      label: 'Обновление кэша последних показаний \nдатчиков (онлайн)',
      relations: [
        '1i22kfz',
      ],
      color: 'gray',
      line: 'dashed',
      head: 'normal',
      technology: '6379/TCP/RESP via TLS',
      points: [
        [
          2739,
          3114,
        ],
        [
          2903,
          2709,
        ],
      ],
      labelBBox: {
        x: 2849,
        y: 2757,
        width: 265,
        height: 56,
      },
      controlPoints: [
        {
          x: 2849,
          y: 2757,
        },
        {
          x: 2781,
          y: 2696,
        },
      ],
      navigateTo: null,
      tags: null,
    },
    {
      id: '12zyxb4',
      parent: 'production.private',
      source: 'production.private.k8s.app.webapp.api',
      target: 'production.private.relational.pg_primary.cnt_gm_db',
      label: 'Метаданные и справочники (CRUD)',
      relations: [
        '1lxqufs',
      ],
      color: 'gray',
      line: 'dashed',
      head: 'normal',
      technology: '5432/TCP via TLS',
      points: [
        [
          3352,
          3265,
        ],
        [
          3735,
          3240,
        ],
      ],
      labelBBox: {
        x: 3304,
        y: 3646,
        width: 237,
        height: 39,
      },
      controlPoints: [
        {
          x: 3304,
          y: 3646,
        },
        {
          x: 3600,
          y: 3625,
        },
      ],
      navigateTo: null,
      tags: null,
    },
    {
      id: '5jcmvg',
      parent: 'production.private',
      source: 'production.private.k8s.app.webapp.api',
      target: 'production.private.relational.pg_replica.cnt_gm_db',
      label: 'Метаданные и справочники (CRUD)',
      relations: [
        '1lxqufs',
      ],
      color: 'gray',
      line: 'dashed',
      head: 'normal',
      technology: '5432/TCP via TLS',
      points: [
        [
          3352,
          3132,
        ],
        [
          3735,
          3054,
        ],
      ],
      labelBBox: {
        x: 3308,
        y: 3477,
        width: 237,
        height: 39,
      },
      controlPoints: [
        {
          x: 3308,
          y: 3477,
        },
        {
          x: 3606,
          y: 3393,
        },
      ],
      navigateTo: null,
      tags: null,
    },
    {
      id: '1kslg7l',
      parent: 'production.private',
      source: 'production.private.k8s.app.webapp.api',
      target: 'production.private.clickhouse.ch_node1.cnt_gm_timeseries_db',
      label: 'Поиск событий и архив телеметрии \n(GraphQL)',
      relations: [
        'ba35vs',
      ],
      color: 'gray',
      line: 'dashed',
      head: 'normal',
      technology: '8443/TCP via TLS',
      points: [
        [
          3343,
          3623,
        ],
        [
          3723,
          3740,
        ],
      ],
      labelBBox: {
        x: 3300,
        y: 3966,
        width: 237,
        height: 55,
      },
      controlPoints: [
        {
          x: 3300,
          y: 3966,
        },
        {
          x: 3595,
          y: 4066,
        },
      ],
      navigateTo: null,
      tags: null,
    },
    {
      id: 'f4tstu',
      parent: 'production.private',
      source: 'production.private.k8s.app.webapp.api',
      target: 'production.private.clickhouse.ch_node2.cnt_gm_timeseries_db',
      label: 'Поиск событий и архив телеметрии \n(GraphQL)',
      relations: [
        'ba35vs',
      ],
      color: 'gray',
      line: 'dashed',
      head: 'normal',
      technology: '8443/TCP via TLS',
      points: [
        [
          3343,
          3491,
        ],
        [
          3723,
          3556,
        ],
      ],
      labelBBox: {
        x: 3300,
        y: 3833,
        width: 237,
        height: 55,
      },
      controlPoints: [
        {
          x: 3300,
          y: 3833,
        },
        {
          x: 3595,
          y: 3883,
        },
      ],
      navigateTo: null,
      tags: null,
    },
    {
      id: 'bk9hqu',
      parent: 'production.private',
      source: 'production.private.k8s.app.saving.cnt_gm_savingservice',
      target: 'production.private.clickhouse.ch_node1.cnt_gm_timeseries_db',
      label: 'Сохранение телеметрии в архив',
      relations: [
        '1rg26t7',
      ],
      color: 'gray',
      line: 'dashed',
      head: 'normal',
      technology: '8123/TCP via TLS',
      points: [
        [
          3339,
          4482,
        ],
        [
          3728,
          4671,
        ],
      ],
      labelBBox: {
        x: 3616,
        y: 3531,
        width: 218,
        height: 39,
      },
      controlPoints: [
        {
          x: 3616,
          y: 3531,
        },
        {
          x: 3838,
          y: 3767,
        },
      ],
      navigateTo: null,
      tags: null,
    },
    {
      id: '1an70dx',
      parent: 'production.private',
      source: 'production.private.k8s.app.saving.cnt_gm_savingservice',
      target: 'production.private.clickhouse.ch_node2.cnt_gm_timeseries_db',
      label: 'Сохранение телеметрии в архив',
      relations: [
        '1rg26t7',
      ],
      color: 'gray',
      line: 'dashed',
      head: 'normal',
      technology: '8123/TCP via TLS',
      points: [
        [
          3347,
          4354,
        ],
        [
          3734,
          4489,
        ],
      ],
      labelBBox: {
        x: 3621,
        y: 3405,
        width: 218,
        height: 39,
      },
      controlPoints: [
        {
          x: 3621,
          y: 3405,
        },
        {
          x: 3833,
          y: 3578,
        },
      ],
      navigateTo: null,
      tags: null,
    },
    {
      id: '4tlt2',
      parent: 'production.private',
      source: 'production.private.k8s.app.identity_webapp.id_api',
      target: 'production.private.identity_db.id_db.cnt_gm_identity_db',
      label: 'Read, Write Data',
      relations: [
        'qwhu9m',
      ],
      color: 'gray',
      line: 'dashed',
      head: 'normal',
      technology: '5432/TCP via TLS',
      points: [
        [
          3352,
          5146,
        ],
        [
          3376,
          5186,
        ],
      ],
      labelBBox: {
        x: 2521,
        y: 4378,
        width: 115,
        height: 39,
      },
      controlPoints: [
        {
          x: 2521,
          y: 4378,
        },
        {
          x: 2522,
          y: 4422,
        },
      ],
      navigateTo: null,
      tags: null,
    },
    {
      id: 'nx2900',
      parent: 'production.private.relational',
      source: 'production.private.relational.pg_primary',
      target: 'production.private.relational.pg_replica',
      label: 'Replication',
      relations: [
        'pqtqe9',
      ],
      color: 'gray',
      line: 'dashed',
      head: 'normal',
      description: {
        txt: 'Replication for metadata and reference data',
      },
      technology: '5432/TCP via TLS',
      points: [
        [
          4355,
          3408,
        ],
        [
          4355,
          3402,
        ],
      ],
      labelBBox: {
        x: 4359,
        y: 3377,
        width: 115,
        height: 39,
      },
      controlPoints: [
        {
          x: 4359,
          y: 3377,
        },
        {
          x: 4360,
          y: 3355,
        },
      ],
      navigateTo: null,
      tags: null,
    },
    {
      id: 'bsx4ys',
      parent: 'production.private.clickhouse',
      source: 'production.private.clickhouse.ch_node1',
      target: 'production.private.clickhouse.keeper1',
      label: 'Координация (ансамбль Keeper)',
      relations: [
        '102g26o',
      ],
      color: 'gray',
      line: 'dashed',
      head: 'normal',
      description: {
        txt: 'В конфигурации — эндпоинты **keeper1…keeper3** (кворум).',
      },
      technology: '9181/TCP via TLS',
      points: [
        [
          3963,
          3073,
        ],
        [
          3784,
          2520,
        ],
      ],
      labelBBox: {
        x: 4559,
        y: 4246,
        width: 214,
        height: 39,
      },
      controlPoints: [
        {
          x: 4559,
          y: 4246,
        },
        {
          x: 4645,
          y: 4214,
        },
      ],
      navigateTo: null,
      tags: null,
    },
    {
      id: 'gd4ecn',
      parent: 'production.private.clickhouse',
      source: 'production.private.clickhouse.ch_node2',
      target: 'production.private.clickhouse.keeper1',
      label: 'Координация (ансамбль Keeper)',
      relations: [
        '1d60je8',
      ],
      color: 'gray',
      line: 'dashed',
      head: 'normal',
      description: {
        txt: 'Тот же ансамбль **keeper1…keeper3**.',
      },
      technology: '9181/TCP via TLS',
      points: [
        [
          3961,
          2884,
        ],
        [
          3784,
          2394,
        ],
      ],
      labelBBox: {
        x: 4560,
        y: 4063,
        width: 214,
        height: 39,
      },
      controlPoints: [
        {
          x: 4560,
          y: 4063,
        },
        {
          x: 4645,
          y: 4088,
        },
      ],
      navigateTo: null,
      tags: null,
    },
    {
      id: 'ons4h8',
      parent: null,
      source: 'production.edge',
      target: 'production.private.k8s.app.webapp',
      label: 'HTTPS / WS',
      relations: [
        '1vzmtun',
      ],
      color: 'gray',
      line: 'dashed',
      head: 'normal',
      technology: '443/TLS',
      points: [
        [
          756,
          3743,
        ],
        [
          856,
          3671,
        ],
      ],
      labelBBox: {
        x: 1290,
        y: 3696,
        width: 84,
        height: 38,
      },
      controlPoints: [
        {
          x: 1290,
          y: 3696,
        },
        {
          x: 1368,
          y: 3695,
        },
      ],
      navigateTo: null,
      tags: null,
    },
    {
      id: '1gh15lt',
      parent: null,
      source: 'production.edge',
      target: 'production.private.k8s.app.webrtc_live',
      label: 'HTTPS / WSS (сигналинг, MSE)',
      relations: [
        '1tos790',
      ],
      color: 'gray',
      line: 'dashed',
      head: 'normal',
      technology: '443/TLS',
      points: [
        [
          359,
          3636,
        ],
        [
          503,
          3484,
        ],
      ],
      labelBBox: {
        x: 1240,
        y: 3411,
        width: 215,
        height: 38,
      },
      controlPoints: [
        {
          x: 1240,
          y: 3411,
        },
        {
          x: 1333,
          y: 3317,
        },
      ],
      navigateTo: null,
      tags: null,
    },
    {
      id: '1gh48ep',
      parent: null,
      source: 'production.edge',
      target: 'production.private.k8s.app.webrtc_hist',
      label: 'HTTPS / WSS (архив)',
      relations: [
        'ujhbs7',
      ],
      color: 'gray',
      line: 'dashed',
      head: 'normal',
      technology: '443/TLS',
      points: [
        [
          517,
          3774,
        ],
        [
          689,
          3690,
        ],
      ],
      labelBBox: {
        x: 1385,
        y: 3547,
        width: 146,
        height: 39,
      },
      controlPoints: [
        {
          x: 1385,
          y: 3547,
        },
        {
          x: 1514,
          y: 3502,
        },
      ],
      navigateTo: null,
      tags: null,
    },
    {
      id: 'dwpgqt',
      parent: null,
      source: 'production.edge',
      target: 'production.private.k8s.app.identity_webapp',
      label: 'HTTPS (OIDC)',
      relations: [
        'rvfa9d',
      ],
      color: 'gray',
      line: 'dashed',
      head: 'normal',
      technology: '443/TLS',
      points: [
        [
          1394,
          4591,
        ],
        [
          1549,
          4689,
        ],
      ],
      labelBBox: {
        x: 1397,
        y: 3882,
        width: 98,
        height: 39,
      },
      controlPoints: [
        {
          x: 1397,
          y: 3882,
        },
        {
          x: 1529,
          y: 3938,
        },
      ],
      navigateTo: null,
      tags: null,
    },
    {
      id: '4z6wu7',
      parent: null,
      source: 'production.edge_mqtt',
      target: 'production.private.k8s.messaging',
      label: 'TLS/MQTT → брокер',
      relations: [
        '1p4kgjs',
      ],
      color: 'gray',
      line: 'dashed',
      head: 'normal',
      technology: '8883/TCP via TLS',
      points: [
        [
          2160,
          4229,
        ],
        [
          2372,
          3828,
        ],
      ],
      labelBBox: {
        x: 3712,
        y: 2140,
        width: 139,
        height: 39,
      },
      controlPoints: [
        {
          x: 3712,
          y: 2140,
        },
        {
          x: 3713,
          y: 2181,
        },
      ],
      navigateTo: null,
      tags: null,
    },
  ],
  _layout: 'manual',
}
