{
  _type: 'element',
  tags: null,
  links: null,
  viewOf: 'greenhouse_system',
  _stage: 'layouted',
  sourcePath: 'docs/architecture/diagram/containers/01-views.c4',
  description: {
    txt: 'Диаграмма контейнеров системы мониторинга теплицы',
  },
  title: 'Диаграмма контейнеров',
  id: 'view_1qzwhc3',
  autoLayout: {
    direction: 'TB',
  },
  hash: 'BVdG-czvqXyerab_Whz--9tE25RCKWJ2pGPi_e-I1f0',
  bounds: {
    x: -2461,
    y: -56,
    width: 2779,
    height: 1685,
  },
  nodes: [
    {
      id: 'employee',
      parent: null,
      level: 0,
      children: [],
      inEdges: [],
      outEdges: [
        'ihbfc0',
      ],
      title: 'Сотрудник',
      modelRef: 'employee',
      shape: 'person',
      color: 'green',
      style: {
        opacity: 15,
        size: 'md',
      },
      description: {
        txt: 'Сотрудник системы мониторинга теплицы',
      },
      tags: [],
      kind: 'actor',
      x: -1306,
      y: -36,
      width: 336,
      height: 180,
      labelBBox: {
        x: 18,
        y: 65,
        width: 300,
        height: 47,
      },
      navigateTo: null,
      links: null,
    },
    {
      id: 'engineer',
      parent: null,
      level: 0,
      children: [],
      inEdges: [],
      outEdges: [
        'rj1b17',
      ],
      title: 'Инженер',
      modelRef: 'engineer',
      shape: 'person',
      color: 'green',
      style: {
        opacity: 15,
        size: 'md',
      },
      description: {
        txt: 'Инженер системы мониторинга теплицы',
      },
      tags: [],
      kind: 'actor',
      x: -876,
      y: -31,
      width: 320,
      height: 180,
      labelBBox: {
        x: 18,
        y: 65,
        width: 283,
        height: 47,
      },
      navigateTo: null,
      links: null,
    },
    {
      id: 'cnt_greenhouse',
      parent: null,
      level: 0,
      children: [
        'cnt_greenhouse.cnt_digital_controller',
        'cnt_greenhouse.cnt_video_camera',
      ],
      inEdges: [
        'wiguvt',
        'y1t7tb',
      ],
      outEdges: [
        'bx5sih',
      ],
      title: 'Теплица',
      modelRef: 'cnt_greenhouse',
      shape: 'rectangle',
      color: 'slate',
      style: {
        opacity: 15,
        size: 'md',
      },
      description: {
        txt: 'Теплица для выращивания растений',
      },
      tags: [],
      kind: 'greenhouse',
      depth: 1,
      x: -2441,
      y: 622,
      width: 453,
      height: 684,
      labelBBox: {
        x: 6,
        y: 0,
        width: 47,
        height: 15,
      },
      navigateTo: null,
      links: null,
    },
    {
      id: 'cnt_greenhouse.cnt_digital_controller',
      parent: 'cnt_greenhouse',
      level: 1,
      children: [],
      inEdges: [],
      outEdges: [
        'bx5sih',
      ],
      title: 'CNT_Digital_Controller',
      modelRef: 'cnt_greenhouse.cnt_digital_controller',
      shape: 'rectangle',
      color: 'slate',
      style: {
        opacity: 15,
        size: 'md',
      },
      description: {
        txt: 'Контроллер сбора данных с датчиков температуры, влажности и кислотности почвы',
      },
      tags: [],
      kind: 'digital_controller',
      x: -2399,
      y: 1084,
      width: 369,
      height: 180,
      labelBBox: {
        x: 18,
        y: 55,
        width: 333,
        height: 65,
      },
      navigateTo: null,
      links: null,
    },
    {
      id: 'greenhouse_system',
      parent: null,
      level: 0,
      children: [
        'greenhouse_system.cnt_gm_web',
        'greenhouse_system.cnt_gm_savingservice',
        'greenhouse_system.cnt_gm_identity_web',
        'greenhouse_system.cnt_gm_webapi',
        'greenhouse_system.cnt_gm_webrtcserver_history',
        'greenhouse_system.cnt_gm_webrtcserver_only',
        'greenhouse_system.cnt_gm_broker',
        'greenhouse_system.cnt_gm_db',
        'greenhouse_system.cnt_gm_identity_webapi',
        'greenhouse_system.cnt_gm_redis_db',
        'greenhouse_system.cnt_gm_timeseries_db',
        'greenhouse_system.cnt_gm_s3',
        'greenhouse_system.cnt_gm_secrets',
        'greenhouse_system.cnt_gm_identity_db',
      ],
      inEdges: [
        'ihbfc0',
        'rj1b17',
        'bx5sih',
      ],
      outEdges: [
        'wiguvt',
        'y1t7tb',
      ],
      title: 'Greenhouse Monitoring',
      modelRef: 'greenhouse_system',
      shape: 'rectangle',
      color: 'primary',
      style: {
        opacity: 15,
        size: 'md',
      },
      description: {
        md: '### [Система мониторинга теплицы](https://github.com/GreenhouseMonitoring/greenhouse-monitoring)\r\n\r\nПолучает данные по датчикам и видеопотоку с теплицы и предоставляет доступ к ним',
      },
      tags: [],
      kind: 'system',
      depth: 1,
      navigateTo: 'view_1reefd5',
      x: -1834,
      y: 236,
      width: 2132,
      height: 1373,
      labelBBox: {
        x: 6,
        y: 0,
        width: 157,
        height: 15,
      },
      links: null,
    },
    {
      id: 'greenhouse_system.cnt_gm_web',
      parent: 'greenhouse_system',
      level: 1,
      children: [],
      inEdges: [
        'ihbfc0',
        'rj1b17',
      ],
      outEdges: [
        '1ytvqw3',
        'lezbqq',
        '1mhgh1z',
        'y369q9',
      ],
      title: 'CNT_GM_Web',
      modelRef: 'greenhouse_system.cnt_gm_web',
      shape: 'browser',
      color: 'primary',
      icon: 'tech:react',
      style: {
        opacity: 15,
        size: 'md',
      },
      description: {
        md: 'Web-приложение ИС. Клиентский трафик приходит на reverse proxy / балансировщик (TLS на периметре);\r\nстатика и SPA — за одним или несколькими origin-инстансами или из object storage + CDN (по среде).',
      },
      tags: [],
      metadata: {
        framework: 'React',
        language: 'TypeScript',
        version: '18.2.0',
        deployment_target: [
          'staging',
          'production',
        ],
        load_balancing: 'Периметр: reverse proxy / L7 LB; TLS termination на edge; при необходимости горизонталь раздачи статики',
      },
      technology: 'React, TypeScript',
      kind: 'container',
      navigateTo: 'view_h5evhe',
      x: -1080,
      y: 296,
      width: 378,
      height: 189,
      labelBBox: {
        x: 46,
        y: 24,
        width: 316,
        height: 139,
      },
      links: null,
    },
    {
      id: 'greenhouse_system.cnt_gm_savingservice',
      parent: 'greenhouse_system',
      level: 1,
      children: [],
      inEdges: [],
      outEdges: [
        '5r6i8g',
        '1roaeir',
        'qjdgp0',
      ],
      title: 'CNT_GM_SavingService',
      modelRef: 'greenhouse_system.cnt_gm_savingservice',
      shape: 'rectangle',
      color: 'primary',
      icon: 'tech:dotnet',
      style: {
        opacity: 15,
        size: 'md',
      },
      description: {
        txt: 'Сервис получения данных по датчикам и сохранения их в ClickHouse',
      },
      tags: [],
      technology: 'ASP.NET Core, .NET 10',
      kind: 'container',
      x: -1792,
      y: 1387,
      width: 399,
      height: 180,
      labelBBox: {
        x: 47,
        y: 46,
        width: 337,
        height: 85,
      },
      navigateTo: null,
      links: null,
    },
    {
      id: 'greenhouse_system.cnt_gm_identity_web',
      parent: 'greenhouse_system',
      level: 1,
      children: [],
      inEdges: [
        '1ytvqw3',
      ],
      outEdges: [
        'c9u5gy',
      ],
      title: 'CNT_GM_Identity_Web',
      modelRef: 'greenhouse_system.cnt_gm_identity_web',
      shape: 'browser',
      color: 'primary',
      icon: 'tech:react',
      style: {
        opacity: 15,
        size: 'md',
      },
      description: {
        txt: 'Web приложение Identity',
      },
      tags: [],
      technology: 'React, TypeScript',
      kind: 'container',
      x: -92,
      y: 301,
      width: 336,
      height: 180,
      labelBBox: {
        x: 46,
        y: 55,
        width: 274,
        height: 67,
      },
      navigateTo: null,
      links: null,
    },
    {
      id: 'greenhouse_system.cnt_gm_webapi',
      parent: 'greenhouse_system',
      level: 1,
      children: [],
      inEdges: [
        'lezbqq',
      ],
      outEdges: [
        '81dllw',
        'le76kj',
        'x8na5u',
        'mgrotj',
        'dk9cid',
      ],
      title: 'CNT_GM_WebAPI',
      modelRef: 'greenhouse_system.cnt_gm_webapi',
      shape: 'rectangle',
      color: 'primary',
      icon: 'tech:dotnet',
      style: {
        opacity: 15,
        size: 'md',
      },
      description: {
        md: 'Сервис Web API. Не менее двух инстансов за балансировщиком (NFR-03); узлы stateless, сессии и кэш датчиков — в Redis.\r\nHealth checks исключают нездоровые инстансы из пула; при появлении sticky — только при необходимости для долгих WS (иначе не требуется).',
      },
      tags: [],
      metadata: {
        load_balancing: '2+ инстанса за L4/L7 LB; readiness/liveness; горизонтальное масштабирование без привязки состояния к узлу',
      },
      technology: 'ASP.NET Core, .NET 10',
      kind: 'container',
      navigateTo: 'view_qmghuq',
      x: -593,
      y: 771,
      width: 385,
      height: 180,
      labelBBox: {
        x: 47,
        y: 19,
        width: 323,
        height: 139,
      },
      links: null,
    },
    {
      id: 'greenhouse_system.cnt_gm_webrtcserver_history',
      parent: 'greenhouse_system',
      level: 1,
      children: [],
      inEdges: [
        '1mhgh1z',
      ],
      outEdges: [
        '1m3u4vb',
        '1fl4tcy',
        'wiguvt',
      ],
      title: 'CNT_GM_WebRTCServer_History',
      modelRef: 'greenhouse_system.cnt_gm_webrtcserver_history',
      shape: 'rectangle',
      color: 'primary',
      icon: 'tech:webrtc',
      style: {
        opacity: 15,
        size: 'md',
      },
      description: {
        txt: 'WebRTC сервер для передачи видеопотока с камер для истории',
      },
      tags: [],
      technology: 'go2rtc',
      kind: 'container',
      x: -1788,
      y: 818,
      width: 434,
      height: 180,
      labelBBox: {
        x: 46,
        y: 46,
        width: 372,
        height: 85,
      },
      navigateTo: null,
      links: null,
    },
    {
      id: 'greenhouse_system.cnt_gm_webrtcserver_only',
      parent: 'greenhouse_system',
      level: 1,
      children: [],
      inEdges: [
        'y369q9',
      ],
      outEdges: [
        '19xqbck',
        'y1t7tb',
      ],
      title: 'CNT_GM_WebRTCServer_Only',
      modelRef: 'greenhouse_system.cnt_gm_webrtcserver_only',
      shape: 'rectangle',
      color: 'primary',
      icon: 'tech:webrtc',
      style: {
        opacity: 15,
        size: 'md',
      },
      description: {
        txt: 'WebRTC сервер для передачи видеопотока с камер в реальном времени',
      },
      tags: [],
      technology: 'go2rtc',
      kind: 'container',
      x: -1790,
      y: 522,
      width: 413,
      height: 180,
      labelBBox: {
        x: 47,
        y: 37,
        width: 351,
        height: 103,
      },
      navigateTo: null,
      links: null,
    },
    {
      id: 'greenhouse_system.cnt_gm_broker',
      parent: 'greenhouse_system',
      level: 1,
      children: [],
      inEdges: [
        '5r6i8g',
        'bx5sih',
      ],
      outEdges: [],
      title: 'CNT_GM_Broker',
      modelRef: 'greenhouse_system.cnt_gm_broker',
      shape: 'rectangle',
      color: 'primary',
      icon: 'tech:rabbitmq',
      style: {
        opacity: 15,
        size: 'md',
      },
      description: {
        md: 'Брокер сообщений: контроллеры теплиц публикуют телеметрию по MQTT (требования, calc_architecture).\r\nRabbitMQ с включённым MQTT-плагином: внешний MQTT для устройств, внутренние сервисы — подписчики AMQP.',
      },
      tags: [],
      technology: 'RabbitMQ (MQTT plugin)',
      kind: 'container',
      x: -1788,
      y: 1097,
      width: 408,
      height: 180,
      labelBBox: {
        x: 46,
        y: 19,
        width: 346,
        height: 138,
      },
      navigateTo: null,
      links: null,
    },
    {
      id: 'greenhouse_system.cnt_gm_db',
      parent: 'greenhouse_system',
      level: 1,
      children: [],
      inEdges: [
        '81dllw',
      ],
      outEdges: [],
      title: 'CNT_GM_DB',
      modelRef: 'greenhouse_system.cnt_gm_db',
      shape: 'storage',
      color: 'primary',
      icon: 'tech:postgresql',
      style: {
        opacity: 15,
        size: 'md',
      },
      description: {
        txt: 'База данных для хранения справочников и метаданных',
      },
      tags: [],
      technology: 'PostgreSQL',
      kind: 'database',
      x: -283,
      y: 1363,
      width: 324,
      height: 180,
      labelBBox: {
        x: 46,
        y: 46,
        width: 262,
        height: 84,
      },
      navigateTo: null,
      links: null,
    },
    {
      id: 'greenhouse_system.cnt_gm_identity_webapi',
      parent: 'greenhouse_system',
      level: 1,
      children: [],
      inEdges: [
        'c9u5gy',
        'le76kj',
      ],
      outEdges: [
        'c04fwk',
      ],
      title: 'CNT_GM_Identity_WebAPI',
      modelRef: 'greenhouse_system.cnt_gm_identity_webapi',
      shape: 'rectangle',
      color: 'primary',
      icon: 'tech:dotnet',
      style: {
        opacity: 15,
        size: 'md',
      },
      description: {
        txt: 'Сервис Identity WebApi',
      },
      tags: [],
      technology: 'OpenIddict, ASP.NET Core, .NET 10',
      kind: 'container',
      x: -112,
      y: 762,
      width: 368,
      height: 180,
      labelBBox: {
        x: 46,
        y: 55,
        width: 306,
        height: 66,
      },
      navigateTo: null,
      links: null,
    },
    {
      id: 'greenhouse_system.cnt_gm_redis_db',
      parent: 'greenhouse_system',
      level: 1,
      children: [],
      inEdges: [
        '1roaeir',
        'x8na5u',
      ],
      outEdges: [],
      title: 'CNT_GM_Redis_DB',
      modelRef: 'greenhouse_system.cnt_gm_redis_db',
      shape: 'storage',
      color: 'primary',
      icon: 'tech:redis',
      style: {
        opacity: 15,
        size: 'md',
      },
      description: {
        txt: 'Кэш последних показаний датчиков (пишет SavingService по потоку с брокера); сессии; читает WebAPI',
      },
      tags: [],
      technology: 'Redis',
      kind: 'cache',
      x: -1153,
      y: 1180,
      width: 378,
      height: 180,
      labelBBox: {
        x: 46,
        y: 37,
        width: 316,
        height: 102,
      },
      navigateTo: null,
      links: null,
    },
    {
      id: 'greenhouse_system.cnt_gm_timeseries_db',
      parent: 'greenhouse_system',
      level: 1,
      children: [],
      inEdges: [
        'qjdgp0',
        'dk9cid',
      ],
      outEdges: [],
      title: 'CNT_GM_Timeseries_DB',
      modelRef: 'greenhouse_system.cnt_gm_timeseries_db',
      shape: 'storage',
      color: 'primary',
      style: {
        opacity: 15,
        size: 'md',
      },
      description: {
        txt: 'БД для хранения и анализа данных с датчиков температуры, влажности и кислотности почвы',
      },
      tags: [],
      technology: 'ClickHouse',
      kind: 'database',
      x: -717,
      y: 1365,
      width: 369,
      height: 180,
      labelBBox: {
        x: 18,
        y: 46,
        width: 333,
        height: 84,
      },
      navigateTo: null,
      links: null,
    },
    {
      id: 'greenhouse_system.cnt_gm_s3',
      parent: 'greenhouse_system',
      level: 1,
      children: [],
      inEdges: [
        '1m3u4vb',
      ],
      outEdges: [],
      title: 'CNT_GM_S3',
      modelRef: 'greenhouse_system.cnt_gm_s3',
      shape: 'rectangle',
      color: 'primary',
      icon: 'tech:aws-s3',
      style: {
        opacity: 15,
        size: 'md',
      },
      description: {
        txt: 'S3 хранилище для архива видео с камер',
      },
      tags: [],
      technology: 'MinIO',
      kind: 'container',
      x: -1141,
      y: 931,
      width: 363,
      height: 180,
      labelBBox: {
        x: 46,
        y: 46,
        width: 302,
        height: 84,
      },
      navigateTo: null,
      links: null,
    },
    {
      id: 'greenhouse_system.cnt_gm_secrets',
      parent: 'greenhouse_system',
      level: 1,
      children: [],
      inEdges: [
        'mgrotj',
        '1fl4tcy',
        '19xqbck',
      ],
      outEdges: [],
      title: 'CNT_GM_Secrets',
      modelRef: 'greenhouse_system.cnt_gm_secrets',
      shape: 'rectangle',
      color: 'primary',
      icon: 'tech:hashicorp-vault',
      style: {
        opacity: 15,
        size: 'md',
      },
      description: {
        txt: 'Контейнер для хранения секретов',
      },
      tags: [],
      technology: 'HashiCorp Vault',
      kind: 'container',
      x: -1125,
      y: 691,
      width: 370,
      height: 180,
      labelBBox: {
        x: 46,
        y: 55,
        width: 308,
        height: 66,
      },
      navigateTo: null,
      links: null,
    },
    {
      id: 'greenhouse_system.cnt_gm_identity_db',
      parent: 'greenhouse_system',
      level: 1,
      children: [],
      inEdges: [
        'c04fwk',
      ],
      outEdges: [],
      title: 'CNT_GM_Identity_DB',
      modelRef: 'greenhouse_system.cnt_gm_identity_db',
      shape: 'storage',
      color: 'primary',
      icon: 'tech:postgresql',
      style: {
        opacity: 15,
        size: 'md',
      },
      description: {
        txt: 'БД для хранения данных аутентификации и авторизации',
      },
      tags: [],
      technology: 'PostgreSQL',
      kind: 'database',
      x: -93,
      y: 1082,
      width: 349,
      height: 180,
      labelBBox: {
        x: 47,
        y: 46,
        width: 287,
        height: 84,
      },
      navigateTo: null,
      links: null,
    },
    {
      id: 'cnt_greenhouse.cnt_video_camera',
      parent: 'cnt_greenhouse',
      level: 1,
      children: [],
      inEdges: [
        'wiguvt',
        'y1t7tb',
      ],
      outEdges: [],
      title: 'CNT_Video_Camera',
      modelRef: 'cnt_greenhouse.cnt_video_camera',
      shape: 'rectangle',
      color: 'slate',
      style: {
        opacity: 15,
        size: 'md',
      },
      description: {
        txt: 'Камера для сбора видеоданных',
      },
      tags: [],
      kind: 'video_camera',
      x: -2377,
      y: 682,
      width: 320,
      height: 180,
      labelBBox: {
        x: 48,
        y: 64,
        width: 225,
        height: 47,
      },
      navigateTo: null,
      links: null,
    },
  ],
  edges: [
    {
      id: 'ihbfc0',
      parent: null,
      source: 'employee',
      target: 'greenhouse_system.cnt_gm_web',
      label: 'Оперативный просмотр данных',
      relations: [
        '1lsi0bj',
      ],
      color: 'gray',
      line: 'dashed',
      head: 'normal',
      technology: 'opens in browser',
      kind: 'https',
      points: [
        [
          228,
          180,
        ],
        [
          243,
          213,
        ],
        [
          262,
          251,
        ],
        [
          283,
          283,
        ],
        [
          296,
          304,
        ],
        [
          311,
          325,
        ],
        [
          326,
          345,
        ],
      ],
      labelBBox: {
        x: -1038,
        y: 203,
        width: 206,
        height: 39,
      },
      controlPoints: [
        {
          x: -1038,
          y: 203,
        },
        {
          x: -1018,
          y: 234,
        },
      ],
      navigateTo: null,
      tags: null,
    },
    {
      id: 'rj1b17',
      parent: null,
      source: 'engineer',
      target: 'greenhouse_system.cnt_gm_web',
      label: 'Просмотр исторических данных',
      relations: [
        'nj0js7',
      ],
      color: 'gray',
      line: 'dashed',
      head: 'normal',
      technology: 'opens in browser',
      kind: 'https',
      points: [
        [
          577,
          180,
        ],
        [
          557,
          212,
        ],
        [
          535,
          250,
        ],
        [
          514,
          283,
        ],
        [
          502,
          303,
        ],
        [
          488,
          324,
        ],
        [
          475,
          344,
        ],
      ],
      labelBBox: {
        x: -805,
        y: 201,
        width: 214,
        height: 39,
      },
      controlPoints: [
        {
          x: -805,
          y: 201,
        },
        {
          x: -829,
          y: 240,
        },
      ],
      navigateTo: null,
      tags: null,
    },
    {
      id: '5r6i8g',
      parent: 'greenhouse_system',
      source: 'greenhouse_system.cnt_gm_savingservice',
      target: 'greenhouse_system.cnt_gm_broker',
      label: 'Read data from sensor',
      relations: [
        '1elunji',
      ],
      color: 'gray',
      line: 'dashed',
      head: 'normal',
      technology: '5672/AMQP via TLS',
      points: [
        [
          -275,
          537,
        ],
        [
          -617,
          592,
        ],
      ],
      labelBBox: {
        x: -1587,
        y: 1343,
        width: 146,
        height: 38,
      },
      controlPoints: [
        {
          x: -1587,
          y: 1343,
        },
        {
          x: -1588,
          y: 1321,
        },
      ],
      navigateTo: null,
      tags: null,
    },
    {
      id: '81dllw',
      parent: 'greenhouse_system',
      source: 'greenhouse_system.cnt_gm_webapi',
      target: 'greenhouse_system.cnt_gm_db',
      label: 'Метаданные и справочники (CRUD)',
      relations: [
        '1lxqufs',
      ],
      color: 'gray',
      line: 'dashed',
      head: 'normal',
      technology: '5432/TCP via TLS',
      points: [
        [
          -560,
          817,
        ],
        [
          -560,
          868,
        ],
        [
          -560,
          932,
        ],
        [
          -560,
          985,
        ],
      ],
      labelBBox: {
        x: -288,
        y: 1131,
        width: 237,
        height: 38,
      },
      controlPoints: [
        {
          x: -288,
          y: 1131,
        },
        {
          x: -263,
          y: 1180,
        },
      ],
      navigateTo: null,
      tags: null,
    },
    {
      id: 'c04fwk',
      parent: 'greenhouse_system',
      source: 'greenhouse_system.cnt_gm_identity_webapi',
      target: 'greenhouse_system.cnt_gm_identity_db',
      label: 'Read, Write Data',
      relations: [
        'qwhu9m',
      ],
      color: 'gray',
      line: 'dashed',
      head: 'normal',
      technology: '5432/TCP via TLS',
      points: [
        [
          41,
          528,
        ],
        [
          45,
          510,
        ],
      ],
      labelBBox: {
        x: 77,
        y: 995,
        width: 115,
        height: 39,
      },
      controlPoints: [
        {
          x: 77,
          y: 995,
        },
        {
          x: 77,
          y: 1024,
        },
      ],
      navigateTo: null,
      tags: null,
    },
    {
      id: 'c9u5gy',
      parent: 'greenhouse_system',
      source: 'greenhouse_system.cnt_gm_identity_web',
      target: 'greenhouse_system.cnt_gm_identity_webapi',
      label: 'Read, Write Data',
      relations: [
        '1lvfhn0',
      ],
      color: 'gray',
      line: 'dashed',
      head: 'normal',
      technology: 'HTTPS',
      kind: 'https',
      points: [
        [
          -1002,
          817,
        ],
        [
          -1005,
          868,
        ],
        [
          -1008,
          933,
        ],
        [
          -1011,
          986,
        ],
      ],
      labelBBox: {
        x: 74,
        y: 593,
        width: 111,
        height: 38,
      },
      controlPoints: [
        {
          x: 74,
          y: 593,
        },
        {
          x: 73,
          y: 647,
        },
      ],
      navigateTo: null,
      tags: null,
    },
    {
      id: '1ytvqw3',
      parent: 'greenhouse_system',
      source: 'greenhouse_system.cnt_gm_web',
      target: 'greenhouse_system.cnt_gm_identity_web',
      label: 'Authentication',
      relations: [
        '1yiy331',
      ],
      color: 'gray',
      line: 'dashed',
      head: 'normal',
      technology: 'OpenID Connect',
      kind: 'https',
      points: [
        [
          -880,
          473,
        ],
        [
          -902,
          520,
        ],
        [
          -930,
          579,
        ],
        [
          -952,
          627,
        ],
      ],
      labelBBox: {
        x: -496,
        y: 387,
        width: 107,
        height: 39,
      },
      controlPoints: [
        {
          x: -496,
          y: 387,
        },
        {
          x: -351,
          y: 387,
        },
      ],
      navigateTo: null,
      tags: null,
    },
    {
      id: 'le76kj',
      parent: 'greenhouse_system',
      source: 'greenhouse_system.cnt_gm_webapi',
      target: 'greenhouse_system.cnt_gm_identity_webapi',
      label: 'Проверка access token',
      relations: [
        'rygxgc',
      ],
      color: 'gray',
      line: 'dashed',
      head: 'normal',
      technology: 'HTTPS, OIDC metadata, JWKS',
      kind: 'https',
      points: [
        [
          -474,
          751,
        ],
        [
          -373,
          731,
        ],
      ],
      labelBBox: {
        x: -215,
        y: 857,
        width: 187,
        height: 38,
      },
      controlPoints: [
        {
          x: -215,
          y: 857,
        },
        {
          x: -160,
          y: 855,
        },
      ],
      navigateTo: null,
      tags: null,
    },
    {
      id: '1roaeir',
      parent: 'greenhouse_system',
      source: 'greenhouse_system.cnt_gm_savingservice',
      target: 'greenhouse_system.cnt_gm_redis_db',
      label: 'Обновление кэша последних показаний \nдатчиков (онлайн)',
      relations: [
        '1i22kfz',
      ],
      color: 'gray',
      line: 'dashed',
      head: 'normal',
      technology: '6379/TCP/RESP via TLS',
      points: [
        [
          -1005,
          1094,
        ],
        [
          -781,
          947,
        ],
      ],
      labelBBox: {
        x: -1327,
        y: 1389,
        width: 265,
        height: 56,
      },
      controlPoints: [
        {
          x: -1327,
          y: 1389,
        },
        {
          x: -1227,
          y: 1355,
        },
      ],
      navigateTo: null,
      tags: null,
    },
    {
      id: 'x8na5u',
      parent: 'greenhouse_system',
      source: 'greenhouse_system.cnt_gm_webapi',
      target: 'greenhouse_system.cnt_gm_redis_db',
      label: 'Чтение онлайн-показаний датчиков, сессии',
      relations: [
        'v61xho',
      ],
      color: 'gray',
      line: 'dashed',
      head: 'normal',
      technology: '6379/TCP/RESP via TLS',
      kind: 'https',
      points: [
        [
          -400,
          806,
        ],
        [
          -364,
          827,
        ],
        [
          -327,
          851,
        ],
        [
          -295,
          877,
        ],
        [
          -255,
          909,
        ],
        [
          -217,
          950,
        ],
        [
          -185,
          988,
        ],
      ],
      labelBBox: {
        x: -678,
        y: 1051,
        width: 297,
        height: 38,
      },
      controlPoints: [
        {
          x: -678,
          y: 1051,
        },
        {
          x: -719,
          y: 1081,
        },
      ],
      navigateTo: null,
      tags: null,
    },
    {
      id: '1m3u4vb',
      parent: 'greenhouse_system',
      source: 'greenhouse_system.cnt_gm_webrtcserver_history',
      target: 'greenhouse_system.cnt_gm_s3',
      label: 'Запись сегментов архива и чтение при \nвоспроизведении',
      relations: [
        '107l7fd',
      ],
      color: 'gray',
      line: 'dashed',
      head: 'normal',
      technology: 'HTTPS, S3 API',
      points: [
        [
          1132,
          686,
        ],
        [
          336,
          796,
        ],
      ],
      labelBBox: {
        x: -1247,
        y: 966,
        width: 265,
        height: 56,
      },
      controlPoints: [
        {
          x: -1237,
          y: 968,
        },
      ],
      navigateTo: null,
      tags: null,
    },
    {
      id: 'qjdgp0',
      parent: 'greenhouse_system',
      source: 'greenhouse_system.cnt_gm_savingservice',
      target: 'greenhouse_system.cnt_gm_timeseries_db',
      label: 'Сохранение телеметрии в архив',
      relations: [
        '1rg26t7',
      ],
      color: 'gray',
      line: 'dashed',
      head: 'normal',
      technology: '8123/TCP via TLS',
      points: [
        [
          -85,
          719,
        ],
        [
          -335,
          836,
        ],
      ],
      labelBBox: {
        x: -1112,
        y: 1467,
        width: 218,
        height: 38,
      },
      controlPoints: [
        {
          x: -1112,
          y: 1467,
        },
        {
          x: -992,
          y: 1464,
        },
      ],
      navigateTo: null,
      tags: null,
    },
    {
      id: 'mgrotj',
      parent: 'greenhouse_system',
      source: 'greenhouse_system.cnt_gm_webapi',
      target: 'greenhouse_system.cnt_gm_secrets',
      label: 'Получение секретов сервиса',
      relations: [
        'nfnk2l',
      ],
      color: 'gray',
      line: 'dashed',
      head: 'normal',
      technology: 'HTTPS, Vault API',
      points: [
        [
          -800,
          786,
        ],
        [
          -819,
          780,
        ],
      ],
      labelBBox: {
        x: -674,
        y: 821,
        width: 198,
        height: 38,
      },
      controlPoints: [
        {
          x: -657,
          y: 824,
        },
      ],
      navigateTo: null,
      tags: null,
    },
    {
      id: '1fl4tcy',
      parent: 'greenhouse_system',
      source: 'greenhouse_system.cnt_gm_webrtcserver_history',
      target: 'greenhouse_system.cnt_gm_secrets',
      label: 'Получение секретов',
      relations: [
        '1hqc1we',
      ],
      color: 'gray',
      line: 'dashed',
      head: 'normal',
      technology: 'HTTPS, Bearer access token',
      points: [
        [
          -1304,
          906,
        ],
        [
          -1279,
          906,
        ],
      ],
      labelBBox: {
        x: -1253,
        y: 844,
        width: 173,
        height: 38,
      },
      controlPoints: [
        {
          x: -1253,
          y: 844,
        },
        {
          x: -1220,
          y: 837,
        },
      ],
      navigateTo: null,
      tags: null,
    },
    {
      id: '19xqbck',
      parent: 'greenhouse_system',
      source: 'greenhouse_system.cnt_gm_webrtcserver_only',
      target: 'greenhouse_system.cnt_gm_secrets',
      label: 'Получение секретов',
      relations: [
        '1w7cn4b',
      ],
      color: 'gray',
      line: 'dashed',
      head: 'normal',
      technology: 'HTTPS, Bearer access token',
      points: [
        [
          -1334,
          747,
        ],
        [
          -1292,
          769,
        ],
      ],
      labelBBox: {
        x: -1268,
        y: 694,
        width: 173,
        height: 38,
      },
      controlPoints: [
        {
          x: -1268,
          y: 694,
        },
        {
          x: -1229,
          y: 705,
        },
      ],
      navigateTo: null,
      tags: null,
    },
    {
      id: 'dk9cid',
      parent: 'greenhouse_system',
      source: 'greenhouse_system.cnt_gm_webapi',
      target: 'greenhouse_system.cnt_gm_timeseries_db',
      label: 'Поиск событий и архив телеметрии \n(GraphQL)',
      relations: [
        'ba35vs',
      ],
      color: 'gray',
      line: 'dashed',
      head: 'normal',
      technology: '8443/TCP via TLS',
      points: [
        [
          -920,
          973,
        ],
        [
          -937,
          1004,
        ],
      ],
      labelBBox: {
        x: -475,
        y: 1115,
        width: 237,
        height: 56,
      },
      controlPoints: [
        {
          x: -475,
          y: 1115,
        },
        {
          x: -489,
          y: 1199,
        },
      ],
      navigateTo: null,
      tags: null,
    },
    {
      id: 'lezbqq',
      parent: 'greenhouse_system',
      source: 'greenhouse_system.cnt_gm_web',
      target: 'greenhouse_system.cnt_gm_webapi',
      label: 'Read, Write Data',
      relations: [
        '1jx3uun',
      ],
      color: 'gray',
      line: 'dashed',
      head: 'normal',
      technology: 'HTTPS, WebSocket, GraphQL; Bearer access token',
      kind: 'https',
      points: [
        [
          -766,
          473,
        ],
        [
          -727,
          521,
        ],
        [
          -679,
          580,
        ],
        [
          -639,
          629,
        ],
      ],
      labelBBox: {
        x: -706,
        y: 593,
        width: 217,
        height: 39,
      },
      controlPoints: [
        {
          x: -706,
          y: 593,
        },
        {
          x: -645,
          y: 652,
        },
      ],
      navigateTo: null,
      tags: null,
    },
    {
      id: '1mhgh1z',
      parent: 'greenhouse_system',
      source: 'greenhouse_system.cnt_gm_web',
      target: 'greenhouse_system.cnt_gm_webrtcserver_history',
      label: 'Получение видеоконтента для истории',
      relations: [
        'sjzsp8',
      ],
      color: 'gray',
      line: 'dashed',
      head: 'normal',
      technology: 'WebSocket, MSE',
      points: [
        [
          -1156,
          611,
        ],
        [
          -1253,
          680,
        ],
      ],
      labelBBox: {
        x: -1202,
        y: 612,
        width: 265,
        height: 39,
      },
      controlPoints: [
        {
          x: -1202,
          y: 612,
        },
        {
          x: -1288,
          y: 681,
        },
      ],
      navigateTo: null,
      tags: null,
    },
    {
      id: 'y369q9',
      parent: 'greenhouse_system',
      source: 'greenhouse_system.cnt_gm_web',
      target: 'greenhouse_system.cnt_gm_webrtcserver_only',
      label: 'Получение видеоконтента',
      relations: [
        '1i8bncr',
      ],
      color: 'gray',
      line: 'dashed',
      head: 'normal',
      technology: 'WebSocket, MSE',
      points: [
        [
          -1099,
          516,
        ],
        [
          -1149,
          541,
        ],
      ],
      labelBBox: {
        x: -1199,
        y: 481,
        width: 179,
        height: 39,
      },
      controlPoints: [
        {
          x: -1199,
          y: 481,
        },
        {
          x: -1252,
          y: 499,
        },
      ],
      navigateTo: null,
      tags: null,
    },
    {
      id: 'wiguvt',
      parent: null,
      source: 'greenhouse_system.cnt_gm_webrtcserver_history',
      target: 'cnt_greenhouse.cnt_video_camera',
      label: 'Получение видеоконтента',
      relations: [
        '1h8hip2',
      ],
      color: 'gray',
      line: 'dashed',
      head: 'normal',
      technology: '554/TCP/RTSP, 5004,5005/UDP/RTC',
      points: [
        [
          -1310,
          819,
        ],
        [
          -1361,
          805,
        ],
      ],
      labelBBox: {
        x: -1896,
        y: 840,
        width: 220,
        height: 38,
      },
      controlPoints: [
        {
          x: -1896,
          y: 840,
        },
        {
          x: -1949,
          y: 828,
        },
      ],
      navigateTo: null,
      tags: null,
    },
    {
      id: 'y1t7tb',
      parent: null,
      source: 'greenhouse_system.cnt_gm_webrtcserver_only',
      target: 'cnt_greenhouse.cnt_video_camera',
      label: 'Получение видеоконтента',
      relations: [
        '18tpd69',
      ],
      color: 'gray',
      line: 'dashed',
      head: 'normal',
      technology: '554/TCP/RTSP, 5004,5005/UDP/RTC',
      points: [
        [
          -1312,
          696,
        ],
        [
          -1373,
          693,
        ],
      ],
      labelBBox: {
        x: -1896,
        y: 691,
        width: 220,
        height: 38,
      },
      controlPoints: [
        {
          x: -1896,
          y: 691,
        },
        {
          x: -1950,
          y: 705,
        },
      ],
      navigateTo: null,
      tags: null,
    },
    {
      id: 'bx5sih',
      parent: null,
      source: 'cnt_greenhouse.cnt_digital_controller',
      target: 'greenhouse_system.cnt_gm_broker',
      label: 'Данные по температуре,\r\nвлажности и кислотности почвы',
      relations: [
        'vu6av',
      ],
      color: 'gray',
      line: 'dashed',
      head: 'normal',
      technology: 'TLS/MQTT',
      points: [
        [
          -225,
          767,
        ],
        [
          -361,
          759,
        ],
      ],
      labelBBox: {
        x: -1933,
        y: 1180,
        width: 218,
        height: 56,
      },
      controlPoints: [
        {
          x: -1933,
          y: 1180,
        },
        {
          x: -1885,
          y: 1181,
        },
      ],
      navigateTo: null,
      tags: null,
    },
  ],
  _layout: 'manual',
}
