{
  _type: 'element',
  tags: null,
  links: null,
  viewOf: 'greenhouse_system',
  _stage: 'layouted',
  sourcePath: 'docs/architecture/diagram/containers/views.c4',
  description: {
    txt: 'Диаграмма контейнеров системы мониторинга теплицы',
  },
  title: 'Диаграмма контейнеров',
  id: 'view_1qzwhc3',
  autoLayout: {
    direction: 'TB',
  },
  hash: '7uuytWJ_He7aK9I9uVcRxl3H8wf7Eh6q3UESjzqr7Fg',
  bounds: {
    x: -2461,
    y: -60,
    width: 2938,
    height: 1692,
  },
  nodes: [
    {
      id: 'employee',
      parent: null,
      level: 0,
      children: [],
      inEdges: [],
      outEdges: [
        'ihbfc0',
      ],
      title: 'Сотрудник',
      modelRef: 'employee',
      shape: 'person',
      color: 'green',
      style: {
        opacity: 15,
        size: 'md',
      },
      description: {
        txt: 'Сотрудник системы мониторинга теплицы',
      },
      tags: [],
      kind: 'actor',
      x: -770,
      y: -40,
      width: 336,
      height: 180,
      labelBBox: {
        x: 18,
        y: 65,
        width: 300,
        height: 47,
      },
      navigateTo: null,
      links: null,
    },
    {
      id: 'engineer',
      parent: null,
      level: 0,
      children: [],
      inEdges: [],
      outEdges: [
        'rj1b17',
      ],
      title: 'Инженер',
      modelRef: 'engineer',
      shape: 'person',
      color: 'green',
      style: {
        opacity: 15,
        size: 'md',
      },
      description: {
        txt: 'Инженер системы мониторинга теплицы',
      },
      tags: [],
      kind: 'actor',
      x: -352,
      y: -39,
      width: 320,
      height: 180,
      labelBBox: {
        x: 18,
        y: 65,
        width: 283,
        height: 47,
      },
      navigateTo: null,
      links: null,
    },
    {
      id: 'cnt_greenhouse',
      parent: null,
      level: 0,
      children: [
        'cnt_greenhouse.cnt_digital_controller',
        'cnt_greenhouse.cnt_video_camera',
      ],
      inEdges: [
        'wiguvt',
        'y1t7tb',
      ],
      outEdges: [
        'bx5sih',
      ],
      title: 'Теплица',
      modelRef: 'cnt_greenhouse',
      shape: 'rectangle',
      color: 'slate',
      style: {
        opacity: 15,
        size: 'md',
      },
      description: {
        txt: 'Теплица для выращивания растений',
      },
      tags: [],
      kind: 'greenhouse',
      depth: 1,
      x: -2441,
      y: 622,
      width: 453,
      height: 684,
      labelBBox: {
        x: 6,
        y: 0,
        width: 47,
        height: 15,
      },
      navigateTo: null,
      links: null,
    },
    {
      id: 'cnt_greenhouse.cnt_digital_controller',
      parent: 'cnt_greenhouse',
      level: 1,
      children: [],
      inEdges: [],
      outEdges: [
        'bx5sih',
      ],
      title: 'CNT_Digital_Controller',
      modelRef: 'cnt_greenhouse.cnt_digital_controller',
      shape: 'rectangle',
      color: 'slate',
      style: {
        opacity: 15,
        size: 'md',
      },
      description: {
        txt: 'Контроллер сбора данных с датчиков температуры, влажности и кислотности почвы',
      },
      tags: [],
      kind: 'digital_controller',
      x: -2399,
      y: 1084,
      width: 369,
      height: 180,
      labelBBox: {
        x: 18,
        y: 56,
        width: 333,
        height: 65,
      },
      navigateTo: null,
      links: null,
    },
    {
      id: 'greenhouse_system',
      parent: null,
      level: 0,
      children: [
        'greenhouse_system.cnt_gm_web',
        'greenhouse_system.cnt_gm_savingservice',
        'greenhouse_system.cnt_gm_identity_web',
        'greenhouse_system.cnt_gm_webapi',
        'greenhouse_system.cnt_gm_webrtcserver_history',
        'greenhouse_system.cnt_gm_webrtcserver_only',
        'greenhouse_system.cnt_gm_broker',
        'greenhouse_system.cnt_gm_db',
        'greenhouse_system.cnt_gm_identity_webapi',
        'greenhouse_system.cnt_gm_redis_db',
        'greenhouse_system.cnt_gm_timeseries_db',
        'greenhouse_system.cnt_gm_s3',
        'greenhouse_system.cnt_gm_secrets',
        'greenhouse_system.cnt_gm_identity_db',
      ],
      inEdges: [
        'ihbfc0',
        'rj1b17',
        'bx5sih',
      ],
      outEdges: [
        'wiguvt',
        'y1t7tb',
      ],
      title: 'Greenhouse Monitoring',
      modelRef: 'greenhouse_system',
      shape: 'rectangle',
      color: 'primary',
      style: {
        opacity: 15,
        size: 'md',
      },
      description: {
        md: '### [Система мониторинга теплицы](https://github.com/GreenhouseMonitoring/greenhouse-monitoring)\r\n\r\nПолучает данные по датчикам и видеопотоку с теплицы и предоставляет доступ к ним',
      },
      tags: [],
      kind: 'system',
      depth: 1,
      navigateTo: 'view_1reefd5',
      x: -1832,
      y: 233,
      width: 2289,
      height: 1379,
      labelBBox: {
        x: 6,
        y: 0,
        width: 157,
        height: 15,
      },
      links: null,
    },
    {
      id: 'greenhouse_system.cnt_gm_web',
      parent: 'greenhouse_system',
      level: 1,
      children: [],
      inEdges: [
        'ihbfc0',
        'rj1b17',
      ],
      outEdges: [
        '1ytvqw3',
        'lezbqq',
        '1mhgh1z',
        'y369q9',
      ],
      title: 'CNT_GM_Web',
      modelRef: 'greenhouse_system.cnt_gm_web',
      shape: 'browser',
      color: 'primary',
      icon: 'tech:react',
      style: {
        opacity: 15,
        size: 'md',
      },
      description: {
        txt: 'Web приложение ИС',
      },
      tags: [],
      metadata: {
        framework: 'React',
        language: 'TypeScript',
        version: '18.2.0',
        deployment_target: [
          'staging',
          'production',
        ],
      },
      technology: 'React, TypeScript',
      kind: 'container',
      navigateTo: 'view_h5evhe',
      x: -1129,
      y: 293,
      width: 320,
      height: 180,
      labelBBox: {
        x: 74,
        y: 55,
        width: 202,
        height: 66,
      },
      links: null,
    },
    {
      id: 'greenhouse_system.cnt_gm_savingservice',
      parent: 'greenhouse_system',
      level: 1,
      children: [],
      inEdges: [],
      outEdges: [
        '5r6i8g',
        'qjdgp0',
      ],
      title: 'CNT_GM_SavingService',
      modelRef: 'greenhouse_system.cnt_gm_savingservice',
      shape: 'rectangle',
      color: 'primary',
      icon: 'tech:dotnet',
      style: {
        opacity: 15,
        size: 'md',
      },
      description: {
        txt: 'Сервис получения данных по датчикам и сохранения их в БД Clichouse',
      },
      tags: [],
      technology: 'ASP.NET Core, .NET 10',
      kind: 'container',
      x: -1758,
      y: 1390,
      width: 399,
      height: 180,
      labelBBox: {
        x: 47,
        y: 46,
        width: 337,
        height: 84,
      },
      navigateTo: null,
      links: null,
    },
    {
      id: 'greenhouse_system.cnt_gm_identity_web',
      parent: 'greenhouse_system',
      level: 1,
      children: [],
      inEdges: [
        '1ytvqw3',
      ],
      outEdges: [
        'c9u5gy',
      ],
      title: 'CNT_GM_Identity_Web',
      modelRef: 'greenhouse_system.cnt_gm_identity_web',
      shape: 'browser',
      color: 'primary',
      icon: 'tech:react',
      style: {
        opacity: 15,
        size: 'md',
      },
      description: {
        txt: 'Web приложение Identity',
      },
      tags: [],
      technology: 'React, TypeScript',
      kind: 'container',
      x: 61,
      y: 299,
      width: 336,
      height: 180,
      labelBBox: {
        x: 46,
        y: 55,
        width: 274,
        height: 67,
      },
      navigateTo: null,
      links: null,
    },
    {
      id: 'greenhouse_system.cnt_gm_webapi',
      parent: 'greenhouse_system',
      level: 1,
      children: [],
      inEdges: [
        'lezbqq',
      ],
      outEdges: [
        '1fj9xsx',
        '81dllw',
        'le76kj',
        'x8na5u',
        'dk9cid',
      ],
      title: 'CNT_GM_WebAPI',
      modelRef: 'greenhouse_system.cnt_gm_webapi',
      shape: 'rectangle',
      color: 'primary',
      icon: 'tech:dotnet',
      style: {
        opacity: 15,
        size: 'md',
      },
      description: {
        txt: 'Сервис WebApi',
      },
      tags: [],
      technology: 'ASP.NET Core, .NET 10',
      kind: 'container',
      navigateTo: 'view_qmghuq',
      x: -762,
      y: 757,
      width: 320,
      height: 180,
      labelBBox: {
        x: 60,
        y: 55,
        width: 231,
        height: 67,
      },
      links: null,
    },
    {
      id: 'greenhouse_system.cnt_gm_webrtcserver_history',
      parent: 'greenhouse_system',
      level: 1,
      children: [],
      inEdges: [
        '1mhgh1z',
      ],
      outEdges: [
        '1m3u4vb',
        '1fl4tcy',
        'wiguvt',
      ],
      title: 'CNT_GM_WebRTCServer_History',
      modelRef: 'greenhouse_system.cnt_gm_webrtcserver_history',
      shape: 'rectangle',
      color: 'primary',
      icon: 'tech:webrtc',
      style: {
        opacity: 15,
        size: 'md',
      },
      description: {
        txt: 'WebRTC сервер для передачи видеопотока с камер для истории',
      },
      tags: [],
      technology: 'go2rtc',
      kind: 'container',
      x: -1788,
      y: 818,
      width: 434,
      height: 180,
      labelBBox: {
        x: 46,
        y: 46,
        width: 372,
        height: 85,
      },
      navigateTo: null,
      links: null,
    },
    {
      id: 'greenhouse_system.cnt_gm_webrtcserver_only',
      parent: 'greenhouse_system',
      level: 1,
      children: [],
      inEdges: [
        'y369q9',
      ],
      outEdges: [
        '19xqbck',
        'y1t7tb',
      ],
      title: 'CNT_GM_WebRTCServer_Only',
      modelRef: 'greenhouse_system.cnt_gm_webrtcserver_only',
      shape: 'rectangle',
      color: 'primary',
      icon: 'tech:webrtc',
      style: {
        opacity: 15,
        size: 'md',
      },
      description: {
        txt: 'WebRTC сервер для передачи видеопотока с камер в реальном времени',
      },
      tags: [],
      technology: 'go2rtc',
      kind: 'container',
      x: -1790,
      y: 522,
      width: 413,
      height: 180,
      labelBBox: {
        x: 47,
        y: 37,
        width: 351,
        height: 103,
      },
      navigateTo: null,
      links: null,
    },
    {
      id: 'greenhouse_system.cnt_gm_broker',
      parent: 'greenhouse_system',
      level: 1,
      children: [],
      inEdges: [
        '5r6i8g',
        '1fj9xsx',
        'bx5sih',
      ],
      outEdges: [],
      title: 'CNT_GM_Broker',
      modelRef: 'greenhouse_system.cnt_gm_broker',
      shape: 'rectangle',
      color: 'primary',
      icon: 'tech:rabbitmq',
      style: {
        opacity: 15,
        size: 'md',
      },
      description: {
        txt: 'MQTT брокер',
      },
      tags: [],
      technology: 'RabbitMQ',
      kind: 'container',
      x: -1713,
      y: 1091,
      width: 320,
      height: 180,
      labelBBox: {
        x: 67,
        y: 55,
        width: 216,
        height: 67,
      },
      navigateTo: null,
      links: null,
    },
    {
      id: 'greenhouse_system.cnt_gm_db',
      parent: 'greenhouse_system',
      level: 1,
      children: [],
      inEdges: [
        '81dllw',
      ],
      outEdges: [],
      title: 'CNT_GM_DB',
      modelRef: 'greenhouse_system.cnt_gm_db',
      shape: 'storage',
      color: 'primary',
      icon: 'tech:postgresql',
      style: {
        opacity: 15,
        size: 'md',
      },
      description: {
        txt: 'База данных для хранения справочников и метаданных',
      },
      tags: [],
      technology: 'PostgreSQL',
      kind: 'database',
      x: -399,
      y: 1073,
      width: 324,
      height: 180,
      labelBBox: {
        x: 46,
        y: 46,
        width: 262,
        height: 85,
      },
      navigateTo: null,
      links: null,
    },
    {
      id: 'greenhouse_system.cnt_gm_identity_webapi',
      parent: 'greenhouse_system',
      level: 1,
      children: [],
      inEdges: [
        'c9u5gy',
        'le76kj',
      ],
      outEdges: [
        'c04fwk',
      ],
      title: 'CNT_GM_Identity_WebAPI',
      modelRef: 'greenhouse_system.cnt_gm_identity_webapi',
      shape: 'rectangle',
      color: 'primary',
      icon: 'tech:dotnet',
      style: {
        opacity: 15,
        size: 'md',
      },
      description: {
        txt: 'Сервис Identity WebApi',
      },
      tags: [],
      technology: 'OpenIddict, ASP.NET Core, .NET 10',
      kind: 'container',
      x: 47,
      y: 741,
      width: 368,
      height: 180,
      labelBBox: {
        x: 46,
        y: 55,
        width: 306,
        height: 67,
      },
      navigateTo: null,
      links: null,
    },
    {
      id: 'greenhouse_system.cnt_gm_redis_db',
      parent: 'greenhouse_system',
      level: 1,
      children: [],
      inEdges: [
        'x8na5u',
      ],
      outEdges: [],
      title: 'CNT_GM_Redis_DB',
      modelRef: 'greenhouse_system.cnt_gm_redis_db',
      shape: 'storage',
      color: 'primary',
      icon: 'tech:redis',
      style: {
        opacity: 15,
        size: 'md',
      },
      description: {
        txt: 'Кэш оперативных данных с датчиков; хранение данных серверной сессии',
      },
      tags: [],
      technology: 'Redis',
      kind: 'cache',
      x: -384,
      y: 475,
      width: 386,
      height: 180,
      labelBBox: {
        x: 46,
        y: 46,
        width: 324,
        height: 85,
      },
      navigateTo: null,
      links: null,
    },
    {
      id: 'greenhouse_system.cnt_gm_timeseries_db',
      parent: 'greenhouse_system',
      level: 1,
      children: [],
      inEdges: [
        'qjdgp0',
        'dk9cid',
      ],
      outEdges: [],
      title: 'CNT_GM_Timeseries_DB',
      modelRef: 'greenhouse_system.cnt_gm_timeseries_db',
      shape: 'storage',
      color: 'primary',
      style: {
        opacity: 15,
        size: 'md',
      },
      description: {
        txt: 'БД для хранения и анализа данных с датчиков температуры, влажности и кислотности почвы',
      },
      tags: [],
      technology: 'ClickHouse',
      kind: 'database',
      x: -878,
      y: 1387,
      width: 369,
      height: 180,
      labelBBox: {
        x: 18,
        y: 46,
        width: 333,
        height: 85,
      },
      navigateTo: null,
      links: null,
    },
    {
      id: 'greenhouse_system.cnt_gm_s3',
      parent: 'greenhouse_system',
      level: 1,
      children: [],
      inEdges: [
        '1m3u4vb',
      ],
      outEdges: [],
      title: 'CNT_GM_S3',
      modelRef: 'greenhouse_system.cnt_gm_s3',
      shape: 'rectangle',
      color: 'primary',
      icon: 'tech:aws-s3',
      style: {
        opacity: 15,
        size: 'md',
      },
      description: {
        txt: 'S3 хранилище для архива видео с камер',
      },
      tags: [],
      technology: 'MinIO',
      kind: 'container',
      x: -1266,
      y: 1141,
      width: 363,
      height: 180,
      labelBBox: {
        x: 46,
        y: 46,
        width: 302,
        height: 85,
      },
      navigateTo: null,
      links: null,
    },
    {
      id: 'greenhouse_system.cnt_gm_secrets',
      parent: 'greenhouse_system',
      level: 1,
      children: [],
      inEdges: [
        '1fl4tcy',
        '19xqbck',
      ],
      outEdges: [],
      title: 'CNT_GM_Secrets',
      modelRef: 'greenhouse_system.cnt_gm_secrets',
      shape: 'rectangle',
      color: 'primary',
      icon: 'tech:hashicorp-vault',
      style: {
        opacity: 15,
        size: 'md',
      },
      description: {
        txt: 'Контейнер для хранения секретов',
      },
      tags: [],
      technology: 'HashiCorp Vault',
      kind: 'container',
      x: -1227,
      y: 623,
      width: 370,
      height: 180,
      labelBBox: {
        x: 46,
        y: 55,
        width: 308,
        height: 67,
      },
      navigateTo: null,
      links: null,
    },
    {
      id: 'greenhouse_system.cnt_gm_identity_db',
      parent: 'greenhouse_system',
      level: 1,
      children: [],
      inEdges: [
        'c04fwk',
      ],
      outEdges: [],
      title: 'CNT_GM_Identity_DB',
      modelRef: 'greenhouse_system.cnt_gm_identity_db',
      shape: 'storage',
      color: 'primary',
      icon: 'tech:postgresql',
      style: {
        opacity: 15,
        size: 'md',
      },
      description: {
        txt: 'БД для хранения данных аутентификации и авторизации',
      },
      tags: [],
      technology: 'PostgreSQL',
      kind: 'database',
      x: 60,
      y: 1071,
      width: 349,
      height: 180,
      labelBBox: {
        x: 47,
        y: 47,
        width: 287,
        height: 84,
      },
      navigateTo: null,
      links: null,
    },
    {
      id: 'cnt_greenhouse.cnt_video_camera',
      parent: 'cnt_greenhouse',
      level: 1,
      children: [],
      inEdges: [
        'wiguvt',
        'y1t7tb',
      ],
      outEdges: [],
      title: 'CNT_Video_Camera',
      modelRef: 'cnt_greenhouse.cnt_video_camera',
      shape: 'rectangle',
      color: 'slate',
      style: {
        opacity: 15,
        size: 'md',
      },
      description: {
        txt: 'Камера для сбора видеоданных',
      },
      tags: [],
      kind: 'video_camera',
      x: -2377,
      y: 682,
      width: 320,
      height: 180,
      labelBBox: {
        x: 48,
        y: 65,
        width: 225,
        height: 47,
      },
      navigateTo: null,
      links: null,
    },
  ],
  edges: [
    {
      id: 'ihbfc0',
      parent: null,
      source: 'employee',
      target: 'greenhouse_system.cnt_gm_web',
      label: 'Оперативный просмотр данных',
      relations: [
        '1lsi0bj',
      ],
      color: 'gray',
      line: 'dashed',
      head: 'normal',
      technology: 'opens in browser',
      kind: 'https',
      points: [
        [
          228,
          180,
        ],
        [
          243,
          213,
        ],
        [
          262,
          251,
        ],
        [
          283,
          283,
        ],
        [
          296,
          304,
        ],
        [
          311,
          325,
        ],
        [
          326,
          345,
        ],
      ],
      labelBBox: {
        x: -769,
        y: 201,
        width: 206,
        height: 39,
      },
      controlPoints: [
        {
          x: -769,
          y: 201,
        },
        {
          x: -802,
          y: 232,
        },
      ],
      navigateTo: null,
      tags: null,
    },
    {
      id: 'rj1b17',
      parent: null,
      source: 'engineer',
      target: 'greenhouse_system.cnt_gm_web',
      label: 'Просмотр исторических данных',
      relations: [
        'nj0js7',
      ],
      color: 'gray',
      line: 'dashed',
      head: 'normal',
      technology: 'opens in browser',
      kind: 'https',
      points: [
        [
          577,
          180,
        ],
        [
          557,
          212,
        ],
        [
          535,
          250,
        ],
        [
          514,
          283,
        ],
        [
          502,
          303,
        ],
        [
          488,
          324,
        ],
        [
          475,
          344,
        ],
      ],
      labelBBox: {
        x: -535,
        y: 197,
        width: 214,
        height: 39,
      },
      controlPoints: [
        {
          x: -535,
          y: 197,
        },
        {
          x: -626,
          y: 237,
        },
      ],
      navigateTo: null,
      tags: null,
    },
    {
      id: '5r6i8g',
      parent: 'greenhouse_system',
      source: 'greenhouse_system.cnt_gm_savingservice',
      target: 'greenhouse_system.cnt_gm_broker',
      label: 'Read, Write data from sensor',
      relations: [
        '1elunji',
      ],
      color: 'gray',
      line: 'dashed',
      head: 'normal',
      technology: '5672/AMQP via TLS',
      points: [
        [
          -275,
          537,
        ],
        [
          -617,
          592,
        ],
      ],
      labelBBox: {
        x: -1556,
        y: 1342,
        width: 187,
        height: 39,
      },
      controlPoints: [
        {
          x: -1556,
          y: 1342,
        },
        {
          x: -1555,
          y: 1319,
        },
      ],
      navigateTo: null,
      tags: null,
    },
    {
      id: '1fj9xsx',
      parent: 'greenhouse_system',
      source: 'greenhouse_system.cnt_gm_webapi',
      target: 'greenhouse_system.cnt_gm_broker',
      label: 'Read data from  sensor online',
      relations: [
        '1v9iuzf',
      ],
      color: 'gray',
      line: 'dashed',
      head: 'normal',
      technology: '5672/AMQP via TLS',
      points: [
        [
          -419,
          632,
        ],
        [
          -290,
          573,
        ],
      ],
      labelBBox: {
        x: -1014,
        y: 992,
        width: 192,
        height: 39,
      },
      controlPoints: [
        {
          x: -1014,
          y: 992,
        },
        {
          x: -1141,
          y: 1036,
        },
      ],
      navigateTo: null,
      tags: null,
    },
    {
      id: '81dllw',
      parent: 'greenhouse_system',
      source: 'greenhouse_system.cnt_gm_webapi',
      target: 'greenhouse_system.cnt_gm_db',
      label: 'Read data from sensor to analyse via \nGraphQL',
      relations: [
        '1lxqufs',
      ],
      color: 'gray',
      line: 'dashed',
      head: 'normal',
      technology: '8443/TCP via TLS',
      points: [
        [
          -560,
          817,
        ],
        [
          -560,
          868,
        ],
        [
          -560,
          932,
        ],
        [
          -560,
          985,
        ],
      ],
      labelBBox: {
        x: -435,
        y: 991,
        width: 236,
        height: 55,
      },
      controlPoints: [
        {
          x: -435,
          y: 991,
        },
        {
          x: -404,
          y: 1019,
        },
      ],
      navigateTo: null,
      tags: null,
    },
    {
      id: 'c04fwk',
      parent: 'greenhouse_system',
      source: 'greenhouse_system.cnt_gm_identity_webapi',
      target: 'greenhouse_system.cnt_gm_identity_db',
      label: 'Read, Write Data',
      relations: [
        'qwhu9m',
      ],
      color: 'gray',
      line: 'dashed',
      head: 'normal',
      technology: '5432/TCP via TLS',
      points: [
        [
          41,
          528,
        ],
        [
          45,
          510,
        ],
      ],
      labelBBox: {
        x: 233,
        y: 981,
        width: 115,
        height: 39,
      },
      controlPoints: [
        {
          x: 233,
          y: 981,
        },
        {
          x: 233,
          y: 1011,
        },
      ],
      navigateTo: null,
      tags: null,
    },
    {
      id: 'c9u5gy',
      parent: 'greenhouse_system',
      source: 'greenhouse_system.cnt_gm_identity_web',
      target: 'greenhouse_system.cnt_gm_identity_webapi',
      label: 'Read, Write Data',
      relations: [
        '1lvfhn0',
      ],
      color: 'gray',
      line: 'dashed',
      head: 'normal',
      technology: 'HTTPS',
      kind: 'https',
      points: [
        [
          -1002,
          817,
        ],
        [
          -1005,
          868,
        ],
        [
          -1008,
          933,
        ],
        [
          -1011,
          986,
        ],
      ],
      labelBBox: {
        x: 230,
        y: 584,
        width: 111,
        height: 39,
      },
      controlPoints: [
        {
          x: 230,
          y: 584,
        },
        {
          x: 230,
          y: 636,
        },
      ],
      navigateTo: null,
      tags: null,
    },
    {
      id: '1ytvqw3',
      parent: 'greenhouse_system',
      source: 'greenhouse_system.cnt_gm_web',
      target: 'greenhouse_system.cnt_gm_identity_web',
      label: 'Authentication',
      relations: [
        '1yiy331',
      ],
      color: 'gray',
      line: 'dashed',
      head: 'normal',
      technology: 'OpenID Connect',
      kind: 'https',
      points: [
        [
          -880,
          473,
        ],
        [
          -902,
          520,
        ],
        [
          -930,
          579,
        ],
        [
          -952,
          627,
        ],
      ],
      labelBBox: {
        x: -461,
        y: 386,
        width: 107,
        height: 38,
      },
      controlPoints: [
        {
          x: -461,
          y: 386,
        },
        {
          x: -287,
          y: 386,
        },
      ],
      navigateTo: null,
      tags: null,
    },
    {
      id: 'le76kj',
      parent: 'greenhouse_system',
      source: 'greenhouse_system.cnt_gm_webapi',
      target: 'greenhouse_system.cnt_gm_identity_webapi',
      label: 'Проверка access token',
      relations: [
        'rygxgc',
      ],
      color: 'gray',
      line: 'dashed',
      head: 'normal',
      technology: 'HTTPS, OIDC metadata, JWKS',
      kind: 'https',
      points: [
        [
          -474,
          751,
        ],
        [
          -373,
          731,
        ],
      ],
      labelBBox: {
        x: -246,
        y: 840,
        width: 187,
        height: 39,
      },
      controlPoints: [
        {
          x: -246,
          y: 840,
        },
        {
          x: -149,
          y: 838,
        },
      ],
      navigateTo: null,
      tags: null,
    },
    {
      id: 'x8na5u',
      parent: 'greenhouse_system',
      source: 'greenhouse_system.cnt_gm_webapi',
      target: 'greenhouse_system.cnt_gm_redis_db',
      label: 'Кэш датчиков, данные сессии',
      relations: [
        'v61xho',
      ],
      color: 'gray',
      line: 'dashed',
      head: 'normal',
      technology: '6379/TCP/RESP via TLS',
      kind: 'https',
      points: [
        [
          -400,
          806,
        ],
        [
          -364,
          827,
        ],
        [
          -327,
          851,
        ],
        [
          -295,
          877,
        ],
        [
          -255,
          909,
        ],
        [
          -217,
          950,
        ],
        [
          -185,
          988,
        ],
      ],
      labelBBox: {
        x: -411,
        y: 716,
        width: 198,
        height: 39,
      },
      controlPoints: [
        {
          x: -411,
          y: 716,
        },
        {
          x: -382,
          y: 696,
        },
      ],
      navigateTo: null,
      tags: null,
    },
    {
      id: '1m3u4vb',
      parent: 'greenhouse_system',
      source: 'greenhouse_system.cnt_gm_webrtcserver_history',
      target: 'greenhouse_system.cnt_gm_s3',
      label: 'Сохранение видеоконтента',
      relations: [
        '107l7fd',
      ],
      color: 'gray',
      line: 'dashed',
      head: 'normal',
      technology: 'HTTP, S3',
      points: [
        [
          1132,
          686,
        ],
        [
          336,
          796,
        ],
      ],
      labelBBox: {
        x: -1349,
        y: 1055,
        width: 187,
        height: 39,
      },
      controlPoints: [
        {
          x: -1349,
          y: 1055,
        },
        {
          x: -1306,
          y: 1084,
        },
      ],
      navigateTo: null,
      tags: null,
    },
    {
      id: 'qjdgp0',
      parent: 'greenhouse_system',
      source: 'greenhouse_system.cnt_gm_savingservice',
      target: 'greenhouse_system.cnt_gm_timeseries_db',
      label: 'Save data from sensor to timeseries \ndatabase',
      relations: [
        '1rg26t7',
      ],
      color: 'gray',
      line: 'dashed',
      head: 'normal',
      technology: '8123/TCP via TLS',
      points: [
        [
          -85,
          719,
        ],
        [
          -335,
          836,
        ],
      ],
      labelBBox: {
        x: -1166,
        y: 1479,
        width: 228,
        height: 55,
      },
      controlPoints: [
        {
          x: -1166,
          y: 1479,
        },
        {
          x: -1070,
          y: 1478,
        },
      ],
      navigateTo: null,
      tags: null,
    },
    {
      id: '1fl4tcy',
      parent: 'greenhouse_system',
      source: 'greenhouse_system.cnt_gm_webrtcserver_history',
      target: 'greenhouse_system.cnt_gm_secrets',
      label: 'Получение секретов',
      relations: [
        '1hqc1we',
      ],
      color: 'gray',
      line: 'dashed',
      head: 'normal',
      technology: 'HTTPS, Bearer access token',
      points: [
        [
          -1304,
          906,
        ],
        [
          -1279,
          906,
        ],
      ],
      labelBBox: {
        x: -1303,
        y: 809,
        width: 173,
        height: 39,
      },
      controlPoints: [
        {
          x: -1303,
          y: 809,
        },
        {
          x: -1278,
          y: 800,
        },
      ],
      navigateTo: null,
      tags: null,
    },
    {
      id: '19xqbck',
      parent: 'greenhouse_system',
      source: 'greenhouse_system.cnt_gm_webrtcserver_only',
      target: 'greenhouse_system.cnt_gm_secrets',
      label: 'Получение секретов',
      relations: [
        '1w7cn4b',
      ],
      color: 'gray',
      line: 'dashed',
      head: 'normal',
      technology: 'HTTPS, Bearer access token',
      points: [
        [
          -1334,
          747,
        ],
        [
          -1292,
          769,
        ],
      ],
      labelBBox: {
        x: -1317,
        y: 662,
        width: 173,
        height: 39,
      },
      controlPoints: [
        {
          x: -1317,
          y: 662,
        },
        {
          x: -1287,
          y: 667,
        },
      ],
      navigateTo: null,
      tags: null,
    },
    {
      id: 'dk9cid',
      parent: 'greenhouse_system',
      source: 'greenhouse_system.cnt_gm_webapi',
      target: 'greenhouse_system.cnt_gm_timeseries_db',
      label: 'Save data from sensor to timeseries \ndatabase',
      relations: [
        'ba35vs',
      ],
      color: 'gray',
      line: 'dashed',
      head: 'normal',
      technology: '8123/TCP via TLS',
      points: [
        [
          -920,
          973,
        ],
        [
          -937,
          1004,
        ],
      ],
      labelBBox: {
        x: -641,
        y: 1117,
        width: 228,
        height: 55,
      },
      controlPoints: [
        {
          x: -641,
          y: 1117,
        },
        {
          x: -654,
          y: 1207,
        },
      ],
      navigateTo: null,
      tags: null,
    },
    {
      id: 'lezbqq',
      parent: 'greenhouse_system',
      source: 'greenhouse_system.cnt_gm_web',
      target: 'greenhouse_system.cnt_gm_webapi',
      label: 'Read, Write Data',
      relations: [
        '1jx3uun',
      ],
      color: 'gray',
      line: 'dashed',
      head: 'normal',
      technology: 'HTTPS, WebSocket, GraphQL; Bearer access token',
      kind: 'https',
      points: [
        [
          -766,
          473,
        ],
        [
          -727,
          521,
        ],
        [
          -679,
          580,
        ],
        [
          -639,
          629,
        ],
      ],
      labelBBox: {
        x: -808,
        y: 587,
        width: 217,
        height: 38,
      },
      controlPoints: [
        {
          x: -808,
          y: 587,
        },
        {
          x: -763,
          y: 643,
        },
      ],
      navigateTo: null,
      tags: null,
    },
    {
      id: '1mhgh1z',
      parent: 'greenhouse_system',
      source: 'greenhouse_system.cnt_gm_web',
      target: 'greenhouse_system.cnt_gm_webrtcserver_history',
      label: 'Получение видеоконтента для истории',
      relations: [
        'sjzsp8',
      ],
      color: 'gray',
      line: 'dashed',
      head: 'normal',
      technology: 'WebSocet, MSE',
      points: [
        [
          -1156,
          611,
        ],
        [
          -1253,
          680,
        ],
      ],
      labelBBox: {
        x: -1230,
        y: 611,
        width: 265,
        height: 38,
      },
      controlPoints: [
        {
          x: -1230,
          y: 611,
        },
        {
          x: -1310,
          y: 680,
        },
      ],
      navigateTo: null,
      tags: null,
    },
    {
      id: 'y369q9',
      parent: 'greenhouse_system',
      source: 'greenhouse_system.cnt_gm_web',
      target: 'greenhouse_system.cnt_gm_webrtcserver_only',
      label: 'Получение видеоконтента',
      relations: [
        '1i8bncr',
      ],
      color: 'gray',
      line: 'dashed',
      head: 'normal',
      technology: 'WebSocet, MSE',
      points: [
        [
          -1099,
          516,
        ],
        [
          -1149,
          541,
        ],
      ],
      labelBBox: {
        x: -1228,
        y: 480,
        width: 179,
        height: 38,
      },
      controlPoints: [
        {
          x: -1228,
          y: 480,
        },
        {
          x: -1277,
          y: 498,
        },
      ],
      navigateTo: null,
      tags: null,
    },
    {
      id: 'wiguvt',
      parent: null,
      source: 'greenhouse_system.cnt_gm_webrtcserver_history',
      target: 'cnt_greenhouse.cnt_video_camera',
      label: 'Получение видеоконтента',
      relations: [
        '1h8hip2',
      ],
      color: 'gray',
      line: 'dashed',
      head: 'normal',
      technology: '554/TCP/RTSP, 5004,5005/UDP/RTC',
      points: [
        [
          -1310,
          819,
        ],
        [
          -1361,
          805,
        ],
      ],
      labelBBox: {
        x: -1896,
        y: 840,
        width: 220,
        height: 39,
      },
      controlPoints: [
        {
          x: -1896,
          y: 840,
        },
        {
          x: -1949,
          y: 828,
        },
      ],
      navigateTo: null,
      tags: null,
    },
    {
      id: 'y1t7tb',
      parent: null,
      source: 'greenhouse_system.cnt_gm_webrtcserver_only',
      target: 'cnt_greenhouse.cnt_video_camera',
      label: 'Получение видеоконтента',
      relations: [
        '18tpd69',
      ],
      color: 'gray',
      line: 'dashed',
      head: 'normal',
      technology: '554/TCP/RTSP, 5004,5005/UDP/RTC',
      points: [
        [
          -1312,
          696,
        ],
        [
          -1373,
          693,
        ],
      ],
      labelBBox: {
        x: -1896,
        y: 691,
        width: 220,
        height: 39,
      },
      controlPoints: [
        {
          x: -1896,
          y: 691,
        },
        {
          x: -1950,
          y: 705,
        },
      ],
      navigateTo: null,
      tags: null,
    },
    {
      id: 'bx5sih',
      parent: null,
      source: 'cnt_greenhouse.cnt_digital_controller',
      target: 'greenhouse_system.cnt_gm_broker',
      label: 'Данные по температуре,\r\nвлажности и кислотности почвы',
      relations: [
        'vu6av',
      ],
      color: 'gray',
      line: 'dashed',
      head: 'normal',
      technology: 'TLS/MQTT',
      points: [
        [
          -225,
          767,
        ],
        [
          -361,
          759,
        ],
      ],
      labelBBox: {
        x: -1903,
        y: 1177,
        width: 218,
        height: 55,
      },
      controlPoints: [
        {
          x: -1903,
          y: 1177,
        },
        {
          x: -1840,
          y: 1178,
        },
      ],
      navigateTo: null,
      tags: null,
    },
  ],
  _layout: 'manual',
}
