{
  _type: 'element',
  tags: null,
  links: null,
  viewOf: 'greenhouse_system',
  _stage: 'layouted',
  sourcePath: 'docs/architecture/diagram/containers/01-views.c4',
  description: {
    txt: 'Диаграмма контейнеров системы мониторинга теплицы',
  },
  title: 'Диаграмма контейнеров',
  id: 'view_1pwmz73',
  autoLayout: {
    direction: 'TB',
  },
  hash: 'pkplEtQNhtwuGdY_GOz4COBL1Hbiz9eOoaLGfSBLpV0',
  bounds: {
    x: -594,
    y: -20,
    width: 3085,
    height: 1723,
  },
  nodes: [
    {
      id: 'employee',
      parent: null,
      level: 0,
      children: [],
      inEdges: [],
      outEdges: [
        'ihbfc0',
      ],
      title: 'Сотрудник',
      modelRef: 'employee',
      shape: 'person',
      color: 'green',
      style: {
        opacity: 15,
        size: 'md',
      },
      description: {
        txt: 'Сотрудник системы мониторинга теплицы',
      },
      tags: [],
      kind: 'actor',
      x: 714,
      y: 0,
      width: 336,
      height: 180,
      labelBBox: {
        x: 18,
        y: 65,
        width: 300,
        height: 47,
      },
      navigateTo: null,
      links: null,
    },
    {
      id: 'engineer',
      parent: null,
      level: 0,
      children: [],
      inEdges: [],
      outEdges: [
        'rj1b17',
      ],
      title: 'Инженер',
      modelRef: 'engineer',
      shape: 'person',
      color: 'green',
      style: {
        opacity: 15,
        size: 'md',
      },
      description: {
        txt: 'Инженер системы мониторинга теплицы',
      },
      tags: [],
      kind: 'actor',
      x: 1160,
      y: 0,
      width: 320,
      height: 180,
      labelBBox: {
        x: 18,
        y: 65,
        width: 283,
        height: 47,
      },
      navigateTo: null,
      links: null,
    },
    {
      id: 'cnt_greenhouse',
      parent: null,
      level: 0,
      children: [
        'cnt_greenhouse.cnt_digital_controller',
        'cnt_greenhouse.cnt_video_camera',
      ],
      inEdges: [
        'wiguvt',
        'y1t7tb',
      ],
      outEdges: [
        'bx5sih',
      ],
      title: 'Теплица',
      modelRef: 'cnt_greenhouse',
      shape: 'rectangle',
      color: 'slate',
      style: {
        opacity: 15,
        size: 'md',
      },
      description: {
        txt: 'Теплица для выращивания растений',
      },
      tags: [],
      kind: 'greenhouse',
      depth: 1,
      x: -574,
      y: 680,
      width: 453,
      height: 734,
      labelBBox: {
        x: 6,
        y: 0,
        width: 47,
        height: 15,
      },
      navigateTo: null,
      links: null,
    },
    {
      id: 'cnt_greenhouse.cnt_digital_controller',
      parent: 'cnt_greenhouse',
      level: 1,
      children: [],
      inEdges: [],
      outEdges: [
        'bx5sih',
      ],
      title: 'CNT_Digital_Controller',
      modelRef: 'cnt_greenhouse.cnt_digital_controller',
      shape: 'rectangle',
      color: 'slate',
      style: {
        opacity: 15,
        size: 'md',
      },
      description: {
        txt: 'Контроллер сбора данных с датчиков температуры, влажности и кислотности почвы',
      },
      tags: [],
      kind: 'digital_controller',
      x: -532,
      y: 1192,
      width: 369,
      height: 180,
      labelBBox: {
        x: 18,
        y: 55,
        width: 333,
        height: 65,
      },
      navigateTo: null,
      links: null,
    },
    {
      id: 'greenhouse_system',
      parent: null,
      level: 0,
      children: [
        'greenhouse_system.cnt_gm_web',
        'greenhouse_system.cnt_gm_savingservice',
        'greenhouse_system.cnt_gm_identity_web',
        'greenhouse_system.cnt_gm_webapi',
        'greenhouse_system.cnt_gm_webrtcserver_history',
        'greenhouse_system.cnt_gm_webrtcserver_only',
        'greenhouse_system.cnt_gm_broker',
        'greenhouse_system.cnt_gm_db',
        'greenhouse_system.cnt_gm_identity_webapi',
        'greenhouse_system.cnt_gm_redis_db',
        'greenhouse_system.cnt_gm_timeseries_db',
        'greenhouse_system.cnt_gm_s3',
        'greenhouse_system.cnt_gm_secrets',
        'greenhouse_system.cnt_gm_identity_db',
      ],
      inEdges: [
        'ihbfc0',
        'rj1b17',
        'bx5sih',
      ],
      outEdges: [
        'wiguvt',
        'y1t7tb',
      ],
      title: 'Greenhouse Monitoring',
      modelRef: 'greenhouse_system',
      shape: 'rectangle',
      color: 'primary',
      style: {
        opacity: 15,
        size: 'md',
      },
      description: {
        md: '### [Система мониторинга теплицы](https://github.com/GreenhouseMonitoring/greenhouse-monitoring)\r\n\r\nПолучает данные по датчикам и видеопотоку с теплицы и предоставляет доступ к ним',
      },
      tags: [],
      kind: 'system',
      depth: 1,
      navigateTo: 'view_1cvbydi',
      x: 27,
      y: 290,
      width: 2444,
      height: 1393,
      labelBBox: {
        x: 6,
        y: 0,
        width: 157,
        height: 15,
      },
      links: null,
    },
    {
      id: 'greenhouse_system.cnt_gm_web',
      parent: 'greenhouse_system',
      level: 1,
      children: [],
      inEdges: [
        'ihbfc0',
        'rj1b17',
      ],
      outEdges: [
        '1ytvqw3',
        'lezbqq',
        '1mhgh1z',
        'y369q9',
      ],
      title: 'CNT_GM_Web',
      modelRef: 'greenhouse_system.cnt_gm_web',
      shape: 'browser',
      color: 'primary',
      icon: 'tech:react',
      style: {
        opacity: 15,
        size: 'md',
      },
      description: {
        md: 'Web-приложение ИС. Клиентский трафик приходит на reverse proxy / балансировщик (TLS на периметре);\r\nстатика и SPA — за одним или несколькими origin-инстансами или из object storage + CDN (по среде).',
      },
      tags: [],
      metadata: {
        framework: 'React',
        language: 'TypeScript',
        version: '18.2.0',
        deployment_target: [
          'staging',
          'production',
        ],
        load_balancing: 'Периметр: reverse proxy / L7 LB; TLS termination на edge; при необходимости горизонталь раздачи статики',
      },
      technology: 'React, TypeScript',
      kind: 'container',
      navigateTo: 'view_1jdoqp9',
      x: 912,
      y: 352,
      width: 378,
      height: 189,
      labelBBox: {
        x: 46,
        y: 24,
        width: 316,
        height: 139,
      },
      links: null,
    },
    {
      id: 'greenhouse_system.cnt_gm_savingservice',
      parent: 'greenhouse_system',
      level: 1,
      children: [],
      inEdges: [],
      outEdges: [
        '5r6i8g',
        '1roaeir',
        'qjdgp0',
      ],
      title: 'CNT_GM_SavingService',
      modelRef: 'greenhouse_system.cnt_gm_savingservice',
      shape: 'rectangle',
      color: 'primary',
      icon: 'tech:dotnet',
      style: {
        opacity: 15,
        size: 'md',
      },
      description: {
        txt: 'Сервис получения данных по датчикам и сохранения их в ClickHouse',
      },
      tags: [],
      technology: 'ASP.NET Core, .NET 10',
      kind: 'container',
      x: 94,
      y: 1461,
      width: 399,
      height: 180,
      labelBBox: {
        x: 47,
        y: 46,
        width: 337,
        height: 85,
      },
      navigateTo: null,
      links: null,
    },
    {
      id: 'greenhouse_system.cnt_gm_identity_web',
      parent: 'greenhouse_system',
      level: 1,
      children: [],
      inEdges: [
        '1ytvqw3',
      ],
      outEdges: [
        'c9u5gy',
      ],
      title: 'CNT_GM_Identity_Web',
      modelRef: 'greenhouse_system.cnt_gm_identity_web',
      shape: 'browser',
      color: 'primary',
      icon: 'tech:react',
      style: {
        opacity: 15,
        size: 'md',
      },
      description: {
        txt: 'Web приложение Identity',
      },
      tags: [],
      technology: 'React, TypeScript',
      kind: 'container',
      x: 2078,
      y: 350,
      width: 336,
      height: 180,
      labelBBox: {
        x: 46,
        y: 55,
        width: 274,
        height: 67,
      },
      navigateTo: null,
      links: null,
    },
    {
      id: 'greenhouse_system.cnt_gm_webapi',
      parent: 'greenhouse_system',
      level: 1,
      children: [],
      inEdges: [
        'lezbqq',
      ],
      outEdges: [
        '81dllw',
        'le76kj',
        'x8na5u',
        'mgrotj',
        'dk9cid',
      ],
      title: 'CNT_GM_WebAPI',
      modelRef: 'greenhouse_system.cnt_gm_webapi',
      shape: 'rectangle',
      color: 'primary',
      icon: 'tech:dotnet',
      style: {
        opacity: 15,
        size: 'md',
      },
      description: {
        md: 'Сервис Web API. Не менее двух инстансов за балансировщиком (NFR-03); узлы stateless, сессии и кэш датчиков — в Redis.\r\nHealth checks исключают нездоровые инстансы из пула; при появлении sticky — только при необходимости для долгих WS (иначе не требуется).',
      },
      tags: [],
      metadata: {
        load_balancing: '2+ инстанса за L4/L7 LB; readiness/liveness; горизонтальное масштабирование без привязки состояния к узлу',
      },
      technology: 'ASP.NET Core, .NET 10',
      kind: 'container',
      navigateTo: 'view_172atxp',
      x: 1482,
      y: 752,
      width: 385,
      height: 180,
      labelBBox: {
        x: 47,
        y: 19,
        width: 323,
        height: 139,
      },
      links: null,
    },
    {
      id: 'greenhouse_system.cnt_gm_webrtcserver_history',
      parent: 'greenhouse_system',
      level: 1,
      children: [],
      inEdges: [
        '1mhgh1z',
      ],
      outEdges: [
        '1m3u4vb',
        '1fl4tcy',
        'wiguvt',
      ],
      title: 'CNT_GM_WebRTCServer_History',
      modelRef: 'greenhouse_system.cnt_gm_webrtcserver_history',
      shape: 'rectangle',
      color: 'primary',
      icon: 'tech:webrtc',
      style: {
        opacity: 15,
        size: 'md',
      },
      description: {
        txt: 'WebRTC сервер для передачи видеопотока с камер для истории',
      },
      tags: [],
      technology: 'go2rtc',
      kind: 'container',
      x: 69,
      y: 910,
      width: 434,
      height: 180,
      labelBBox: {
        x: 46,
        y: 46,
        width: 372,
        height: 85,
      },
      navigateTo: null,
      links: null,
    },
    {
      id: 'greenhouse_system.cnt_gm_webrtcserver_only',
      parent: 'greenhouse_system',
      level: 1,
      children: [],
      inEdges: [
        'y369q9',
      ],
      outEdges: [
        '19xqbck',
        'y1t7tb',
      ],
      title: 'CNT_GM_WebRTCServer_Only',
      modelRef: 'greenhouse_system.cnt_gm_webrtcserver_only',
      shape: 'rectangle',
      color: 'primary',
      icon: 'tech:webrtc',
      style: {
        opacity: 15,
        size: 'md',
      },
      description: {
        txt: 'WebRTC сервер для передачи видеопотока с камер в реальном времени',
      },
      tags: [],
      technology: 'go2rtc',
      kind: 'container',
      x: 72,
      y: 614,
      width: 413,
      height: 180,
      labelBBox: {
        x: 47,
        y: 37,
        width: 351,
        height: 103,
      },
      navigateTo: null,
      links: null,
    },
    {
      id: 'greenhouse_system.cnt_gm_broker',
      parent: 'greenhouse_system',
      level: 1,
      children: [],
      inEdges: [
        '5r6i8g',
        'bx5sih',
      ],
      outEdges: [],
      title: 'CNT_GM_Broker',
      modelRef: 'greenhouse_system.cnt_gm_broker',
      shape: 'rectangle',
      color: 'primary',
      icon: 'tech:rabbitmq',
      style: {
        opacity: 15,
        size: 'md',
      },
      description: {
        md: 'Брокер сообщений: контроллеры теплиц публикуют телеметрию по MQTT (требования, calc_architecture).\r\nRabbitMQ с включённым MQTT-плагином: внешний MQTT для устройств, внутренние сервисы — подписчики AMQP.',
      },
      tags: [],
      technology: 'RabbitMQ (MQTT plugin)',
      kind: 'container',
      x: 92,
      y: 1179,
      width: 408,
      height: 180,
      labelBBox: {
        x: 46,
        y: 19,
        width: 346,
        height: 138,
      },
      navigateTo: null,
      links: null,
    },
    {
      id: 'greenhouse_system.cnt_gm_db',
      parent: 'greenhouse_system',
      level: 1,
      children: [],
      inEdges: [
        '81dllw',
      ],
      outEdges: [],
      title: 'CNT_GM_DB',
      modelRef: 'greenhouse_system.cnt_gm_db',
      shape: 'storage',
      color: 'primary',
      icon: 'tech:postgresql',
      style: {
        opacity: 15,
        size: 'md',
      },
      description: {
        txt: 'База данных для хранения справочников и метаданных',
      },
      tags: [],
      technology: 'PostgreSQL',
      kind: 'database',
      x: 1806,
      y: 1449,
      width: 324,
      height: 180,
      labelBBox: {
        x: 46,
        y: 46,
        width: 262,
        height: 84,
      },
      navigateTo: null,
      links: null,
    },
    {
      id: 'greenhouse_system.cnt_gm_identity_webapi',
      parent: 'greenhouse_system',
      level: 1,
      children: [],
      inEdges: [
        'c9u5gy',
        'le76kj',
      ],
      outEdges: [
        'c04fwk',
      ],
      title: 'CNT_GM_Identity_WebAPI',
      modelRef: 'greenhouse_system.cnt_gm_identity_webapi',
      shape: 'rectangle',
      color: 'primary',
      icon: 'tech:dotnet',
      style: {
        opacity: 15,
        size: 'md',
      },
      description: {
        txt: 'Сервис Identity WebApi',
      },
      tags: [],
      technology: 'OpenIddict, ASP.NET Core, .NET 10',
      kind: 'container',
      x: 2061,
      y: 751,
      width: 368,
      height: 180,
      labelBBox: {
        x: 46,
        y: 55,
        width: 306,
        height: 66,
      },
      navigateTo: null,
      links: null,
    },
    {
      id: 'greenhouse_system.cnt_gm_redis_db',
      parent: 'greenhouse_system',
      level: 1,
      children: [],
      inEdges: [
        '1roaeir',
        'x8na5u',
      ],
      outEdges: [],
      title: 'CNT_GM_Redis_DB',
      modelRef: 'greenhouse_system.cnt_gm_redis_db',
      shape: 'storage',
      color: 'primary',
      icon: 'tech:redis',
      style: {
        opacity: 15,
        size: 'md',
      },
      description: {
        txt: 'Кэш последних показаний датчиков (пишет SavingService по потоку с брокера); сессии; читает WebAPI',
      },
      tags: [],
      technology: 'Redis',
      kind: 'cache',
      x: 815,
      y: 1260,
      width: 378,
      height: 180,
      labelBBox: {
        x: 46,
        y: 37,
        width: 316,
        height: 102,
      },
      navigateTo: null,
      links: null,
    },
    {
      id: 'greenhouse_system.cnt_gm_timeseries_db',
      parent: 'greenhouse_system',
      level: 1,
      children: [],
      inEdges: [
        'qjdgp0',
        'dk9cid',
      ],
      outEdges: [],
      title: 'CNT_GM_Timeseries_DB',
      modelRef: 'greenhouse_system.cnt_gm_timeseries_db',
      shape: 'storage',
      color: 'primary',
      style: {
        opacity: 15,
        size: 'md',
      },
      description: {
        txt: 'БД для хранения и анализа данных с датчиков температуры, влажности и кислотности почвы',
      },
      tags: [],
      technology: 'ClickHouse',
      kind: 'database',
      x: 1271,
      y: 1450,
      width: 369,
      height: 180,
      labelBBox: {
        x: 18,
        y: 46,
        width: 333,
        height: 84,
      },
      navigateTo: null,
      links: null,
    },
    {
      id: 'greenhouse_system.cnt_gm_s3',
      parent: 'greenhouse_system',
      level: 1,
      children: [],
      inEdges: [
        '1m3u4vb',
      ],
      outEdges: [],
      title: 'CNT_GM_S3',
      modelRef: 'greenhouse_system.cnt_gm_s3',
      shape: 'rectangle',
      color: 'primary',
      icon: 'tech:aws-s3',
      style: {
        opacity: 15,
        size: 'md',
      },
      description: {
        txt: 'S3 хранилище для архива видео с камер',
      },
      tags: [],
      technology: 'MinIO',
      kind: 'container',
      x: 824,
      y: 992,
      width: 363,
      height: 180,
      labelBBox: {
        x: 46,
        y: 46,
        width: 302,
        height: 84,
      },
      navigateTo: null,
      links: null,
    },
    {
      id: 'greenhouse_system.cnt_gm_secrets',
      parent: 'greenhouse_system',
      level: 1,
      children: [],
      inEdges: [
        'mgrotj',
        '1fl4tcy',
        '19xqbck',
      ],
      outEdges: [],
      title: 'CNT_GM_Secrets',
      modelRef: 'greenhouse_system.cnt_gm_secrets',
      shape: 'rectangle',
      color: 'primary',
      icon: 'tech:hashicorp-vault',
      style: {
        opacity: 15,
        size: 'md',
      },
      description: {
        txt: 'Контейнер для хранения секретов',
      },
      tags: [],
      technology: 'HashiCorp Vault',
      kind: 'container',
      x: 819,
      y: 724,
      width: 370,
      height: 180,
      labelBBox: {
        x: 46,
        y: 55,
        width: 308,
        height: 66,
      },
      navigateTo: null,
      links: null,
    },
    {
      id: 'greenhouse_system.cnt_gm_identity_db',
      parent: 'greenhouse_system',
      level: 1,
      children: [],
      inEdges: [
        'c04fwk',
      ],
      outEdges: [],
      title: 'CNT_GM_Identity_DB',
      modelRef: 'greenhouse_system.cnt_gm_identity_db',
      shape: 'storage',
      color: 'primary',
      icon: 'tech:postgresql',
      style: {
        opacity: 15,
        size: 'md',
      },
      description: {
        txt: 'БД для хранения данных аутентификации и авторизации',
      },
      tags: [],
      technology: 'PostgreSQL',
      kind: 'database',
      x: 2077,
      y: 1025,
      width: 349,
      height: 180,
      labelBBox: {
        x: 47,
        y: 46,
        width: 287,
        height: 84,
      },
      navigateTo: null,
      links: null,
    },
    {
      id: 'cnt_greenhouse.cnt_video_camera',
      parent: 'cnt_greenhouse',
      level: 1,
      children: [],
      inEdges: [
        'wiguvt',
        'y1t7tb',
      ],
      outEdges: [],
      title: 'CNT_Video_Camera',
      modelRef: 'cnt_greenhouse.cnt_video_camera',
      shape: 'rectangle',
      color: 'slate',
      style: {
        opacity: 15,
        size: 'md',
      },
      description: {
        txt: 'Камера для сбора видеоданных',
      },
      tags: [],
      kind: 'video_camera',
      x: -511,
      y: 740,
      width: 320,
      height: 180,
      labelBBox: {
        x: 48,
        y: 64,
        width: 225,
        height: 47,
      },
      navigateTo: null,
      links: null,
    },
  ],
  edges: [
    {
      id: 'ihbfc0',
      source: 'employee',
      target: 'greenhouse_system.cnt_gm_web',
      label: 'Оперативный просмотр данных',
      points: [
        [
          920,
          180,
        ],
        [
          936,
          213,
        ],
        [
          955,
          251,
        ],
        [
          975,
          283,
        ],
        [
          987,
          304,
        ],
        [
          1002,
          324,
        ],
        [
          1017,
          344,
        ],
      ],
      labelBBox: {
        x: 976,
        y: 241,
        width: 206,
        height: 39,
      },
      parent: null,
      relations: [
        '1lsi0bj',
      ],
      color: 'gray',
      line: 'dashed',
      head: 'normal',
      technology: 'opens in browser',
      kind: 'https',
      controlPoints: null,
      navigateTo: null,
      tags: null,
    },
    {
      id: 'rj1b17',
      source: 'engineer',
      target: 'greenhouse_system.cnt_gm_web',
      label: 'Просмотр исторических данных',
      points: [
        [
          1268,
          180,
        ],
        [
          1249,
          213,
        ],
        [
          1227,
          250,
        ],
        [
          1206,
          283,
        ],
        [
          1194,
          303,
        ],
        [
          1181,
          324,
        ],
        [
          1168,
          344,
        ],
      ],
      labelBBox: {
        x: 1233,
        y: 241,
        width: 214,
        height: 39,
      },
      parent: null,
      relations: [
        'nj0js7',
      ],
      color: 'gray',
      line: 'dashed',
      head: 'normal',
      technology: 'opens in browser',
      kind: 'https',
      controlPoints: null,
      navigateTo: null,
      tags: null,
    },
    {
      id: '5r6i8g',
      source: 'greenhouse_system.cnt_gm_savingservice',
      target: 'greenhouse_system.cnt_gm_broker',
      label: 'Read data from sensor',
      points: [
        [
          3089,
          537,
        ],
        [
          3088,
          671,
        ],
        [
          3086,
          924,
        ],
        [
          3086,
          1064,
        ],
      ],
      labelBBox: {
        x: 295,
        y: 1420,
        width: 146,
        height: 38,
      },
      parent: 'greenhouse_system',
      relations: [
        '1elunji',
      ],
      color: 'gray',
      line: 'dashed',
      head: 'normal',
      technology: '5672/AMQP via TLS',
      controlPoints: [
        {
          x: 295,
          y: 1420,
        },
        {
          x: 295,
          y: 1400,
        },
      ],
      navigateTo: null,
      tags: null,
    },
    {
      id: '81dllw',
      source: 'greenhouse_system.cnt_gm_webapi',
      target: 'greenhouse_system.cnt_gm_db',
      label: 'Метаданные и справочники (CRUD)',
      points: [
        [
          688,
          885,
        ],
        [
          680,
          904,
        ],
        [
          673,
          925,
        ],
        [
          668,
          945,
        ],
        [
          660,
          983,
        ],
        [
          662,
          1026,
        ],
        [
          667,
          1063,
        ],
      ],
      labelBBox: {
        x: 1800,
        y: 1139,
        width: 237,
        height: 38,
      },
      parent: 'greenhouse_system',
      relations: [
        '1lxqufs',
      ],
      color: 'gray',
      line: 'dashed',
      head: 'normal',
      technology: '5432/TCP via TLS',
      controlPoints: [
        {
          x: 1800,
          y: 1139,
        },
        {
          x: 1843,
          y: 1242,
        },
      ],
      navigateTo: null,
      tags: null,
    },
    {
      id: 'c04fwk',
      source: 'greenhouse_system.cnt_gm_identity_webapi',
      target: 'greenhouse_system.cnt_gm_identity_db',
      label: 'Read, Write Data',
      points: [
        [
          232,
          1254,
        ],
        [
          232,
          1301,
        ],
        [
          232,
          1358,
        ],
        [
          232,
          1406,
        ],
      ],
      labelBBox: {
        x: 2248,
        y: 969,
        width: 115,
        height: 39,
      },
      parent: 'greenhouse_system',
      relations: [
        'qwhu9m',
      ],
      color: 'gray',
      line: 'dashed',
      head: 'normal',
      technology: '5432/TCP via TLS',
      controlPoints: [
        {
          x: 2248,
          y: 969,
        },
        {
          x: 2249,
          y: 987,
        },
      ],
      navigateTo: null,
      tags: null,
    },
    {
      id: 'c9u5gy',
      source: 'greenhouse_system.cnt_gm_identity_web',
      target: 'greenhouse_system.cnt_gm_identity_webapi',
      label: 'Read, Write Data',
      points: [
        [
          170,
          885,
        ],
        [
          156,
          903,
        ],
        [
          144,
          924,
        ],
        [
          136,
          945,
        ],
        [
          121,
          985,
        ],
        [
          134,
          1028,
        ],
        [
          154,
          1066,
        ],
      ],
      labelBBox: {
        x: 2246,
        y: 618,
        width: 111,
        height: 38,
      },
      parent: 'greenhouse_system',
      relations: [
        '1lvfhn0',
      ],
      color: 'gray',
      line: 'dashed',
      head: 'normal',
      technology: 'HTTPS',
      kind: 'https',
      controlPoints: [
        {
          x: 2246,
          y: 618,
        },
        {
          x: 2245,
          y: 663,
        },
      ],
      navigateTo: null,
      tags: null,
    },
    {
      id: '1ytvqw3',
      source: 'greenhouse_system.cnt_gm_web',
      target: 'greenhouse_system.cnt_gm_identity_web',
      label: 'Authentication',
      points: [
        [
          912,
          508,
        ],
        [
          832,
          534,
        ],
        [
          738,
          568,
        ],
        [
          655,
          602,
        ],
        [
          584,
          632,
        ],
        [
          507,
          668,
        ],
        [
          440,
          702,
        ],
      ],
      labelBBox: {
        x: 1605,
        y: 444,
        width: 107,
        height: 39,
      },
      parent: 'greenhouse_system',
      relations: [
        '1yiy331',
      ],
      color: 'gray',
      line: 'dashed',
      head: 'normal',
      technology: 'OpenID Connect',
      kind: 'https',
      controlPoints: [
        {
          x: 1605,
          y: 444,
        },
        {
          x: 1763,
          y: 443,
        },
      ],
      navigateTo: null,
      tags: null,
    },
    {
      id: 'le76kj',
      source: 'greenhouse_system.cnt_gm_webapi',
      target: 'greenhouse_system.cnt_gm_identity_webapi',
      label: 'Проверка access token',
      points: [
        [
          542,
          885,
        ],
        [
          510,
          903,
        ],
        [
          477,
          924,
        ],
        [
          447,
          945,
        ],
        [
          400,
          981,
        ],
        [
          353,
          1026,
        ],
        [
          315,
          1067,
        ],
      ],
      labelBBox: {
        x: 1945,
        y: 842,
        width: 187,
        height: 38,
      },
      parent: 'greenhouse_system',
      relations: [
        'rygxgc',
      ],
      color: 'gray',
      line: 'dashed',
      head: 'normal',
      technology: 'HTTPS, OIDC metadata, JWKS',
      kind: 'https',
      controlPoints: [
        {
          x: 1945,
          y: 842,
        },
        {
          x: 1984,
          y: 841,
        },
      ],
      navigateTo: null,
      tags: null,
    },
    {
      id: '1roaeir',
      source: 'greenhouse_system.cnt_gm_savingservice',
      target: 'greenhouse_system.cnt_gm_redis_db',
      label: 'Обновление кэша последних показаний \nдатчиков (онлайн)',
      points: [
        [
          2890,
          456,
        ],
        [
          2547,
          473,
        ],
        [
          1871,
          530,
        ],
        [
          1725,
          705,
        ],
        [
          1674,
          767,
        ],
        [
          1671,
          827,
        ],
        [
          1725,
          885,
        ],
        [
          1847,
          1016,
        ],
        [
          2405,
          814,
        ],
        [
          2526,
          945,
        ],
        [
          2544,
          965,
        ],
        [
          2545,
          986,
        ],
        [
          2526,
          1005,
        ],
        [
          2513,
          1018,
        ],
        [
          1890,
          1008,
        ],
        [
          1873,
          1013,
        ],
        [
          1832,
          1025,
        ],
        [
          1790,
          1046,
        ],
        [
          1754,
          1069,
        ],
      ],
      labelBBox: {
        x: 622,
        y: 1458,
        width: 265,
        height: 56,
      },
      parent: 'greenhouse_system',
      relations: [
        '1i22kfz',
      ],
      color: 'gray',
      line: 'dashed',
      head: 'normal',
      technology: '6379/TCP/RESP via TLS',
      controlPoints: [
        {
          x: 622,
          y: 1458,
        },
        {
          x: 686,
          y: 1440,
        },
      ],
      navigateTo: null,
      tags: null,
    },
    {
      id: 'x8na5u',
      source: 'greenhouse_system.cnt_gm_webapi',
      target: 'greenhouse_system.cnt_gm_redis_db',
      label: 'Чтение онлайн-показаний датчиков, сессии',
      points: [
        [
          926,
          868,
        ],
        [
          945,
          874,
        ],
        [
          963,
          880,
        ],
        [
          981,
          885,
        ],
        [
          1085,
          917,
        ],
        [
          1117,
          906,
        ],
        [
          1219,
          945,
        ],
        [
          1272,
          966,
        ],
        [
          1278,
          987,
        ],
        [
          1333,
          1005,
        ],
        [
          1355,
          1013,
        ],
        [
          1363,
          1005,
        ],
        [
          1385,
          1013,
        ],
        [
          1424,
          1027,
        ],
        [
          1463,
          1048,
        ],
        [
          1498,
          1070,
        ],
      ],
      labelBBox: {
        x: 1383,
        y: 1063,
        width: 297,
        height: 38,
      },
      parent: 'greenhouse_system',
      relations: [
        'v61xho',
      ],
      color: 'gray',
      line: 'dashed',
      head: 'normal',
      technology: '6379/TCP/RESP via TLS',
      kind: 'https',
      controlPoints: [
        {
          x: 1383,
          y: 1063,
        },
        {
          x: 1296,
          y: 1129,
        },
      ],
      navigateTo: null,
      tags: null,
    },
    {
      id: '1m3u4vb',
      source: 'greenhouse_system.cnt_gm_webrtcserver_history',
      target: 'greenhouse_system.cnt_gm_s3',
      label: 'Запись сегментов архива и чтение при \nвоспроизведении',
      points: [
        [
          2481,
          850,
        ],
        [
          2527,
          871,
        ],
        [
          2571,
          902,
        ],
        [
          2599,
          945,
        ],
        [
          2621,
          980,
        ],
        [
          2623,
          1024,
        ],
        [
          2617,
          1064,
        ],
      ],
      labelBBox: {
        x: 632,
        y: 1039,
        width: 265,
        height: 56,
      },
      parent: 'greenhouse_system',
      relations: [
        '107l7fd',
      ],
      color: 'gray',
      line: 'dashed',
      head: 'normal',
      technology: 'HTTPS, S3 API',
      controlPoints: [
        {
          x: 632,
          y: 1039,
        },
        {
          x: 696,
          y: 1047,
        },
      ],
      navigateTo: null,
      tags: null,
    },
    {
      id: 'qjdgp0',
      source: 'greenhouse_system.cnt_gm_savingservice',
      target: 'greenhouse_system.cnt_gm_timeseries_db',
      label: 'Сохранение телеметрии в архив',
      points: [
        [
          2969,
          537,
        ],
        [
          2919,
          581,
        ],
        [
          2867,
          640,
        ],
        [
          2840,
          705,
        ],
        [
          2810,
          779,
        ],
        [
          2806,
          813,
        ],
        [
          2840,
          885,
        ],
        [
          2858,
          923,
        ],
        [
          2895,
          907,
        ],
        [
          2913,
          945,
        ],
        [
          2924,
          969,
        ],
        [
          2932,
          986,
        ],
        [
          2913,
          1005,
        ],
        [
          2902,
          1016,
        ],
        [
          2367,
          1009,
        ],
        [
          2352,
          1013,
        ],
        [
          2311,
          1025,
        ],
        [
          2271,
          1046,
        ],
        [
          2235,
          1069,
        ],
      ],
      labelBBox: {
        x: 805,
        y: 1546,
        width: 218,
        height: 38,
      },
      parent: 'greenhouse_system',
      relations: [
        '1rg26t7',
      ],
      color: 'gray',
      line: 'dashed',
      head: 'normal',
      technology: '8123/TCP via TLS',
      controlPoints: [
        {
          x: 805,
          y: 1546,
        },
        {
          x: 960,
          y: 1545,
        },
      ],
      navigateTo: null,
      tags: null,
    },
    {
      id: 'mgrotj',
      source: 'greenhouse_system.cnt_gm_webapi',
      target: 'greenhouse_system.cnt_gm_secrets',
      label: 'Получение секретов сервиса',
      points: [
        [
          857,
          885,
        ],
        [
          881,
          904,
        ],
        [
          907,
          925,
        ],
        [
          930,
          945,
        ],
        [
          973,
          983,
        ],
        [
          1018,
          1028,
        ],
        [
          1056,
          1067,
        ],
      ],
      labelBBox: {
        x: 1365,
        y: 829,
        width: 198,
        height: 38,
      },
      parent: 'greenhouse_system',
      relations: [
        'nfnk2l',
      ],
      color: 'gray',
      line: 'dashed',
      head: 'normal',
      technology: 'HTTPS, Vault API',
      controlPoints: [
        {
          x: 1365,
          y: 829,
        },
        {
          x: 1306,
          y: 827,
        },
      ],
      navigateTo: null,
      tags: null,
    },
    {
      id: '1fl4tcy',
      source: 'greenhouse_system.cnt_gm_webrtcserver_history',
      target: 'greenhouse_system.cnt_gm_secrets',
      label: 'Получение секретов',
      points: [
        [
          2312,
          885,
        ],
        [
          2327,
          927,
        ],
        [
          2333,
          974,
        ],
        [
          2302,
          1005,
        ],
        [
          2293,
          1014,
        ],
        [
          1397,
          1010,
        ],
        [
          1385,
          1013,
        ],
        [
          1344,
          1025,
        ],
        [
          1303,
          1046,
        ],
        [
          1267,
          1069,
        ],
      ],
      labelBBox: {
        x: 629,
        y: 911,
        width: 173,
        height: 38,
      },
      parent: 'greenhouse_system',
      relations: [
        '1hqc1we',
      ],
      color: 'gray',
      line: 'dashed',
      head: 'normal',
      technology: 'HTTPS, Bearer access token',
      controlPoints: [
        {
          x: 629,
          y: 911,
        },
        {
          x: 693,
          y: 895,
        },
      ],
      navigateTo: null,
      tags: null,
    },
    {
      id: '19xqbck',
      source: 'greenhouse_system.cnt_gm_webrtcserver_only',
      target: 'greenhouse_system.cnt_gm_secrets',
      label: 'Получение секретов',
      points: [
        [
          1449,
          859,
        ],
        [
          1547,
          890,
        ],
        [
          1644,
          926,
        ],
        [
          1658,
          945,
        ],
        [
          1673,
          967,
        ],
        [
          1677,
          986,
        ],
        [
          1658,
          1005,
        ],
        [
          1647,
          1016,
        ],
        [
          1400,
          1009,
        ],
        [
          1385,
          1013,
        ],
        [
          1344,
          1026,
        ],
        [
          1304,
          1047,
        ],
        [
          1268,
          1069,
        ],
      ],
      labelBBox: {
        x: 619,
        y: 756,
        width: 173,
        height: 38,
      },
      parent: 'greenhouse_system',
      relations: [
        '1w7cn4b',
      ],
      color: 'gray',
      line: 'dashed',
      head: 'normal',
      technology: 'HTTPS, Bearer access token',
      controlPoints: [
        {
          x: 619,
          y: 756,
        },
        {
          x: 686,
          y: 766,
        },
      ],
      navigateTo: null,
      tags: null,
    },
    {
      id: 'dk9cid',
      source: 'greenhouse_system.cnt_gm_webapi',
      target: 'greenhouse_system.cnt_gm_timeseries_db',
      label: 'Поиск событий и архив телеметрии \n(GraphQL)',
      points: [
        [
          926,
          871,
        ],
        [
          945,
          877,
        ],
        [
          963,
          882,
        ],
        [
          981,
          885,
        ],
        [
          1175,
          926,
        ],
        [
          1689,
          868,
        ],
        [
          1872,
          945,
        ],
        [
          1934,
          972,
        ],
        [
          1991,
          1021,
        ],
        [
          2034,
          1066,
        ],
      ],
      labelBBox: {
        x: 1582,
        y: 1139,
        width: 237,
        height: 56,
      },
      parent: 'greenhouse_system',
      relations: [
        'ba35vs',
      ],
      color: 'gray',
      line: 'dashed',
      head: 'normal',
      technology: '8443/TCP via TLS',
      controlPoints: [
        {
          x: 1582,
          y: 1139,
        },
        {
          x: 1549,
          y: 1243,
        },
      ],
      navigateTo: null,
      tags: null,
    },
    {
      id: 'lezbqq',
      source: 'greenhouse_system.cnt_gm_web',
      target: 'greenhouse_system.cnt_gm_webapi',
      label: 'Read, Write Data',
      points: [
        [
          912,
          531,
        ],
        [
          879,
          551,
        ],
        [
          848,
          575,
        ],
        [
          822,
          602,
        ],
        [
          798,
          629,
        ],
        [
          779,
          663,
        ],
        [
          765,
          696,
        ],
      ],
      labelBBox: {
        x: 1361,
        y: 626,
        width: 217,
        height: 39,
      },
      parent: 'greenhouse_system',
      relations: [
        '1jx3uun',
      ],
      color: 'gray',
      line: 'dashed',
      head: 'normal',
      technology: 'HTTPS, WebSocket, GraphQL; Bearer access token',
      kind: 'https',
      controlPoints: [
        {
          x: 1361,
          y: 626,
        },
        {
          x: 1422,
          y: 668,
        },
      ],
      navigateTo: null,
      tags: null,
    },
    {
      id: '1mhgh1z',
      source: 'greenhouse_system.cnt_gm_web',
      target: 'greenhouse_system.cnt_gm_webrtcserver_history',
      label: 'Получение видеоконтента для истории',
      points: [
        [
          1290,
          505,
        ],
        [
          1494,
          565,
        ],
        [
          1819,
          662,
        ],
        [
          2037,
          727,
        ],
      ],
      labelBBox: {
        x: 744,
        y: 689,
        width: 265,
        height: 39,
      },
      parent: 'greenhouse_system',
      relations: [
        'sjzsp8',
      ],
      color: 'gray',
      line: 'dashed',
      head: 'normal',
      technology: 'WebSocket, MSE',
      controlPoints: [
        {
          x: 744,
          y: 689,
        },
        {
          x: 636,
          y: 763,
        },
      ],
      navigateTo: null,
      tags: null,
    },
    {
      id: 'y369q9',
      source: 'greenhouse_system.cnt_gm_web',
      target: 'greenhouse_system.cnt_gm_webrtcserver_only',
      label: 'Получение видеоконтента',
      points: [
        [
          1071,
          542,
        ],
        [
          1065,
          576,
        ],
        [
          1065,
          613,
        ],
        [
          1079,
          645,
        ],
        [
          1087,
          664,
        ],
        [
          1100,
          682,
        ],
        [
          1114,
          698,
        ],
      ],
      labelBBox: {
        x: 741,
        y: 559,
        width: 179,
        height: 39,
      },
      parent: 'greenhouse_system',
      relations: [
        '1i8bncr',
      ],
      color: 'gray',
      line: 'dashed',
      head: 'normal',
      technology: 'WebSocket, MSE',
      controlPoints: [
        {
          x: 741,
          y: 559,
        },
        {
          x: 656,
          y: 586,
        },
      ],
      navigateTo: null,
      tags: null,
    },
    {
      id: 'wiguvt',
      source: 'greenhouse_system.cnt_gm_webrtcserver_history',
      target: 'cnt_greenhouse.cnt_video_camera',
      label: 'Получение видеоконтента',
      points: [
        [
          2481,
          867,
        ],
        [
          2509,
          874,
        ],
        [
          2537,
          881,
        ],
        [
          2564,
          885,
        ],
        [
          3123,
          980,
        ],
        [
          3281,
          842,
        ],
        [
          3838,
          945,
        ],
        [
          3932,
          963,
        ],
        [
          3957,
          970,
        ],
        [
          4043,
          1013,
        ],
        [
          4074,
          1029,
        ],
        [
          4106,
          1049,
        ],
        [
          4135,
          1069,
        ],
      ],
      labelBBox: {
        x: -35,
        y: 914,
        width: 220,
        height: 38,
      },
      parent: null,
      relations: [
        '1h8hip2',
      ],
      color: 'gray',
      line: 'dashed',
      head: 'normal',
      technology: '554/TCP/RTSP, 5004,5005/UDP/RTC',
      controlPoints: [
        {
          x: -35,
          y: 914,
        },
        {
          x: -87,
          y: 900,
        },
      ],
      navigateTo: null,
      tags: null,
    },
    {
      id: 'y1t7tb',
      source: 'greenhouse_system.cnt_gm_webrtcserver_only',
      target: 'cnt_greenhouse.cnt_video_camera',
      label: 'Получение видеоконтента',
      points: [
        [
          1449,
          867,
        ],
        [
          1477,
          874,
        ],
        [
          1506,
          881,
        ],
        [
          1533,
          885,
        ],
        [
          2138,
          990,
        ],
        [
          2300,
          905,
        ],
        [
          2913,
          945,
        ],
        [
          3214,
          965,
        ],
        [
          3288,
          989,
        ],
        [
          3589,
          1005,
        ],
        [
          3614,
          1007,
        ],
        [
          4019,
          1005,
        ],
        [
          4043,
          1013,
        ],
        [
          4080,
          1025,
        ],
        [
          4117,
          1046,
        ],
        [
          4149,
          1069,
        ],
      ],
      labelBBox: {
        x: -33,
        y: 766,
        width: 220,
        height: 38,
      },
      parent: null,
      relations: [
        '18tpd69',
      ],
      color: 'gray',
      line: 'dashed',
      head: 'normal',
      technology: '554/TCP/RTSP, 5004,5005/UDP/RTC',
      controlPoints: [
        {
          x: -33,
          y: 766,
        },
        {
          x: -86,
          y: 777,
        },
      ],
      navigateTo: null,
      tags: null,
    },
    {
      id: 'bx5sih',
      source: 'cnt_greenhouse.cnt_digital_controller',
      target: 'greenhouse_system.cnt_gm_broker',
      label: 'Данные по температуре,\r\nвлажности и кислотности почвы',
      points: [
        [
          3619,
          1164,
        ],
        [
          3521,
          1164,
        ],
        [
          3401,
          1164,
        ],
        [
          3299,
          1164,
        ],
      ],
      labelBBox: {
        x: -61,
        y: 1276,
        width: 218,
        height: 56,
      },
      parent: null,
      relations: [
        'vu6av',
      ],
      color: 'gray',
      line: 'dashed',
      head: 'normal',
      technology: 'TLS/MQTT',
      controlPoints: [
        {
          x: -61,
          y: 1276,
        },
        {
          x: -10,
          y: 1275,
        },
      ],
      navigateTo: null,
      tags: null,
    },
  ],
  _layout: 'manual',
}
